******************************************************************************
                  TI ARM Linker PC v18.12.3                    
******************************************************************************
>> Linked Tue Dec 31 15:54:10 2019

OUTPUT FILE NAME:   <project_draft_07_newSemaphores.out>
ENTRY POINT SYMBOL: "_c_int00"  address: 00011ea5


MEMORY CONFIGURATION

         name            origin    length      used     unused   attr    fill
----------------------  --------  ---------  --------  --------  ----  --------
  FLASH                 00000000   00100000  00019ab2  000e654e  R  X
  SRAM                  20000000   00040000  00010e6a  0002f196  RW X


SEGMENT ALLOCATION MAP

run origin  load origin   length   init length attrs members
----------  ----------- ---------- ----------- ----- -------
00000000    00000000    00019ab8   00019ab8    r-x
  00000000    00000000    0000003c   0000003c    r-- .resetVecs
  00000040    00000040    00016c52   00016c52    r-x .text
  00016c94    00016c94    000028fc   000028fc    r-- .const
  00019590    00019590    00000528   00000528    r-- .cinit
20000000    20000000    00000360   00000000    rw-
  20000000    20000000    00000360   00000000    rw- .vecs
20000380    20000380    00010b10   00000000    rw-
  20000380    20000380    0000f87a   00000000    rw- .bss
  2000fbfc    2000fbfc    00000a90   00000000    rw- .data
  20010690    20010690    00000800   00000000    rw- .stack


SECTION ALLOCATION MAP

 output                                  attributes/
section   page    origin      length       input sections
--------  ----  ----------  ----------   ----------------
.text      0    00000040    00016c52     
                  00000040    00000c68     stk.aem4f : tcpin.oem4f (.text:TcpInput)
                  00000ca8    00000a4e     rtsv7M4_T_le_v4SPD16_eabi.lib : _printfi.c.obj (.text:__TI_printfi)
                  000016f6    00000002     hal_userled_stub.aem4f : llled.oem4f (.text:LED_TOGGLE)
                  000016f8    000008b8     stk.aem4f : tcpout.oem4f (.text:TcpOutput)
                  00001fb0    0000058c     rtsv7M4_T_le_v4SPD16_eabi.lib : e_powf.c.obj (.text:powf)
                  0000253c    00000004     stk.aem4f : bind.oem4f (.text:BindGetIF)
                  00002540    00000430     sysbios.aem4f : BIOS.obj (.text:ti_sysbios_family_arm_m3_Hwi_excDumpRegs__I)
                  00002970    00000408     stk.aem4f : ipout.oem4f (.text:IPTxPacket)
                  00002d78    00000384               : ipin.oem4f (.text:IPRxPacket)
                  000030fc    00000372     nettool_ipv4.aem4f : dnscomn.oem4f (.text:DNSResolveByName)
                  0000346e    00000002     stk.aem4f : nat.oem4f (.text:NatMsg)
                  00003470    0000035c     projct_07.obj (.text:httpTask)
                  000037cc    00000354     projct_07.obj (.text:BMP180_getPressure)
                  00003b20    0000034c     ti.targets.arm.rtsarm.aem4f : System.oem4f (.text:xdc_runtime_System_doPrint__I)
                  00003e6c    000002fe     nettool_ipv4.aem4f : dnscomn.oem4f (.text:DNSResolveByAddr)
                  0000416a    00000002     os.aem4f : task.oem4f (.text:_TaskInit)
                  0000416c    000002f8     nettool_ipv4.aem4f : inetaddr.oem4f (.text:getaddrinfo)
                  00004464    000002da                        : dnscomn.oem4f (.text:DNSResolveByNS)
                  0000473e    00000002     os.aem4f : task.oem4f (.text:_TaskShutdown)
                  00004740    00000284     stk.aem4f : sock.oem4f (.text:SockSet)
                  000049c4    00000270     rtsv7M4_T_le_v4SPD16_eabi.lib : _printfi.c.obj (.text:_pconv_a)
                  00004c34    0000024c     stk.aem4f : ipfrag.oem4f (.text:IPReasm)
                  00004e80    0000023c               : icmpin.oem4f (.text:ICMPInput)
                  000050bc    00000238               : udp.oem4f (.text:UdpInput)
                  000052f4    00000204     Boot.aem4f : Boot_sysctl.oem4f (.text:ti_catalog_arm_cortexm4_tiva_ce_Boot_sysCtlClockFreqSetI__I)
                  000054f8    000001f4     stk.aem4f : sock.oem4f (.text:SockRecv)
                  000056ec    00000004               : bind.oem4f (.text:BindGetNext)
                  000056f0    000001f4     sysbios.aem4f : BIOS.obj (.text:ti_sysbios_family_arm_m3_Hwi_excHandlerMax__I)
                  000058e4    000001d0     rtsv7M4_T_le_v4SPD16_eabi.lib : _printfi.c.obj (.text:_pconv_g)
                  00005ab4    000001b8     drivers_tivaware.aem4f : EMACSnow.oem4f (.text:EMACSnow_NIMUInit)
                  00005c6c    000001b6     rtsv7M4_T_le_v4SPD16_eabi.lib : fd_add_t2.asm.obj (.text)
                  00005e22    00000002     hal_ser_stub.aem4f : llserstb.oem4f (.text:_llSerialServiceCheck)
                  00005e24    000001b0     stk.aem4f : lliout.oem4f (.text:LLITxIpPacket)
                  00005fd4    000001ac               : lliin.oem4f (.text:LLIRxPacket)
                  00006180    0000019c     os.aem4f : mem.oem4f (.text:mmAlloc)
                  0000631c    0000019a     nettool_ipv4.aem4f : dnsclnt.oem4f (.text:DNSResolve)
                  000064b6    00000002     hal_ser_stub.aem4f : llserstb.oem4f (.text:_llSerialShutdown)
                  000064b8    00000198     stk.aem4f : igmp.oem4f (.text:IGMPInput)
                  00006650    00000198     nettool_ipv4.aem4f : ipaddr.oem4f (.text:NtGetPublicHost)
                  000067e8    00000190     stk.aem4f : sock.oem4f (.text:SockNew)
                  00006978    00000188     projct_07.obj (.text:BMP180_getPressureCalibration)
                  00006b00    00000174     netctrl_min_ipv4.aem4f : netctrl.oem4f (.text:NC_NetStart)
                  00006c74    00000004     http_ndk.aem4f : httpcli.oem4f (.text:HTTPCli_construct)
                  00006c78    00000174     sysbios.aem4f : BIOS.obj (.text:ti_sysbios_family_arm_m3_Hwi_excBusFault__I)
                  00006dec    00000170     stk.aem4f : rtc.oem4f (.text:RTCReport)
                  00006f5c    0000016c     nettool_ipv4.aem4f : dnscomn.oem4f (.text:DNSResolveExternal)
                  000070c8    0000016a     stk.aem4f : sb.oem4f (.text:SBRead)
                  00007232    00000006     driverlib.lib : emac.obj (.text:EMACRxDMADescriptorListSet)
                  00007238    00000164     sysbios.aem4f : BIOS.obj (.text:ti_sysbios_family_arm_m3_Hwi_excUsageFault__I)
                  0000739c    00000160     stk.aem4f : sock.oem4f (.text:SockConnect)
                  000074fc    00000158     nettool_ipv4.aem4f : dhcpmain.oem4f (.text:DHCPOpen)
                  00007654    00000150     drivers_tivaware.aem4f : GPIOTiva.oem4f (.text:GPIO_setConfig)
                  000077a4    00000004     driverlib.lib : i2c.obj (.text:I2CMasterControl)
                  000077a8    00000150     sysbios.aem4f : BIOS.obj (.text:ti_sysbios_knl_Task_Instance_finalize__E)
                  000078f8    00000148                   : BIOS.obj (.text:ti_sysbios_family_arm_m3_Hwi_excMemFault__I)
                  00007a40    00000144     stk.aem4f : bind.oem4f (.text:BindNew)
                  00007b84    00000140               : tcp.oem4f (.text:TcpTimeoutCheck)
                  00007cc4    0000013c     nettool_ipv4.aem4f : config.oem4f (.text:CfgAddEntry)
                  00007e00    0000013c     stk.aem4f : sockint.oem4f (.text:SockNotify)
                  00007f3c    0000013c               : sock.oem4f (.text:SockSend)
                  00008078    0000013c     rtsv7M4_T_le_v4SPD16_eabi.lib : _printfi.c.obj (.text:_pconv_e)
                  000081b4    00000004     driverlib.lib : i2c.obj (.text:I2CMasterDataGet)
                  000081b8    00000138     sysbios.aem4f : BIOS.obj (.text:ti_sysbios_knl_Semaphore_pend__E)
                  000082f0    00000136     nettool_ipv4.aem4f : dnspkt.oem4f (.text:DNSGetReply)
                  00008426    00000136     rtsv7M4_T_le_v4SPD16_eabi.lib : fd_div_t2.asm.obj (.text)
                  0000855c    00000134     stk.aem4f : icmp.oem4f (.text:ICMPGenPacket)
                  00008690    00000132     nettool_ipv4.aem4f : dnspkt.oem4f (.text:DNSReadRecord)
                  000087c2    00000130     driverlib.lib : gpio.obj (.text:GPIOPadConfigSet)
                  000088f2    00000002     hal_userled_stub.aem4f : llled.oem4f (.text:_llUserLedInit)
                  000088f4    0000012c     EK_TM4C1294XL.obj (.text:EK_TM4C1294XL_initEMAC)
                  00008a20    00000128     http_ndk.aem4f : httpcli.oem4f (.text:contentHandler)
                  00008b48    00000124     stk.aem4f : sockpcb.oem4f (.text:SockPcbResolve)
                  00008c6c    00000124               : udp.oem4f (.text:UdpOutput)
                  00008d90    00000124     rtsv7M4_T_le_v4SPD16_eabi.lib : _printfi.c.obj (.text:fcvt)
                  00008eb4    00000124     projct_07.obj (.text:sendData2Server)
                  00008fd8    00000120     project_07_pem4f.oem4f (.text:ti_ndk_config_Global_stackThread)
                  000090f8    00000118     http_ndk.aem4f : httpcli.oem4f (.text:HTTPCli_connect)
                  00009210    00000118     stk.aem4f : tcpout.oem4f (.text:TcpGenPacket)
                  00009328    00000118     projct_07.obj (.text:taskFxn)
                  00009440    00000118     ti.targets.arm.rtsarm.aem4f : Error.oem4f (.text:xdc_runtime_Error_policyDefault__E)
                  00009558    00000114     projct_07.obj (.text:BMP180_getTemperature)
                  0000966c    00000114     stk.aem4f : nimu.oem4f (.text:NIMUIoctl)
                  00009780    00000110               : node.oem4f (.text:NodeTreeFree)
                  00009890    00000110               : raw.oem4f (.text:RawInput)
                  000099a0    00000110     rtsv7M4_T_le_v4SPD16_eabi.lib : s_scalbn.c.obj (.text:scalbn)
                  00009ab0    00000110                                   : strtoul.c.obj (.text:strtoul)
                  00009bc0    0000010c     stk.aem4f : rtable.oem4f (.text:RtFind)
                  00009ccc    0000010a               : route.oem4f (.text:RtCreate)
                  00009dd6    00000002     hal_userled_stub.aem4f : llled.oem4f (.text:_llUserLedShutdown)
                  00009dd8    00000108     drivers_tivaware.aem4f : EMACSnow.oem4f (.text:EMACSnow_emacStart)
                  00009ee0    00000108     sysbios.aem4f : BIOS.obj (.text:ti_sysbios_family_arm_lm4_Timer_start__E)
                  00009fe8    00000106     http_ndk.aem4f : httpcli.oem4f (.text:HTTPCli_getResponseField)
                  0000a0ee    00000002     rtsv7M4_T_le_v4SPD16_eabi.lib : _lock.c.obj (.text:_nop)
                  0000a0f0    00000104     os.aem4f : task.oem4f (.text:llEnter)
                  0000a1f4    00000102     nettool_ipv4.aem4f : dhcppkt.oem4f (.text:dhcpPacketProcess)
                  0000a2f6    00000102                        : inetaddr.oem4f (.text:inet_aton)
                  0000a3f8    00000100     stk.aem4f : igmp.oem4f (.text:IGMPSendReply)
                  0000a4f8    00000100     ti.targets.arm.rtsarm.aem4f : Core-mem.oem4f (.text:xdc_runtime_Core_createObject__I)
                  0000a5f8    000000fc     netctrl_min_ipv4.aem4f : netctrl.oem4f (.text:NetScheduler)
                  0000a6f4    000000fc     rtsv7M4_T_le_v4SPD16_eabi.lib : fd_mul_t2.asm.obj (.text)
                  0000a7f0    000000f8     stk.aem4f : pipe.oem4f (.text:PipeRecv)
                  0000a8e8    000000f8     ti.targets.arm.rtsarm.aem4f : Startup.oem4f (.text:xdc_runtime_Startup_startMods__I)
                  0000a9e0    000000f8     project_07_pem4f.oem4f (.text:xdc_runtime_System_printfExtend__I)
                  0000aad8    000000f4     os.aem4f : task.oem4f (.text:TaskGetEnv)
                  0000abcc    000000f4     sysbios.aem4f : m3_Hwi_asm.obj (.text:ti_sysbios_family_arm_m3_Hwi_dispatch__I)
                  0000acc0    000000f4                   : BIOS.obj (.text:ti_sysbios_knl_Task_Instance_init__E)
                  0000adb4    000000f2     http_ndk.aem4f : httpcli.oem4f (.text:bufferedRecv)
                  0000aea6    00000002     hal_ser_stub.aem4f : llserstb.oem4f (.text:llSerialService)
                  0000aea8    000000f0     stk.aem4f : lliout.oem4f (.text:LLIGenArpPacket)
                  0000af98    000000f0               : sock.oem4f (.text:SockClose)
                  0000b088    000000ee     nettool_ipv4.aem4f : dnspkt.oem4f (.text:DNSWriteRecord)
                  0000b176    00000002     rtsv7M4_T_le_v4SPD16_eabi.lib : div0.asm.obj (.text)
                  0000b178    000000ec     http_ndk.aem4f : httpcli.oem4f (.text:redirect)
                  0000b264    00000004     driverlib.lib : i2c.obj (.text:I2CMasterDataPut)
                  0000b268    000000ec     sysbios.aem4f : BIOS.obj (.text:ti_sysbios_knl_Task_postInit__I)
                  0000b354    000000e8     os.aem4f : task.oem4f (.text:TaskSetEnv)
                  0000b43c    000000e6     nettool_ipv4.aem4f : dnspkt.oem4f (.text:DNSWriteName)
                  0000b522    00000002     project_07_pem4f.oem4f (.text:ti_ndk_config_Global_NetworkClose)
                  0000b524    000000e6     http_ndk.aem4f : httpcli.oem4f (.text:HTTPCli_initSockAddr)
                  0000b60a    00000002     project_07_pem4f.oem4f (.text:ti_ndk_config_Global_NetworkOpen)
                  0000b60c    000000e0     drivers_tivaware.aem4f : I2CTiva.oem4f (.text:I2CTiva_open)
                  0000b6ec    000000e0     stk.aem4f : tcptime.oem4f (.text:TcpTimeoutRexmt)
                  0000b7cc    000000dc               : sb.oem4f (.text:SBWrite)
                  0000b8a8    000000dc     nettool_ipv4.aem4f : dhcpsock.oem4f (.text:dhcpSocketOpen)
                  0000b984    000000dc                        : dhcpsm.oem4f (.text:dhcpState)
                  0000ba60    000000d8     stk.aem4f : node.oem4f (.text:NodeAdd)
                  0000bb38    000000d8               : tcpprot.oem4f (.text:TcpPrSetOption)
                  0000bc10    000000d6     drivers_tivaware.aem4f : I2CTiva.oem4f (.text:I2CTiva_hwiFxn)
                  0000bce6    00000002     project_07_pem4f.oem4f (.text:ti_sysbios_BIOS_nullFunc__I)
                  0000bce8    000000d4     drivers_tivaware.aem4f : EMACSnow.oem4f (.text:EMACSnow_handleRx)
                  0000bdbc    000000d4     stk.aem4f : sockpcb.oem4f (.text:SockPcbBind)
                  0000be90    000000d4     sysbios.aem4f : BIOS.obj (.text:ti_sysbios_heaps_HeapMem_alloc__E)
                  0000bf64    000000d1     stk.aem4f : nimu.oem4f (.text:NIMUReceivePacket)
                  0000c035    00000001     --HOLE-- [fill = 0]
                  0000c036    00000002     project_07_pem4f.oem4f (.text:xdc_runtime_Startup_reset__I)
                  0000c038    000000d0     rtsv7M4_T_le_v4SPD16_eabi.lib : s_scalbnf.c.obj (.text:scalbnf)
                  0000c108    000000cc     stk.aem4f : icmp.oem4f (.text:ICMPSendRtAdv)
                  0000c1d4    000000cc     nettool_ipv4.aem4f : dhcpbild.oem4f (.text:dhcpBuildHeader)
                  0000c2a0    000000cc                        : dhcpsm.oem4f (.text:dhcpIPAdd)
                  0000c36c    000000cc                        : dhcppkt.oem4f (.text:dhcpVerifyMessage)
                  0000c438    000000cc     ti.targets.arm.rtsarm.aem4f : Core-smem.oem4f (.text:xdc_runtime_Core_constructObject__I)
                  0000c504    000000c8     stk.aem4f : rawethsock.oem4f (.text:RawEthSockNew)
                  0000c5cc    000000c8     netctrl_min_ipv4.aem4f : netsrv.oem4f (.text:SPIpNet)
                  0000c694    000000c8     projct_07.obj (.text:netIPAddrHook)
                  0000c75c    00000004     os.aem4f : ossys.oem4f (.text:NDK_vsprintf)
                  0000c760    000000c8     sysbios.aem4f : BIOS.obj (.text:ti_sysbios_knl_Task_sleep__E)
                  0000c828    000000c4     drivers_tivaware.aem4f : EMACSnow.oem4f (.text:EMACSnow_InitDMADescriptors)
                  0000c8ec    000000c4     stk.aem4f : igmp.oem4f (.text:IGMPJoinHostGroup)
                  0000c9b0    000000c4     nettool_ipv4.aem4f : dhcpsm.oem4f (.text:StateBound)
                  0000ca74    000000c4     http_ndk.aem4f : httpcli.oem4f (.text:getChunkedData)
                  0000cb38    000000c2     nettool_ipv4.aem4f : dnspkt.oem4f (.text:DNSReadName)
                  0000cbfa    00000002     --HOLE-- [fill = 0]
                  0000cbfc    000000be                        : dnsclnt.oem4f (.text:DNSGetHostByName)
                  0000ccba    000000bc     stk.aem4f : sockpcb.oem4f (.text:SockPcbFind)
                  0000cd76    00000002     --HOLE-- [fill = 0]
                  0000cd78    000000bc               : vlan.oem4f (.text:VLANDeinit)
                  0000ce34    00000004               : node.oem4f (.text:NodeSetRt)
                  0000ce38    000000bc     sysbios.aem4f : BIOS.obj (.text:ti_sysbios_family_arm_m3_Hwi_excDebugMon__I)
                  0000cef4    00000004     stk.aem4f : rawethsock_prot.oem4f (.text:RawEthSockPrAttach)
                  0000cef8    000000bc     sysbios.aem4f : BIOS.obj (.text:ti_sysbios_family_arm_m3_Hwi_excHardFault__I)
                  0000cfb4    00000004     stk.aem4f : rawethsock_prot.oem4f (.text:RawEthSockPrDetach)
                  0000cfb8    000000bc     sysbios.aem4f : BIOS.obj (.text:ti_sysbios_knl_Task_exit__E)
                  0000d074    000000b8     EK_TM4C1294XL.obj (.text:EK_TM4C1294XL_initGeneral)
                  0000d12c    000000b8     stk.aem4f : icmpin.oem4f (.text:ICMPRevSrcRoute)
                  0000d1e4    000000b8               : lli.oem4f (.text:_LLITimeoutCheck)
                  0000d29c    000000b4               : tcptime.oem4f (.text:TcpTimeoutKeep)
                  0000d350    000000b4     http_ndk.aem4f : httpcli.oem4f (.text:getStatus)
                  0000d404    00000004     os.aem4f : semaphore.oem4f (.text:SemPend)
                  0000d408    000000b4     sysbios.aem4f : BIOS.obj (.text:ti_sysbios_knl_Task_checkStacks__E)
                  0000d4bc    000000b1     rtsv7M4_T_le_v4SPD16_eabi.lib : _printfi.c.obj (.text:_ltostr)
                  0000d56d    00000003     --HOLE-- [fill = 0]
                  0000d570    000000b1     nettool_ipv4.aem4f : inetaddr.oem4f (.text:createAddrInfo)
                  0000d621    00000001     --HOLE-- [fill = 0]
                  0000d622    000000b0     stk.aem4f : rawethsock.oem4f (.text:RawEthSockSet)
                  0000d6d2    00000002     --HOLE-- [fill = 0]
                  0000d6d4    000000ac               : rtable.oem4f (.text:RtTimeoutCheck)
                  0000d780    000000ac     http_ndk.aem4f : httpcli.oem4f (.text:httpProxyTunnel)
                  0000d82c    00000004     os.aem4f : semaphore.oem4f (.text:SemPost)
                  0000d830    000000ac     sysbios.aem4f : BIOS.obj (.text:ti_sysbios_family_arm_lm4_Timer_enableTiva__I)
                  0000d8dc    000000aa     network_ndk.aem4f : ssock.oem4f (.text:Ssock_send)
                  0000d986    00000002     --HOLE-- [fill = 0]
                  0000d988    000000a8     stk.aem4f : sockint.oem4f (.text:SockCreatePacket)
                  0000da30    000000a4     sysbios.aem4f : BIOS.obj (.text:ti_sysbios_knl_Task_setPri__E)
                  0000dad4    000000a2     projct_07.obj (.text:main)
                  0000db76    00000002     --HOLE-- [fill = 0]
                  0000db78    000000a0     stk.aem4f : ip.oem4f (.text:IPGetRoute)
                  0000dc18    000000a0     auto_init.aem4f : auto_init.oem4f (.text)
                  0000dcb8    000000a0     ti.targets.arm.rtsarm.aem4f : Text.oem4f (.text:xdc_runtime_Text_putMod__E)
                  0000dd58    0000009e     stk.aem4f : nimu.oem4f (.text:NIMUAddEthernetHeader)
                  0000ddf6    0000009e     nettool_ipv4.aem4f : dhcpbild.oem4f (.text:dhcpBuildRequest)
                  0000de94    0000009c     stk.aem4f : exec.oem4f (.text:ExecOpen)
                  0000df30    0000009c     rtsv7M4_T_le_v4SPD16_eabi.lib : memcpy_t2.asm.obj (.text)
                  0000dfcc    0000009a     ti.targets.arm.rtsarm.aem4f : Text.oem4f (.text:xdc_runtime_Text_putSite__E)
                  0000e066    00000002     --HOLE-- [fill = 0]
                  0000e068    00000098     netctrl_min_ipv4.aem4f : netctrl.oem4f (.text:NC_SystemOpen)
                  0000e100    00000098                            : netsrv.oem4f (.text:ServiceScan)
                  0000e198    00000098     projct_07.obj (.text:bmpTask)
                  0000e230    00000098     Boot.aem4f : Boot.oem4f (.text:ti_catalog_arm_cortexm4_tiva_ce_Boot_sysCtlClockFreqSet__E)
                  0000e2c8    00000098     sysbios.aem4f : BIOS.obj (.text:ti_sysbios_knl_Task_schedule__I)
                  0000e360    00000096     rtsv7M4_T_le_v4SPD16_eabi.lib : ull_div_t2.asm.obj (.text)
                  0000e3f6    00000002     --HOLE-- [fill = 0]
                  0000e3f8    00000094     nettool_ipv4.aem4f : config.oem4f (.text:CfgRemoveEntry)
                  0000e48c    00000004     os.aem4f : semaphore.oem4f (.text:SemReset)
                  0000e490    00000094     sysbios.aem4f : BIOS.obj (.text:ti_sysbios_family_arm_m3_Hwi_Instance_init__E)
                  0000e524    00000004     network_ndk.aem4f : ssock.oem4f (.text:Ssock_getSocket)
                  0000e528    00000094     sysbios.aem4f : BIOS.obj (.text:ti_sysbios_family_arm_m3_Hwi_initNVIC__E)
                  0000e5bc    00000090     nettool_ipv4.aem4f : config.oem4f (.text:CfgExecute)
                  0000e64c    00000090     stk.aem4f : igmp.oem4f (.text:IGMPMsg)
                  0000e6dc    00000090     os.aem4f : mem.oem4f (.text:mmBulkAlloc)
                  0000e76c    00000090     http_ndk.aem4f : httpcli.oem4f (.text:readLine)
                  0000e7fc    00000004     os.aem4f : task.oem4f (.text:TaskSelf)
                  0000e800    00000090     sysbios.aem4f : BIOS.obj (.text:ti_sysbios_knl_Task_Module_startup__E)
                  0000e890    00000090                   : BIOS.obj (.text:ti_sysbios_knl_Task_startCore__E)
                  0000e920    0000008c     nettool_ipv4.aem4f : dnscomn.oem4f (.text:DNSResolveQuery)
                  0000e9ac    0000008c     drivers_tivaware.aem4f : GPIOTiva.oem4f (.text:GPIO_init)
                  0000ea38    0000008c     stk.aem4f : ip.oem4f (.text:IPMsg)
                  0000eac4    0000008c     os.aem4f : mem.oem4f (.text:_mmInit)
                  0000eb50    0000008c              : mem.oem4f (.text:mmInitPage)
                  0000ebdc    0000008c     sysbios.aem4f : m3_TaskSupport_asm.obj (.text:ti_sysbios_family_arm_m3_TaskSupport_buildTaskStack)
                  0000ec68    0000008a     netctrl_min_ipv4.aem4f : netsrv.oem4f (.text:SPRoute)
                  0000ecf2    00000002     --HOLE-- [fill = 0]
                  0000ecf4    00000088                            : netsrv.oem4f (.text:ServiceSpawn)
                  0000ed7c    00000088     stk.aem4f : sockpcb.oem4f (.text:SockPcbCtlError)
                  0000ee04    00000087     project_07_pem4f.oem4f (.text:ti_ndk_config_Global_NetworkIPAddr)
                  0000ee8b    00000001     --HOLE-- [fill = 0]
                  0000ee8c    00000086     nettool_ipv4.aem4f : dhcpsm.oem4f (.text:StateRequesting)
                  0000ef12    00000086     rtsv7M4_T_le_v4SPD16_eabi.lib : fd_cmp_t2.asm.obj (.text:__aeabi_cdcmple)
                  0000ef98    00000086                                   : fd_cmp_t2.asm.obj (.text:__aeabi_cdrcmple)
                  0000f01e    00000002     --HOLE-- [fill = 0]
                  0000f020    00000084     nettool_ipv4.aem4f : config.oem4f (.text:CfgGetEntry)
                  0000f0a4    00000084     drivers_tivaware.aem4f : EMACSnow.oem4f (.text:EMACSnow_processPhyInterrupt)
                  0000f128    00000084     stk.aem4f : tcpprot.oem4f (.text:TcpPrAttach)
                  0000f1ac    00000084     os.aem4f : mem.oem4f (.text:mmBulkFree)
                  0000f230    00000084              : mem.oem4f (.text:mmFree)
                  0000f2b4    00000004              : task.oem4f (.text:TaskSetPri)
                  0000f2b8    00000084     sysbios.aem4f : BIOS.obj (.text:ti_sysbios_family_arm_m3_Hwi_postInit__I)
                  0000f33c    00000082     nettool_ipv4.aem4f : dhcpsm.oem4f (.text:StateRenewRebind)
                  0000f3be    00000002     --HOLE-- [fill = 0]
                  0000f3c0    00000080     drivers_tivaware.aem4f : EMACSnow.oem4f (.text:EMACSnow_emacStop)
                  0000f440    00000080                            : EMACSnow.oem4f (.text:EMACSnow_processPendingTx)
                  0000f4c0    00000080     stk.aem4f : lli.oem4f (.text:LLINew)
                  0000f540    00000080     netctrl_min_ipv4.aem4f : netsrv.oem4f (.text:NS_BootTask)
                  0000f5c0    00000080     stk.aem4f : pbm.oem4f (.text:PBM_alloc)
                  0000f640    00000080               : raw.oem4f (.text:RawOutput)
                  0000f6c0    0000007e     drivers_tivaware.aem4f : I2CTiva.oem4f (.text:I2CTiva_transfer)
                  0000f73e    0000007e     stk.aem4f : fileuser.oem4f (.text:fdClose)
                  0000f7bc    0000007c     nettool_ipv4.aem4f : config.oem4f (.text:CfgGetNextEntry)
                  0000f838    0000007c     drivers_tivaware.aem4f : EMACSnow.oem4f (.text:EMACSnow_hwiIntFxn)
                  0000f8b4    0000007c     stk.aem4f : igmp.oem4f (.text:IGMPDoMCast)
                  0000f930    0000007c               : igmp.oem4f (.text:IGMPJoin)
                  0000f9ac    0000007c               : socket.oem4f (.text:NDK_setsockopt)
                  0000fa28    0000007c               : nimu.oem4f (.text:NIMURegister)
                  0000faa4    0000007c               : pbm.oem4f (.text:PBM_free)
                  0000fb20    0000007c     nettool_ipv4.aem4f : inetaddr.oem4f (.text:inet_pton)
                  0000fb9c    00000004     hal_ser_stub.aem4f : llserstb.oem4f (.text:_llSerialInit)
                  0000fba0    0000007c     sysbios.aem4f : BIOS.obj (.text:ti_sysbios_heaps_HeapMem_free__E)
                  0000fc1c    0000007a     rtsv7M4_T_le_v4SPD16_eabi.lib : memset_t2.asm.obj (.text)
                  0000fc96    00000002     --HOLE-- [fill = 0]
                  0000fc98    00000078     driverlib.lib : emac.obj (.text:EMACInit)
                  0000fd10    00000078     stk.aem4f : socket.oem4f (.text:NDK_sendto)
                  0000fd88    00000078               : tcptime.oem4f (.text:TcpXmitTimer)
                  0000fe00    00000078               : fileuser.oem4f (.text:fdOpenSession)
                  0000fe78    00000078     os.aem4f : task.oem4f (.text:llExit)
                  0000fef0    00000076     stk.aem4f : pipe.oem4f (.text:PipeSend)
                  0000ff66    00000002     --HOLE-- [fill = 0]
                  0000ff68    00000075               : tcptime.oem4f (.text:TcpTimeoutSackRexmt)
                  0000ffdd    00000003     --HOLE-- [fill = 0]
                  0000ffe0    00000074               : igmp.oem4f (.text:IGMPLeaveHostGroup)
                  00010054    00000074               : nimu.oem4f (.text:NIMUShutdown)
                  000100c8    00000074               : raweth.oem4f (.text:RawEthRxPacket)
                  0001013c    00000074               : sockpcb.oem4f (.text:SockPcbConnect)
                  000101b0    00000074     nettool_ipv4.aem4f : inetaddr.oem4f (.text:setAddrInfo)
                  00010224    00000072     os.aem4f : semaphore.oem4f (.text:SemCreateBinary)
                  00010296    00000002     --HOLE-- [fill = 0]
                  00010298    00000070     http_ndk.aem4f : httpcli.oem4f (.text:HTTPCli_sendRequest)
                  00010308    00000070     stk.aem4f : socket.oem4f (.text:NDK_send)
                  00010378    00000070               : rtable.oem4f (.text:RtFlush)
                  000103e8    00000070     netctrl_min_ipv4.aem4f : netsrv.oem4f (.text:SPConfig)
                  00010458    00000070     stk.aem4f : sock.oem4f (.text:SockShutdown)
                  000104c8    00000070     nettool_ipv4.aem4f : dhcptags.oem4f (.text:dhcpDecodeType)
                  00010538    00000070     sysbios.aem4f : BIOS.obj (.text:ti_sysbios_knl_Clock_workFunc__E)
                  000105a8    0000006e     stk.aem4f : socket.oem4f (.text:NDK_recv)
                  00010616    00000002     --HOLE-- [fill = 0]
                  00010618    0000006e               : rtable.oem4f (.text:RtWalkNext)
                  00010686    0000006e               : sockpcb.oem4f (.text:SockPcbFindRaw)
                  000106f4    0000006e     rtsv7M4_T_le_v4SPD16_eabi.lib : _printfi.c.obj (.text:_mcpy)
                  00010762    00000002     --HOLE-- [fill = 0]
                  00010764    0000006d     stk.aem4f : node.oem4f (.text:NodeNew)
                  000107d1    00000003     --HOLE-- [fill = 0]
                  000107d4    0000006d     ti.targets.arm.rtsarm.aem4f : System.oem4f (.text:xdc_runtime_System_formatNum__I)
                  00010841    00000003     --HOLE-- [fill = 0]
                  00010844    0000006c     os.aem4f : ossys.oem4f (.text:DbgPrintf)
                  000108b0    0000006c     stk.aem4f : node.oem4f (.text:NodeTreeNew)
                  0001091c    0000006c               : raweth.oem4f (.text:RawEthTxPacket)
                  00010988    0000006c               : udp.oem4f (.text:UdpChecksum)
                  000109f4    0000006c     http_ndk.aem4f : httpcli.oem4f (.text:checkContentField)
                  00010a60    0000006c     project_07_pem4f.oem4f (.text:ti_ndk_config_ip_init)
                  00010acc    00000004     rtsv7M4_T_le_v4SPD16_eabi.lib : exit.c.obj (.text:abort:abort)
                  00010ad0    0000006c     sysbios.aem4f : BIOS.obj (.text:ti_sysbios_knl_Swi_restoreHwi__E)
                  00010b3c    0000006c     ti.targets.arm.rtsarm.aem4f : Error.oem4f (.text:xdc_runtime_Error_print__E)
                  00010ba8    0000006c                                 : Memory.oem4f (.text:xdc_runtime_Memory_alloc__E)
                  00010c14    0000006a     stk.aem4f : tcpprot.oem4f (.text:TcpPrInherit)
                  00010c7e    00000002     --HOLE-- [fill = 0]
                  00010c80    00000068     EK_TM4C1294XL.obj (.text:EK_TM4C1294XL_initI2C)
                  00010ce8    00000068     stk.aem4f : socket.oem4f (.text:NDK_socket)
                  00010d50    00000068               : pbm.oem4f (.text:PBM_open)
                  00010db8    00000068               : rtable.oem4f (.text:_RtNodeInsert)
                  00010e20    00000068     rtsv7M4_T_le_v4SPD16_eabi.lib : copy_decompress_lzss.c.obj (.text:decompress:lzss:__TI_decompress_lzss)
                  00010e88    00000066     ti.targets.arm.rtsarm.aem4f : Core-mem.oem4f (.text:xdc_runtime_Core_deleteObject__I)
                  00010eee    00000002     --HOLE-- [fill = 0]
                  00010ef0    00000064     nettool_ipv4.aem4f : config.oem4f (.text:CfgFree)
                  00010f54    00000064     drivers_tivaware.aem4f : GPIOTiva.oem4f (.text:GPIO_hwiIntFxn)
                  00010fb8    00000064     stk.aem4f : pbm.oem4f (.text:PBMQ_enq)
                  0001101c    00000064               : sockint.oem4f (.text:SockSpawnAbort)
                  00011080    00000064     rtsv7M4_T_le_v4SPD16_eabi.lib : s_frexp.c.obj (.text:frexp)
                  000110e4    00000064     hal_timer_bios.aem4f : lltimer.oem4f (.text:llTimerTick)
                  00011148    00000064     sysbios.aem4f : BIOS.obj (.text:ti_sysbios_family_arm_lm4_Timer_Module_startup__E)
                  000111ac    00000064     project_07_pem4f.oem4f (.text:ti_sysbios_family_arm_m3_Hwi_create)
                  00011210    00000064     sysbios.aem4f : BIOS.obj (.text:ti_sysbios_family_arm_m3_Hwi_dispatchC__I)
                  00011274    00000004     stk.aem4f : listlib.oem4f (.text:list_get_head)
                  00011278    00000064     sysbios.aem4f : BIOS.obj (.text:ti_sysbios_knl_Semaphore_post__E)
                  000112dc    00000064     stk.aem4f : lliin.oem4f (.text:updateRtTable)
                  00011340    00000062     drivers_tivaware.aem4f : I2CTiva.oem4f (.text:I2CTiva_primeTransfer)
                  000113a2    00000062     stk.aem4f : ipin.oem4f (.text:IPRouteIP)
                  00011404    00000062               : sb.oem4f (.text:SBNew)
                  00011466    00000002     --HOLE-- [fill = 0]
                  00011468    00000060     projct_07.obj (.text:BMP180_startPressureAcquisition)
                  000114c8    00000060     projct_07.obj (.text:BMP180_startTemperatureAcquisition)
                  00011528    00000060     nettool_ipv4.aem4f : config.oem4f (.text:CfgGetEntryCnt)
                  00011588    00000060     stk.aem4f : file.oem4f (.text:FdWaitEvent)
                  000115e8    00000060               : nimu.oem4f (.text:NIMUUnregister)
                  00011648    00000060               : node.oem4f (.text:NodeFind)
                  000116a8    00000060               : rtc.oem4f (.text:RTCMsg)
                  00011708    00000060               : tcp.oem4f (.text:TcpChecksum)
                  00011768    00000060     nettool_ipv4.aem4f : dhcptags.oem4f (.text:dhcpBuildOptions)
                  000117c8    00000060     project_07_pem4f.oem4f (.text:ti_ndk_config_Global_serviceReport)
                  00011828    0000005e     stk.aem4f : route.oem4f (.text:RtRemove)
                  00011886    0000005e     nettool_ipv4.aem4f : dhcpsm.oem4f (.text:StateSelecting)
                  000118e4    0000005e     stk.aem4f : vlan.oem4f (.text:VLANReceivePacket)
                  00011942    00000002     --HOLE-- [fill = 0]
                  00011944    0000005c     nettool_ipv4.aem4f : config.oem4f (.text:CfgSetExecuteOrder)
                  000119a0    0000005c     stk.aem4f : nimu.oem4f (.text:NIMUIoctlSpecialCmd)
                  000119fc    0000005c     netctrl_min_ipv4.aem4f : netsrv.oem4f (.text:SPService)
                  00011a58    0000005c     project_07_pem4f.oem4f (.text:ti_sysbios_knl_Swi_create)
                  00011ab4    00000004     stk.aem4f : listlib.oem4f (.text:list_get_next)
                  00011ab8    0000005c     sysbios.aem4f : BIOS.obj (.text:ti_sysbios_knl_Swi_run__I)
                  00011b14    00000004     http_ndk.aem4f : httpcli.oem4f (.text:threadExit)
                  00011b18    0000005c     sysbios.aem4f : BIOS.obj (.text:ti_sysbios_knl_Swi_schedule__I)
                  00011b74    0000005c     project_07_pem4f.oem4f (.text:ti_sysbios_knl_Task_create)
                  00011bd0    0000005c     sysbios.aem4f : BIOS.obj (.text:ti_sysbios_knl_Task_unblockI__E)
                  00011c2c    0000005b     ti.targets.arm.rtsarm.aem4f : Text.oem4f (.text:xdc_runtime_Text_putLab__E)
                  00011c87    00000001     --HOLE-- [fill = 0]
                  00011c88    0000005a     stk.aem4f : route.oem4f (.text:RtRedirect)
                  00011ce2    0000005a               : tcpprot.oem4f (.text:TcpValidateMetrics)
                  00011d3c    0000005a     nettool_ipv4.aem4f : dhcpbild.oem4f (.text:dhcpBuildDecline)
                  00011d96    0000005a     os.aem4f : mem.oem4f (.text:mmCopy)
                  00011df0    0000005a     project_07_pem4f.oem4f (.text:ti_ndk_config_tcp_init)
                  00011e4a    00000002     --HOLE-- [fill = 0]
                  00011e4c    00000058     stk.aem4f : bind.oem4f (.text:BindFree)
                  00011ea4    00000058     boot.aem4f : boot.oem4f (.text)
                  00011efc    00000058     driverlib.lib : emac.obj (.text:EMACPHYConfigSet)
                  00011f54    00000058     rtsv7M4_T_le_v4SPD16_eabi.lib : hostwrite.c.obj (.text:HOSTwrite)
                  00011fac    00000058     stk.aem4f : igmp.oem4f (.text:IGMPTimer)
                  00012004    00000058     os.aem4f : semaphore.oem4f (.text:SemCreate)
                  0001205c    00000058     project_07_pem4f.oem4f (.text:ti_sysbios_family_arm_m3_Hwi_construct)
                  000120b4    00000058     sysbios.aem4f : m3_Hwi_asm_switch.obj (.text:ti_sysbios_family_arm_m3_Hwi_initStacks__E)
                  0001210c    00000056     driverlib.lib : gpio.obj (.text:GPIOIntTypeSet)
                  00012162    00000056     rtsv7M4_T_le_v4SPD16_eabi.lib : _printfi.c.obj (.text:_pconv_f)
                  000121b8    00000056     http_ndk.aem4f : httpcli.oem4f (.text:sprsend)
                  0001220e    00000002     --HOLE-- [fill = 0]
                  00012210    00000054     nettool_ipv4.aem4f : config.oem4f (.text:CfgEntryDeRef)
                  00012264    00000054     http_ndk.aem4f : httpcli.oem4f (.text:HTTPCli_sendField)
                  000122b8    00000054     stk.aem4f : igmp.oem4f (.text:IGMPLeave)
                  0001230c    00000054               : rawethsock_pcb.oem4f (.text:RawEthSockPcbAttach)
                  00012360    00000054               : sockpcb.oem4f (.text:SockCleanPcb)
                  000123b4    00000054               : tcptime.oem4f (.text:TcpTimeoutPersist)
                  00012408    00000054     http_ndk.aem4f : httpcli.oem4f (.text:asyncThread)
                  0001245c    00000054     rtsv7M4_T_le_v4SPD16_eabi.lib : ltoa.c.obj (.text:ltoa)
                  000124b0    00000054     sysbios.aem4f : BIOS.obj (.text:ti_sysbios_family_arm_lm4_Timer_initDevice__I)
                  00012504    00000004     project_07_pem4f.oem4f (.text:ti_sysbios_BIOS_RtsGateProxy_enter__E)
                  00012508    00000054     sysbios.aem4f : BIOS.obj (.text:ti_sysbios_knl_Swi_Instance_init__E)
                  0001255c    00000054     ti.targets.arm.rtsarm.aem4f : Assert.oem4f (.text:xdc_runtime_Assert_raise__I)
                  000125b0    00000052     nettool_ipv4.aem4f : dnscomn.oem4f (.text:DNSReplyFree)
                  00012602    00000052     stk.aem4f : tcpprot.oem4f (.text:TcpPrDetach)
                  00012654    00000052     rtsv7M4_T_le_v4SPD16_eabi.lib : _printfi.c.obj (.text:_ecpy)
                  000126a6    00000002     --HOLE-- [fill = 0]
                  000126a8    00000050     drivers_tivaware.aem4f : GPIOTiva.oem4f (.text:GPIO_setCallback)
                  000126f8    00000050                            : GPIOTiva.oem4f (.text:GPIO_write)
                  00012748    00000050     stk.aem4f : socket.oem4f (.text:NDK_bind)
                  00012798    00000050               : socket.oem4f (.text:NDK_connect)
                  000127e8    00000050               : route.oem4f (.text:RtNew)
                  00012838    00000050     driverlib.lib : sysctl.obj (.text:SysCtlPeripheralReset)
                  00012888    00000050     Boot.aem4f : Boot_sysctl.oem4f (.text:_SysCtlFrequencyGet)
                  000128d8    00000050     projct_07.obj (.text:socketTask)
                  00012928    00000050     sysbios.aem4f : BIOS.obj (.text:ti_sysbios_family_arm_m3_Hwi_Module_startup__E)
                  00012978    00000050                   : BIOS.obj (.text:ti_sysbios_knl_Clock_Instance_init__E)
                  000129c8    00000050     ti.targets.arm.rtsarm.aem4f : Startup.oem4f (.text:xdc_runtime_Startup_exec__E)
                  00012a18    00000050                                 : Text.oem4f (.text:xdc_runtime_Text_visitRope2__I)
                  00012a68    0000004e     stk.aem4f : node.oem4f (.text:NodeDeRef)
                  00012ab6    0000004e     nettool_ipv4.aem4f : config.oem4f (.text:_CfgEntryScan)
                  00012b04    0000004c                        : ipaddr.oem4f (.text:NtAddNetwork)
                  00012b50    0000004c     stk.aem4f : sockint.oem4f (.text:SockValidateRoute)
                  00012b9c    0000004c     rtsv7M4_T_le_v4SPD16_eabi.lib : atoi.c.obj (.text:atoi)
                  00012be8    0000004c                                   : cpy_tbl.c.obj (.text:copy_in)
                  00012c34    0000004c     projct_07.obj (.text:initializeI2C)
                  00012c80    0000004c     sysbios.aem4f : BIOS.obj (.text:ti_sysbios_heaps_HeapMem_getStats__E)
                  00012ccc    00000004     project_07_pem4f.oem4f (.text:ti_sysbios_BIOS_RtsGateProxy_leave__E)
                  00012cd0    0000004c     sysbios.aem4f : BIOS.obj (.text:ti_sysbios_knl_Swi_runLoop__I)
                  00012d1c    00000004                   : BIOS.obj (.text:ti_sysbios_family_arm_lm4_Timer_masterEnable__I)
                  00012d20    0000004c                   : BIOS.obj (.text:ti_sysbios_knl_Task_allBlockedFunction__I)
                  00012d6c    0000004a     netctrl_min_ipv4.aem4f : netsrv.oem4f (.text:ServiceKill)
                  00012db6    0000004a     stk.aem4f : sock.oem4f (.text:SockDisconnect)
                  00012e00    0000004a               : timer.oem4f (.text:TimerNew)
                  00012e4a    00000002     --HOLE-- [fill = 0]
                  00012e4c    00000048     projct_07.obj (.text:BMP180_calculateAltitude)
                  00012e94    00000048     nettool_ipv4.aem4f : config.oem4f (.text:CfgNew)
                  00012edc    00000048     driverlib.lib : gpio.obj (.text:GPIOPinConfigure)
                  00012f24    00000048                   : i2c.obj (.text:I2CMasterInitExpClk)
                  00012f6c    00000048     stk.aem4f : lli.oem4f (.text:LLIMsg)
                  00012fb4    00000048               : node.oem4f (.text:NodeWalk)
                  00012ffc    00000048               : rawethsock_pcb.oem4f (.text:RawEthSockPcbDetach)
                  00013044    00000048               : sockpcb.oem4f (.text:SockPcbResolveChain)
                  0001308c    00000048               : tcpprot.oem4f (.text:TcpDrop)
                  000130d4    00000048               : lli.oem4f (.text:_LLIExpListInsert)
                  0001311c    00000048               : rtable.oem4f (.text:_RtExpListInsert)
                  00013164    00000048               : file.oem4f (.text:fdint_lockfd)
                  000131ac    00000048     rtsv7M4_T_le_v4SPD16_eabi.lib : fd_toi_t2.asm.obj (.text)
                  000131f4    00000004     project_07_pem4f.oem4f (.text:ti_sysbios_family_arm_m3_Hwi_delete)
                  000131f8    00000048     sysbios.aem4f : BIOS.obj (.text:ti_sysbios_family_arm_lm4_Timer_enableTimers__I)
                  00013240    00000048                   : BIOS.obj (.text:ti_sysbios_family_arm_m3_Hwi_disableInterrupt__E)
                  00013288    00000048                   : BIOS.obj (.text:ti_sysbios_family_arm_m3_Hwi_enableInterrupt__E)
                  000132d0    00000048                   : BIOS.obj (.text:ti_sysbios_family_arm_m3_Hwi_excReserved__I)
                  00013318    00000048                   : BIOS.obj (.text:ti_sysbios_knl_Task_deleteTerminatedTasksFunc__I)
                  00013360    00000046     nettool_ipv4.aem4f : ipaddr.oem4f (.text:NtIfIdx2Ip)
                  000133a6    00000046     stk.aem4f : rawethsock.oem4f (.text:RawEthSockSend)
                  000133ec    00000046               : tcpprot.oem4f (.text:TcpPrCtlError)
                  00013432    00000046     os.aem4f : mem.oem4f (.text:mmZeroInit)
                  00013478    00000046     ti.targets.arm.rtsarm.aem4f : Core-params.oem4f (.text:xdc_runtime_Core_assignParams__I)
                  000134be    00000002     --HOLE-- [fill = 0]
                  000134c0    00000044     drivers_tivaware.aem4f : EMACSnow.oem4f (.text:EMACSnow_processTransmitted)
                  00013504    00000044     stk.aem4f : icmp.oem4f (.text:ICMPChecksum)
                  00013548    00000044               : ipfrag.oem4f (.text:IPReasmFree)
                  0001358c    00000044               : lli.oem4f (.text:LLIGetValidTime)
                  000135d0    00000044               : rtable.oem4f (.text:RouteMsg)
                  00013614    00000044               : rtable.oem4f (.text:RtWalkEnd)
                  00013658    00000044               : sockpcb.oem4f (.text:SockPcbDetach)
                  0001369c    00000044               : timer.oem4f (.text:TimerListInsert)
                  000136e0    00000044     hal_timer_bios.aem4f : lltimer.oem4f (.text:llTimerGetTime)
                  00013724    00000004     project_07_pem4f.oem4f (.text:ti_sysbios_family_arm_m3_Hwi_destruct)
                  00013728    00000044     sysbios.aem4f : BIOS.obj (.text:ti_sysbios_family_arm_lm4_Timer_isrStub__E)
                  0001376c    00000004     project_07_pem4f.oem4f (.text:ti_sysbios_family_arm_m3_TaskSupport_Module__startupDone__S)
                  00013770    00000044     sysbios.aem4f : BIOS.obj (.text:ti_sysbios_family_arm_m3_Hwi_getStackInfo__E)
                  000137b4    00000004     project_07_pem4f.oem4f (.text:ti_sysbios_heaps_HeapMem_Module_GateProxy_enter__E)
                  000137b8    00000044     sysbios.aem4f : BIOS.obj (.text:ti_sysbios_knl_Swi_post__E)
                  000137fc    00000044     ti.targets.arm.rtsarm.aem4f : Error.oem4f (.text:xdc_runtime_Error_setX__E)
                  00013840    00000044                                 : SysMin.oem4f (.text:xdc_runtime_SysMin_flush__E)
                  00013884    00000044                                 : Text.oem4f (.text:xdc_runtime_Text_xprintf__I)
                  000138c8    00000042     stk.aem4f : tcpprot.oem4f (.text:TcpPrSendOOB)
                  0001390a    00000042               : fileuser.oem4f (.text:fdCloseSession)
                  0001394c    00000040     nettool_ipv4.aem4f : dnspkt.oem4f (.text:DNSBuildRequest)
                  0001398c    00000040     http_ndk.aem4f : httpcli.oem4f (.text:HTTPCli_readResponseBody)
                  000139cc    00000040     stk.aem4f : lliin.oem4f (.text:LLIValidateRoute)
                  00013a0c    00000040               : pbm.oem4f (.text:PBM_copy)
                  00013a4c    00000040               : sockpcb.oem4f (.text:SockPcbRtChange)
                  00013a8c    00000040               : tcpprot.oem4f (.text:TcpPrSend)
                  00013acc    00000040     rtsv7M4_T_le_v4SPD16_eabi.lib : u_divt2.asm.obj (.text)
                  00013b0c    00000040                                   : sprintf.c.obj (.text:sprintf)
                  00013b4c    00000040     http_ndk.aem4f : httpcli.oem4f (.text:threadCreate)
                  00013b8c    00000004     project_07_pem4f.oem4f (.text:ti_sysbios_heaps_HeapMem_Module_GateProxy_leave__E)
                  00013b90    00000040     sysbios.aem4f : BIOS.obj (.text:ti_sysbios_family_arm_lm4_Timer_startup__E)
                  00013bd0    00000040                   : BIOS.obj (.text:ti_sysbios_heaps_HeapMem_Instance_init__E)
                  00013c10    0000003e     nettool_ipv4.aem4f : dhcpmain.oem4f (.text:DHCPClose)
                  00013c4e    00000002     --HOLE-- [fill = 0]
                  00013c50    0000003e     stk.aem4f : nimu.oem4f (.text:NIMUAllocateName)
                  00013c8e    0000003e     os.aem4f : task.oem4f (.text:TaskCreate)
                  00013ccc    0000003e     stk.aem4f : tcpprot.oem4f (.text:TcpPrDisconnect)
                  00013d0a    0000003e     rtsv7M4_T_le_v4SPD16_eabi.lib : _printfi.c.obj (.text:_fcpy)
                  00013d48    0000003e     stk.aem4f : file.oem4f (.text:fdint_unlockfd)
                  00013d86    0000003c     nettool_ipv4.aem4f : config.oem4f (.text:CfgEntryGetData)
                  00013dc2    0000003c     driverlib.lib : emac.obj (.text:EMACIntDisable)
                  00013dfe    0000003c     stk.aem4f : node.oem4f (.text:NodeUpdatePL)
                  00013e3a    00000002     --HOLE-- [fill = 0]
                  00013e3c    0000003c               : rtable.oem4f (.text:RtWalkBegin)
                  00013e78    0000003c               : tcpprot.oem4f (.text:TcpPrConnect)
                  00013eb4    0000003c               : tcptime.oem4f (.text:TcpSetPersist)
                  00013ef0    0000003c               : rtc.oem4f (.text:_RTCSendRtAdv)
                  00013f2c    0000003c               : rtable.oem4f (.text:_RtNodeRemove)
                  00013f68    0000003c     hal_timer_bios.aem4f : lltimer.oem4f (.text:_llTimerInit)
                  00013fa4    0000003c     rtsv7M4_T_le_v4SPD16_eabi.lib : strncasecmp.c.obj (.text:strncasecmp)
                  00013fe0    0000003c     sysbios.aem4f : BIOS.obj (.text:ti_sysbios_family_arm_m3_Hwi_excSvCall__I)
                  0001401c    00000004     project_07_pem4f.oem4f (.text:ti_sysbios_knl_Clock_TimerProxy_getMaxTicks__E)
                  00014020    0000003c     sysbios.aem4f : BIOS.obj (.text:ti_sysbios_heaps_HeapMem_init__I)
                  0001405c    00000004     project_07_pem4f.oem4f (.text:ti_sysbios_knl_Queue_destruct)
                  00014060    0000003c     sysbios.aem4f : BIOS.obj (.text:ti_sysbios_knl_Swi_restore__E)
                  0001409c    0000003a     driverlib.lib : emac.obj (.text:EMACIntEnable)
                  000140d6    0000003a     drivers_tivaware.aem4f : I2CTiva.oem4f (.text:I2CTiva_completeTransfer)
                  00014110    00000038     driverlib.lib : emac.obj (.text:EMACConfigGet)
                  00014148    00000038     drivers_tivaware.aem4f : I2C.oem4f (.text:I2C_init)
                  00014180    00000038     stk.aem4f : ipfrag.oem4f (.text:IPReasmTimeout)
                  000141b8    00000038               : node.oem4f (.text:NodeGetRt)
                  000141f0    00000038     driverlib.lib : sysctl.obj (.text:SysCtlPeripheralReady)
                  00014228    00000038     stk.aem4f : tcpprot.oem4f (.text:TcpClose)
                  00014260    00000038               : timer.oem4f (.text:TimerHSTick)
                  00014298    00000038     rtsv7M4_T_le_v4SPD16_eabi.lib : trgmsg.c.obj (.text:__TI_writemsg)
                  000142d0    00000038     nettool_ipv4.aem4f : dhcpbild.oem4f (.text:dhcpBuildDiscover)
                  00014308    00000038                        : dhcptags.oem4f (.text:dhcpOptionsClear)
                  00014340    00000038     stk.aem4f : file.oem4f (.text:fdint_waitevent)
                  00014378    00000038     sysbios.aem4f : BIOS.obj (.text:ti_sysbios_family_arm_m3_Hwi_excNoIsr__I)
                  000143b0    00000038     project_07_pem4f.oem4f (.text:ti_sysbios_knl_Clock_create)
                  000143e8    00000038     sysbios.aem4f : BIOS.obj (.text:ti_sysbios_knl_Task_processVitalTaskFlag__I)
                  00014420    00000038     ti.targets.arm.rtsarm.aem4f : SysMin.oem4f (.text:xdc_runtime_SysMin_putch__E)
                  00014458    00000038                                 : System.oem4f (.text:xdc_runtime_System_atexit__E)
                  00014490    00000036     drivers_tivaware.aem4f : I2CTiva.oem4f (.text:I2CTiva_close)
                  000144c6    00000036     stk.aem4f : ip.oem4f (.text:IPChecksum)
                  000144fc    00000036     network_ndk.aem4f : ssock.oem4f (.text:Ssock_recv)
                  00014532    00000036     rtsv7M4_T_le_v4SPD16_eabi.lib : strncpy.c.obj (.text:strncpy)
                  00014568    00000035     projct_07.obj (.text:printError)
                  0001459d    00000003     --HOLE-- [fill = 0]
                  000145a0    00000034     nettool_ipv4.aem4f : config.oem4f (.text:CfgSetService)
                  000145d4    00000034     driverlib.lib : emac.obj (.text:EMACConfigSet)
                  00014608    00000034                   : emac.obj (.text:EMACIntClear)
                  0001463c    00000034     drivers_tivaware.aem4f : EMACSnow.oem4f (.text:EMACSnow_emacPoll)
                  00014670    00000034                            : EMACSnow.oem4f (.text:EMACSnow_isLinkUp)
                  000146a4    00000034                            : EMAC.oem4f (.text:EMAC_init)
                  000146d8    00000034     stk.aem4f : exec.oem4f (.text:ExecClose)
                  0001470c    00000034               : nimu.oem4f (.text:NIMUFindByName)
                  00014740    00000034               : nimu.oem4f (.text:NIMUInit)
                  00014774    00000034               : rawethsock.oem4f (.text:RawEthSockNotify)
                  000147a8    00000034               : sockprot.oem4f (.text:SockPrCtlError)
                  000147dc    00000034     driverlib.lib : sysctl.obj (.text:SysCtlPeripheralEnable)
                  00014810    00000034     rtsv7M4_T_le_v4SPD16_eabi.lib : trgmsg.c.obj (.text:__TI_readmsg)
                  00014844    00000034     os.aem4f : mem.oem4f (.text:mmUnInitPage)
                  00014878    00000034              : ossys.oem4f (.text:stricmp)
                  000148ac    00000034     rtsv7M4_T_le_v4SPD16_eabi.lib : strstr.c.obj (.text:strstr)
                  000148e0    00000034     sysbios.aem4f : BIOS.obj (.text:ti_sysbios_family_arm_m3_Hwi_Instance_finalize__E)
                  00014914    00000004     project_07_pem4f.oem4f (.text:ti_sysbios_knl_Semaphore_delete)
                  00014918    00000034     sysbios.aem4f : BIOS.obj (.text:ti_sysbios_family_arm_m3_Hwi_excNmi__I)
                  0001494c    00000004     project_07_pem4f.oem4f (.text:ti_sysbios_knl_Semaphore_destruct)
                  00014950    00000034     sysbios.aem4f : BIOS.obj (.text:ti_sysbios_hal_Hwi_checkStack)
                  00014984    00000034     project_07_pem4f.oem4f (.text:ti_sysbios_knl_Semaphore_create)
                  000149b8    00000034     ti.targets.arm.rtsarm.aem4f : Core-label.oem4f (.text:xdc_runtime_Core_assignLabel__I)
                  000149ec    00000033                                 : Text.oem4f (.text:xdc_runtime_Text_printVisFxn__I)
                  00014a1f    00000001     --HOLE-- [fill = 0]
                  00014a20    00000032     nettool_ipv4.aem4f : config.oem4f (.text:CfgGetImmediate)
                  00014a52    00000032     stk.aem4f : route.oem4f (.text:RtDeRef)
                  00014a84    00000032               : route.oem4f (.text:RtSetFailure)
                  00014ab6    00000032               : sb.oem4f (.text:SBFlush)
                  00014ae8    00000032               : sb.oem4f (.text:SBSetMax)
                  00014b1a    00000032               : sock.oem4f (.text:SockIntAbort)
                  00014b4c    00000032     nettool_ipv4.aem4f : config.oem4f (.text:_CfgAcquire)
                  00014b7e    00000032                        : dhcpsm.oem4f (.text:dhcpIPRemove)
                  00014bb0    00000032     sysbios.aem4f : BIOS.obj (.text:ti_sysbios_hal_Hwi_initStack)
                  00014be2    00000006     driverlib.lib : emac.obj (.text:EMACTxDMADescriptorListSet)
                  00014be8    00000032     sysbios.aem4f : BIOS.obj (.text:ti_sysbios_knl_Semaphore_pendTimeout__I)
                  00014c1a    00000030     driverlib.lib : emac.obj (.text:EMACAddrSet)
                  00014c4a    00000002     --HOLE-- [fill = 0]
                  00014c4c    00000030     drivers_tivaware.aem4f : EMACSnow.oem4f (.text:EMACSnow_handlePackets)
                  00014c7c    00000030                            : I2C.oem4f (.text:I2C_open)
                  00014cac    00000030     netctrl_min_ipv4.aem4f : netsrv.oem4f (.text:NS_PreBoot)
                  00014cdc    00000030     stk.aem4f : sock.oem4f (.text:SockBind)
                  00014d0c    00000030     nettool_ipv4.aem4f : dhcpsock.oem4f (.text:dhcpPacketSend)
                  00014d3c    00000030     stk.aem4f : listlib.oem4f (.text:list_remove_node)
                  00014d6c    00000030     http_ndk.aem4f : httpcli.oem4f (.text:skipLine)
                  00014d9c    00000030     project_07_pem4f.oem4f (.text:ti_sysbios_BIOS_atExitFunc__I)
                  00014dcc    00000004     project_07_pem4f.oem4f (.text:ti_sysbios_knl_Swi_delete)
                  00014dd0    00000030     sysbios.aem4f : BIOS.obj (.text:ti_sysbios_family_arm_lm4_Timer_stop__E)
                  00014e00    00000030                   : BIOS.obj (.text:ti_sysbios_family_arm_m3_TaskSupport_start__E)
                  00014e30    00000030     project_07_pem4f.oem4f (.text:ti_sysbios_gates_GateHwi_Object__create__S)
                  00014e60    00000030     project_07_pem4f.oem4f (.text:ti_sysbios_gates_GateMutex_Object__create__S)
                  00014e90    00000030     sysbios.aem4f : BIOS.obj (.text:ti_sysbios_gates_GateMutex_enter__E)
                  00014ec0    00000030     project_07_pem4f.oem4f (.text:ti_sysbios_heaps_HeapMem_Object__create__S)
                  00014ef0    00000030     project_07_pem4f.oem4f (.text:ti_sysbios_knl_Semaphore_construct)
                  00014f20    00000030     ti.targets.arm.rtsarm.aem4f : SysMin.oem4f (.text:xdc_runtime_SysMin_abort__E)
                  00014f50    00000030                                 : System.oem4f (.text:xdc_runtime_System_processAtExit__E)
                  00014f80    0000002e     stk.aem4f : sb.oem4f (.text:SBFree)
                  00014fae    0000002e     project_07_pem4f.oem4f (.text:malloc)
                  00014fdc    0000002e     rtsv7M4_T_le_v4SPD16_eabi.lib : i_tofd_t2.asm.obj (.text)
                  0001500a    0000002e                                   : strcasecmp.c.obj (.text:strcasecmp)
                  00015038    0000002c     driverlib.lib : emac.obj (.text:EMACIntStatus)
                  00015064    0000002c     stk.aem4f : file.oem4f (.text:FdSignalEvent)
                  00015090    0000002c               : igmp.oem4f (.text:IGMPTestGroup)
                  000150bc    0000002c     os.aem4f : task.oem4f (.text:NDK_hookCreate)
                  000150e8    0000002c     stk.aem4f : nimu.oem4f (.text:NIMUAllocateIndex)
                  00015114    0000002c               : nimu.oem4f (.text:NIMUPacketServiceCheck)
                  00015140    0000002c               : pipe.oem4f (.text:PipeClose)
                  0001516c    0000002c               : sockpcb.oem4f (.text:SockPcbAttach)
                  00015198    0000002c               : lli.oem4f (.text:_LLIExpListRemove)
                  000151c4    0000002c               : lli.oem4f (.text:_LLITimeoutFlush)
                  000151f0    0000002c               : rtable.oem4f (.text:_RtExpListRemove)
                  0001521c    0000002c     http_ndk.aem4f : httpcli.oem4f (.text:lookUpResponseFields)
                  00015248    0000002c     rtsv7M4_T_le_v4SPD16_eabi.lib : strncmp.c.obj (.text:strncmp)
                  00015274    0000002c     project_07_pem4f.oem4f (.text:ti_sysbios_knl_Clock_doTick__I)
                  000152a0    0000002c     project_07_pem4f.oem4f (.text:ti_sysbios_knl_Queue_construct)
                  000152cc    00000004     project_07_pem4f.oem4f (.text:ti_sysbios_knl_Task_delete)
                  000152d0    0000002c     sysbios.aem4f : BIOS.obj (.text:ti_sysbios_knl_Task_restore__E)
                  000152fc    0000002c     ti.targets.arm.rtsarm.aem4f : Text.oem4f (.text:xdc_runtime_Text_cordText__E)
                  00015328    0000002a     driverlib.lib : gpio.obj (.text:GPIODirModeSet)
                  00015352    0000002a     stk.aem4f : pbm.oem4f (.text:PBMQ_deq)
                  0001537c    0000002a     netctrl_min_ipv4.aem4f : netsrv.oem4f (.text:ServiceCallback)
                  000153a6    0000002a     nettool_ipv4.aem4f : config.oem4f (.text:_CfgRelease)
                  000153d0    0000002a                        : inetaddr.oem4f (.text:mergeLists)
                  000153fa    0000002a     ti.targets.arm.rtsarm.aem4f : System.oem4f (.text:xdc_runtime_System_putchar__I)
                  00015424    00000028     stk.aem4f : bind.oem4f (.text:BindFindByNet)
                  0001544c    00000028               : lli.oem4f (.text:LLIFree)
                  00015474    00000028     netctrl_min_ipv4.aem4f : netctrl.oem4f (.text:NC_SystemClose)
                  0001549c    00000028     stk.aem4f : nimu.oem4f (.text:NIMUCreatePacket)
                  000154c4    00000028               : nimu.oem4f (.text:NIMUPacketService)
                  000154ec    00000028               : tcpin.oem4f (.text:TcpEnterTimeWait)
                  00015514    00000028               : timer.oem4f (.text:TimerListRemove)
                  0001553c    00000028               : vlan.oem4f (.text:VLANFindSourceInterface)
                  00015564    00000028               : vlan.oem4f (.text:VLANInit)
                  0001558c    00000028     nettool_ipv4.aem4f : dhcpsock.oem4f (.text:dhcpPacketReceive)
                  000155b4    00000028     drivers_tivaware.aem4f : EMACSnow.oem4f (.text:signalLinkChange)
                  000155dc    00000028     rtsv7M4_T_le_v4SPD16_eabi.lib : e_sqrtf.c.obj (.text:sqrtf)
                  00015604    00000004     ti.targets.arm.rtsarm.aem4f : Error.oem4f (.text:xdc_runtime_Error_getMsg__E)
                  00015608    00000028     sysbios.aem4f : BIOS.obj (.text:ti_sysbios_knl_Clock_addI__E)
                  00015630    00000028                   : BIOS.obj (.text:ti_sysbios_knl_Swi_Module_startup__E)
                  00015658    00000026     nettool_ipv4.aem4f : config.oem4f (.text:CfgEntryInfo)
                  0001567e    00000026     driverlib.lib : emac.obj (.text:EMACPHYRead)
                  000156a4    00000026                   : emac.obj (.text:EMACPHYWrite)
                  000156ca    00000026     stk.aem4f : rawethsock.oem4f (.text:RawEthSockClose)
                  000156f0    00000026     sysbios.aem4f : m3_Hwi_asm.obj (.text:ti_sysbios_family_arm_m3_Hwi_pendSV__I)
                  00015716    00000026     ti.targets.arm.rtsarm.aem4f : System.oem4f (.text:xdc_runtime_System_avprintf__E)
                  0001573c    00000024     stk.aem4f : bind.oem4f (.text:BindFindByHost)
                  00015760    00000024               : bind.oem4f (.text:BindGetIFByDBCast)
                  00015784    00000024     drivers_tivaware.aem4f : EMACSnow.oem4f (.text:EMACSnow_pkt_service)
                  000157a8    00000024                            : EMACSnow.oem4f (.text:EMACSnow_primeRx)
                  000157cc    00000024     stk.aem4f : exec.oem4f (.text:ExecTimer)
                  000157f0    00000024     http_ndk.aem4f : httpcli.oem4f (.text:HTTPCli_disconnect)
                  00015814    00000024     stk.aem4f : nimu.oem4f (.text:NIMUFindByIndex)
                  00015838    00000024               : rtc.oem4f (.text:RTCAddHook)
                  0001585c    00000024               : rawethsock_pcb.oem4f (.text:RawEthSockPcbFind)
                  00015880    00000024               : route.oem4f (.text:RtFree)
                  000158a4    00000024               : route.oem4f (.text:RtSetTimeout)
                  000158c8    00000024               : sockpcb.oem4f (.text:SockPcbCleanup)
                  000158ec    00000024               : tcptime.oem4f (.text:TcpTimeoutWait2)
                  00015910    00000024     nettool_ipv4.aem4f : config.oem4f (.text:_CfgEntryProcess)
                  00015934    00000024     http_ndk.aem4f : httpcli.oem4f (.text:getRequestFieldValue)
                  00015958    00000024     project_07_pem4f.oem4f (.text:ti_sysbios_BIOS_errorRaiseHook__I)
                  0001597c    00000024     project_07_pem4f.oem4f (.text:ti_sysbios_BIOS_registerRTSLock__I)
                  000159a0    00000024     project_07_pem4f.oem4f (.text:ti_sysbios_BIOS_removeRTSLock__I)
                  000159c4    00000024     project_07_pem4f.oem4f (.text:ti_sysbios_BIOS_startFunc__I)
                  000159e8    00000024     project_07_pem4f.oem4f (.text:ti_sysbios_gates_GateMutex_Object__delete__S)
                  00015a0c    00000004     ti.targets.arm.rtsarm.aem4f : Error.oem4f (.text:xdc_runtime_Error_getSite__E)
                  00015a10    00000024     sysbios.aem4f : BIOS.obj (.text:ti_sysbios_knl_Clock_Module_startup__E)
                  00015a34    00000004     project_07_pem4f.oem4f (.text:xdc_runtime_System_Module_GateProxy_enter__E)
                  00015a38    00000024     sysbios.aem4f : BIOS.obj (.text:ti_sysbios_knl_Semaphore_Instance_init__E)
                  00015a5c    00000024     project_07_pem4f.oem4f (.text:ti_sysbios_knl_Semaphore_Object__delete__S)
                  00015a80    00000024     sysbios.aem4f : BIOS.obj (.text:ti_sysbios_knl_Task_restoreHwi__E)
                  00015aa4    00000024     ti.targets.arm.rtsarm.aem4f : System.oem4f (.text:xdc_runtime_System_vprintf__E)
                  00015ac8    00000022     nettool_ipv4.aem4f : config.oem4f (.text:CfgEntryRef)
                  00015aea    00000022     stk.aem4f : vlan.oem4f (.text:VLANFindNode)
                  00015b0c    00000004     project_07_pem4f.oem4f (.text:xdc_runtime_System_Module_GateProxy_leave__E)
                  00015b10    00000022     sysbios.aem4f : BIOS.obj (.text:ti_sysbios_family_arm_lm4_Timer_write__I)
                  00015b32    00000022     project_07_pem4f.oem4f (.text:xdc_runtime_SysMin_output__I)
                  00015b54    00000020     netctrl_min_ipv4.aem4f : netctrl.oem4f (.text:NC_BootComplete)
                  00015b74    00000020     stk.aem4f : nimu.oem4f (.text:NIMUGetNumOfObject)
                  00015b94    00000020               : rtc.oem4f (.text:RTCRemoveHook)
                  00015bb4    00000020               : tcp.oem4f (.text:TcpTimeoutRemove)
                  00015bd4    00000020     Boot.aem4f : Boot_sysctl.oem4f (.text:_SysCtlMemTimingGet)
                  00015bf4    00000020     project_07_pem4f.oem4f (.text:ti_sysbios_BIOS_rtsLock__I)
                  00015c14    00000020     project_07_pem4f.oem4f (.text:ti_sysbios_family_arm_m3_Hwi_Object__delete__S)
                  00015c34    00000020     sysbios.aem4f : m3_Hwi_asm.obj (.text:ti_sysbios_family_arm_m3_Hwi_excHandlerAsm__I)
                  00015c54    00000004     ti.targets.arm.rtsarm.aem4f : System.oem4f (.text:xdc_runtime_System_aprintf_va__F)
                  00015c58    00000020     sysbios.aem4f : BIOS.obj (.text:ti_sysbios_family_arm_m3_Hwi_excHandler__I)
                  00015c78    00000020     project_07_pem4f.oem4f (.text:ti_sysbios_gates_GateHwi_Object__delete__S)
                  00015c98    00000020     project_07_pem4f.oem4f (.text:ti_sysbios_heaps_HeapMem_Object__delete__S)
                  00015cb8    00000020     sysbios.aem4f : BIOS.obj (.text:ti_sysbios_knl_Idle_run__E)
                  00015cd8    00000020     project_07_pem4f.oem4f (.text:ti_sysbios_knl_Semaphore_Object__destruct__S)
                  00015cf8    00000020     project_07_pem4f.oem4f (.text:ti_sysbios_knl_Swi_Object__delete__S)
                  00015d18    00000020     project_07_pem4f.oem4f (.text:ti_sysbios_knl_Task_Object__delete__S)
                  00015d38    00000020     ti.targets.arm.rtsarm.aem4f : Registry.oem4f (.text:xdc_runtime_Registry_findById__E)
                  00015d58    00000020                                 : SysMin.oem4f (.text:xdc_runtime_SysMin_Module_startup__E)
                  00015d78    0000001e     stk.aem4f : fileuser.oem4f (.text:fdError)
                  00015d96    0000001e               : listlib.oem4f (.text:list_remove)
                  00015db4    0000001e     projct_07.obj (.text:send)
                  00015dd2    0000001e     rtsv7M4_T_le_v4SPD16_eabi.lib : strcat.c.obj (.text:strcat)
                  00015df0    0000001e     sysbios.aem4f : m3_Hwi_asm_switch.obj (.text:ti_sysbios_family_xxx_Hwi_switchAndRunFunc)
                  00015e0e    00000002     --HOLE-- [fill = 0]
                  00015e10    0000001c     stk.aem4f : bind.oem4f (.text:BindFindByIF)
                  00015e2c    0000001c               : exec.oem4f (.text:ExecBroadcast)
                  00015e48    0000001c     os.aem4f : ossys.oem4f (.text:NDK_sprintf)
                  00015e64    0000001c     stk.aem4f : nimu.oem4f (.text:NIMUAddHeader)
                  00015e80    0000001c               : sockprot.oem4f (.text:SockPrDetach)
                  00015e9c    0000001c     network_ndk.aem4f : ssock.oem4f (.text:Ssock_destruct)
                  00015eb8    0000001c     os.aem4f : task.oem4f (.text:TaskDestroy)
                  00015ed4    0000001c     drivers_tivaware.aem4f : GPIOTiva.oem4f (.text:getGpioIntIndex)
                  00015ef0    0000001c     rtsv7M4_T_le_v4SPD16_eabi.lib : memccpy.c.obj (.text:memccpy)
                  00015f0c    0000001c     project_07_pem4f.oem4f (.text:ti_ndk_config_global_taskCreateHook)
                  00015f28    0000001c     project_07_pem4f.oem4f (.text:ti_sysbios_family_arm_m3_Hwi_Object__destruct__S)
                  00015f44    00000004     ti.targets.arm.rtsarm.aem4f : System.oem4f (.text:xdc_runtime_System_printf_va__F)
                  00015f48    0000001c     sysbios.aem4f : BIOS.obj (.text:ti_sysbios_gates_GateMutex_Instance_init__E)
                  00015f64    0000001c     project_07_pem4f.oem4f (.text:ti_sysbios_knl_Queue_Object__destruct__S)
                  00015f80    0000001c     sysbios.aem4f : BIOS.obj (.text:ti_sysbios_knl_Queue_put__E)
                  00015f9c    00000004     --HOLE-- [fill = 0]
                  00015fa0    0000001c                   : BIOS.obj (.text:ti_sysbios_knl_Task_enter__I)
                  00015fbc    0000001c     ti.targets.arm.rtsarm.aem4f : Error.oem4f (.text:xdc_runtime_Error_raiseX__E)
                  00015fd8    0000001c                                 : Memory.oem4f (.text:xdc_runtime_Memory_valloc__E)
                  00015ff4    0000001c                                 : SysMin.oem4f (.text:xdc_runtime_SysMin_exit__E)
                  00016010    0000001c                                 : System.oem4f (.text:xdc_runtime_System_abort__E)
                  0001602c    0000001a     stk.aem4f : bind.oem4f (.text:BindGetIP)
                  00016046    0000001a               : sockint.oem4f (.text:SockSetOOBMark)
                  00016060    0000001a     rtsv7M4_T_le_v4SPD16_eabi.lib : s_copysign.c.obj (.text:copysign)
                  0001607a    0000001a     stk.aem4f : file.oem4f (.text:fdint_getfdt)
                  00016094    0000001a     project_07_pem4f.oem4f (.text:free)
                  000160ae    0000001a     project_07_pem4f.oem4f (.text:ti_sysbios_family_arm_m3_Hwi_Handle__label__S)
                  000160c8    0000001a     project_07_pem4f.oem4f (.text:ti_sysbios_gates_GateHwi_Handle__label__S)
                  000160e2    0000001a     project_07_pem4f.oem4f (.text:ti_sysbios_gates_GateMutex_Handle__label__S)
                  000160fc    0000001a     project_07_pem4f.oem4f (.text:ti_sysbios_heaps_HeapMem_Handle__label__S)
                  00016116    0000001a     project_07_pem4f.oem4f (.text:ti_sysbios_knl_Swi_Handle__label__S)
                  00016130    0000001a     project_07_pem4f.oem4f (.text:ti_sysbios_knl_Task_Handle__label__S)
                  0001614a    00000006     driverlib.lib : gpio.obj (.text:GPIOIntClear)
                  00016150    0000001a     sysbios.aem4f : BIOS.obj (.text:ti_sysbios_knl_Task_sleepTimeout__I)
                  0001616a    0000001a     project_07_pem4f.oem4f (.text:xdc_runtime_System_aprintf__E)
                  00016184    0000001a     project_07_pem4f.oem4f (.text:xdc_runtime_System_printf__E)
                  0001619e    00000002     --HOLE-- [fill = 0]
                  000161a0    00000018     drivers_tivaware.aem4f : EMACSnow.oem4f (.text:EMACSnow_emacSend)
                  000161b8    00000018     stk.aem4f : ip.oem4f (.text:IPRtChange)
                  000161d0    00000018               : rawethsock_pcb.oem4f (.text:RawEthSockPcbCleanup)
                  000161e8    00000018     nettool_ipv4.aem4f : ipaddr.oem4f (.text:RouteHook)
                  00016200    00000018     stk.aem4f : tcpin.oem4f (.text:SEQ_GEQ)
                  00016218    00000018               : tcpout.oem4f (.text:SEQ_GEQ)
                  00016230    00000018               : tcpin.oem4f (.text:SEQ_GT)
                  00016248    00000018               : tcpout.oem4f (.text:SEQ_GT)
                  00016260    00000018               : tcpin.oem4f (.text:SEQ_LEQ)
                  00016278    00000018               : tcpout.oem4f (.text:SEQ_LEQ)
                  00016290    00000018               : tcpin.oem4f (.text:SEQ_LT)
                  000162a8    00000018               : tcpout.oem4f (.text:SEQ_LT)
                  000162c0    00000018               : tcp.oem4f (.text:TcpTimeoutAdd)
                  000162d8    00000018     rtsv7M4_T_le_v4SPD16_eabi.lib : args_main.c.obj (.text:_args_main)
                  000162f0    00000018                                   : sprintf.c.obj (.text:_outs)
                  00016308    00000018                                   : s_copysignf.c.obj (.text:copysignf)
                  00016320    00000018     nettool_ipv4.aem4f : dhcpsock.oem4f (.text:dhcpSocketClose)
                  00016338    00000018                        : inetaddr.oem4f (.text:freeaddrinfo)
                  00016350    00000018     stk.aem4f : listlib.oem4f (.text:list_add)
                  00016368    00000018     rtsv7M4_T_le_v4SPD16_eabi.lib : strcmp.c.obj (.text:strcmp)
                  00016380    00000018     project_07_pem4f.oem4f (.text:ti_sysbios_BIOS_rtsUnlock__I)
                  00016398    00000018     project_07_pem4f.oem4f (.text:ti_sysbios_family_arm_lm4_Timer_Module__startupDone__F)
                  000163b0    00000018     project_07_pem4f.oem4f (.text:ti_sysbios_family_arm_m3_Hwi_Module__startupDone__F)
                  000163c8    00000018     sysbios.aem4f : m3_TaskSupport_asm.obj (.text:ti_sysbios_family_arm_m3_TaskSupport_swap__E)
                  000163e0    00000018                   : BIOS.obj (.text:ti_sysbios_gates_GateMutex_leave__E)
                  000163f8    00000018     ti.targets.arm.rtsarm.aem4f : Error.oem4f (.text:xdc_runtime_Error_check__E)
                  00016410    00000018                                 : System.oem4f (.text:xdc_runtime_System_exit__E)
                  00016428    00000018                                 : Text.oem4f (.text:xdc_runtime_Text_ropeText__E)
                  00016440    00000016     driverlib.lib : emac.obj (.text:EMACReset)
                  00016456    00000016                   : emac.obj (.text:EMACRxEnable)
                  0001646c    00000016                   : emac.obj (.text:EMACTxEnable)
                  00016482    00000016     http_ndk.aem4f : httpcli.oem4f (.text:HTTPCli_destruct)
                  00016498    00000016                    : httpcli.oem4f (.text:HTTPCli_readRawResponseBody)
                  000164ae    00000016     driverlib.lib : i2c.obj (.text:I2CMasterErr)
                  000164c4    00000016     stk.aem4f : file.oem4f (.text:fdint_freefdt)
                  000164da    00000016     rtsv7M4_T_le_v4SPD16_eabi.lib : strchr.c.obj (.text:strchr)
                  000164f0    00000016     project_07_pem4f.oem4f (.text:ti_sysbios_BIOS_exitFunc__I)
                  00016506    00000016     projct_07.obj (.text:ti_sysbios_knl_Task_Params_init)
                  0001651c    00000016     ti.targets.arm.rtsarm.aem4f : System.oem4f (.text:xdc_runtime_System_vsprintf__E)
                  00016532    00000014     stk.aem4f : bind.oem4f (.text:BindIPHost2IF)
                  00016546    00000002     --HOLE-- [fill = 0]
                  00016548    00000014     driverlib.lib : flash.obj (.text:FlashUserGet)
                  0001655c    00000014     http_ndk.aem4f : httpcli.oem4f (.text:HTTPCli_getResponseStatus)
                  00016570    00000014     netctrl_min_ipv4.aem4f : netctrl.oem4f (.text:NC_NetStop)
                  00016584    00000014     os.aem4f : task.oem4f (.text:NDK_hookExit)
                  00016598    00000014     stk.aem4f : nimu.oem4f (.text:NIMUSendPacket)
                  000165ac    00000014     nettool_ipv4.aem4f : ipaddr.oem4f (.text:NtRemoveNetwork)
                  000165c0    00000014     stk.aem4f : rawethsock_pcb.oem4f (.text:RawEthSockPcbInit)
                  000165d4    00000014     network_ndk.aem4f : ssock.oem4f (.text:Ssock_construct)
                  000165e8    00000014     stk.aem4f : timer.oem4f (.text:TimerFree)
                  000165fc    00000014     projct_07.obj (.text:connect)
                  00016610    00000014     projct_07.obj (.text:socket)
                  00016624    00000014     rtsv7M4_T_le_v4SPD16_eabi.lib : strcpy.c.obj (.text:strcpy)
                  00016638    00000014                                   : strlen.c.obj (.text:strlen)
                  0001664c    00000014     project_07_pem4f.oem4f (.text:ti_ndk_config_global_taskExitHook)
                  00016660    00000014     project_07_pem4f.oem4f (.text:ti_sysbios_family_arm_m3_Hwi_Object__get__S)
                  00016674    00000004     --HOLE-- [fill = 0]
                  00016678    00000014     sysbios.aem4f : BIOS.obj (.text:ti_sysbios_family_arm_m3_Hwi_switchFromBootStack__E)
                  0001668c    00000014     project_07_pem4f.oem4f (.text:ti_sysbios_heaps_HeapMem_Object__get__S)
                  000166a0    00000014     project_07_pem4f.oem4f (.text:ti_sysbios_knl_Swi_Object__get__S)
                  000166b4    00000014     project_07_pem4f.oem4f (.text:ti_sysbios_knl_Task_Object__first__S)
                  000166c8    00000014     project_07_pem4f.oem4f (.text:ti_sysbios_knl_Task_Object__next__S)
                  000166dc    00000012     driverlib.lib : gpio.obj (.text:GPIOPinTypeEthernetLED)
                  000166ee    00000012                   : gpio.obj (.text:GPIOPinTypeI2C)
                  00016700    00000012                   : gpio.obj (.text:GPIOPinTypeI2CSCL)
                  00016712    00000012     stk.aem4f : sockprot.oem4f (.text:SockPrAttach)
                  00016724    00000012               : sockint.oem4f (.text:SockSetOOBData)
                  00016736    00000012     nettool_ipv4.aem4f : inetaddr.oem4f (.text:inet_addr)
                  00016748    00000012     sysbios.aem4f : BIOS.obj (.text:ti_sysbios_hal_Hwi_Module_startup__E)
                  0001675a    00000006     driverlib.lib : gpio.obj (.text:GPIOPinWrite)
                  00016760    00000012     sysbios.aem4f : BIOS.obj (.text:ti_sysbios_knl_Semaphore_reset__E)
                  00016772    00000012     rtsv7M4_T_le_v4SPD16_eabi.lib : wcslen.c.obj (.text:wcslen)
                  00016784    00000012     project_07_pem4f.oem4f (.text:xdc_runtime_Startup_exec__I)
                  00016796    00000002     --HOLE-- [fill = 0]
                  00016798    00000010     project_07_pem4f.oem4f (.text:.bootCodeSection:ti_catalog_arm_cortexm4_tiva_ce_Boot_init__I)
                  000167a8    00000010     stk.aem4f : bind.oem4f (.text:BindIF2IPHost)
[...]
00019558  xdc_runtime_System_extendFxn__C                                      
0001955c  xdc_runtime_System_maxAtexitHandlers__C                              
00019560  xdc_runtime_Text_charTab__C                                          
00019564  xdc_runtime_Text_nameEmpty__C                                        
00019568  xdc_runtime_Text_nameStatic__C                                       
0001956c  xdc_runtime_Text_nameUnknown__C                                      
00019570  xdc_runtime_Text_nodeTab__C                                          
00019574  xdc_runtime_Text_visitRopeFxn__C                                     
00019578  ti_sysbios_hal_Hwi_Module__id__C                                     
0001957a  ti_sysbios_heaps_HeapMem_Module__id__C                               
0001957c  ti_sysbios_knl_Task_Module__id__C                                    
0001957e  xdc_runtime_Core_Module__id__C                                       
00019580  xdc_runtime_Error_Module__loggerDefined__C                           
00019582  xdc_runtime_Error_maxDepth__C                                        
00019584  xdc_runtime_Memory_Module__id__C                                     
00019586  xdc_runtime_SysMin_flushAtExit__C                                    
00019588  xdc_runtime_Text_charCnt__C                                          
0001958a  xdc_runtime_Text_isLoaded__C                                         
0001958c  xdc_runtime_Text_registryModsLastId__C                               
0001958e  xdc_runtime_Text_unnamedModsLastId__C                                
00019590  __TI_static_base__                                                   
00019a84  __TI_Handler_Table_Base                                              
00019a90  __TI_Handler_Table_Limit                                             
00019aa0  __TI_CINIT_Base                                                      
00019ab8  __TI_CINIT_Limit                                                     
20000000  ti_sysbios_family_arm_m3_Hwi_ramVectors                              
20000380  ti_sysbios_heaps_HeapMem_Instance_State_0_buf__A                     
20005380  ti_ndk_config_Global_pit                                             
20005428  ti_ndk_config_Global_pitBuffer                                       
20009c28  _ICMPIn                                                              
20009c74  PBMQ_free                                                            
20009c80  ti_ndk_config_Global_pBufMem                                         
2000d880  ti_ndk_config_Global_pHdrMem                                         
2000db78  ti_sysbios_knl_Task_Instance_State_0_stack__A                        
2000e378  ti_sysbios_knl_Task_Instance_State_1_stack__A                        
2000e5f8  ti_sysbios_knl_Task_Instance_State_2_stack__A                        
2000ebf8  ti_sysbios_knl_Task_Instance_State_3_stack__A                        
2000edf8  ti_sysbios_family_arm_m3_Hwi_dispatchTable                           
2000f158  __CIOBUF_                                                            
2000f378  i2cTivaObjects                                                       
2000f478  tcps                                                                 
2000f794  xdc_runtime_SysMin_Module_State_0_outbuf__A                          
2000f814  ips                                                                  
2000f87c  nimu_mcb                                                             
2000f8e0  _ICMPOut                                                             
2000f96c  vlan_mcb                                                             
2000f9b8  udps                                                                 
2000f9dc  rxBuffer                                                             
2000f9fc  BlockCount                                                           
2000fa18  BlockMax                                                             
2000fa34  PageCount                                                            
2000fa50  PageMax                                                              
2000fa6c  i2cTransaction                                                       
2000fa88  stkEvent                                                             
2000fab4  tempstr                                                              
2000fac8  tempstr2                                                             
2000fadc  i2cParams                                                            
2000fafc  raweths                                                              
2000fb0c  raws                                                                 
2000fb1c  tpseudo                                                              
2000fb28  upseudo                                                              
2000fb3c  emacObjects                                                          
2000fb44  parmbuf                                                              
2000fb4c  B3                                                                   
2000fb50  B4                                                                   
2000fb54  B5t                                                                  
2000fb58  B6                                                                   
2000fb5c  B7                                                                   
2000fb84  UP                                                                   
2000fb88  UT                                                                   
2000fb8c  X1p                                                                  
2000fb90  X1t                                                                  
2000fb94  X2p                                                                  
2000fb98  X2t                                                                  
2000fb9c  X3p                                                                  
2000fba0  _IGMPInDiscard                                                       
2000fba4  _IGMPInQuery                                                         
2000fba8  _IGMPInQueryGroup                                                    
2000fbac  _IGMPInResponse                                                      
2000fbb0  _IGMPOutResponse                                                     
2000fbb4  g_ulStatus                                                           
2000fbc8  i2c                                                                  
2000fbcc  raweth_pcb                                                           
2000fbd0  ti_sysbios_knl_Task_Instance_State_0_hookEnv__A                      
2000fbd4  ti_sysbios_knl_Task_Instance_State_1_hookEnv__A                      
2000fbd8  ti_sysbios_knl_Task_Instance_State_2_hookEnv__A                      
2000fbdc  ti_sysbios_knl_Task_Instance_State_3_hookEnv__A                      
2000fbe0  txBuffer                                                             
2000fbe4  AC1                                                                  
2000fbe6  AC2                                                                  
2000fbe8  AC3                                                                  
2000fbea  AC4                                                                  
2000fbec  AC5                                                                  
2000fbee  AC6                                                                  
2000fbf0  B1                                                                   
2000fbf2  B2                                                                   
2000fbf4  MB                                                                   
2000fbf6  MC                                                                   
2000fbf8  MD                                                                   
2000fbfc  ti_sysbios_knl_Task_Object__table__V                                 
2000fd2c  HTTPStd_VER                                                          
2000fd30  HTTPStd_GET                                                          
2000fd34  HTTPStd_POST                                                         
2000fd38  HTTPStd_HEAD                                                         
2000fd3c  HTTPStd_OPTIONS                                                      
2000fd40  HTTPStd_PUT                                                          
2000fd44  HTTPStd_DELETE                                                       
2000fd48  HTTPStd_CONNECT                                                      
2000fd4c  HTTPStd_PATCH                                                        
2000fd50  HTTPStd_CONTENT_TYPE_APPLET                                          
2000fd54  HTTPStd_CONTENT_TYPE_AU                                              
2000fd58  HTTPStd_CONTENT_TYPE_CSS                                             
2000fd5c  HTTPStd_CONTENT_TYPE_DOC                                             
2000fd60  HTTPStd_CONTENT_TYPE_GIF                                             
2000fd64  HTTPStd_CONTENT_TYPE_HTML                                            
2000fd68  HTTPStd_CONTENT_TYPE_JPG                                             
2000fd6c  HTTPStd_CONTENT_TYPE_MPEG                                            
2000fd70  HTTPStd_CONTENT_TYPE_PDF                                             
2000fd74  HTTPStd_CONTENT_TYPE_WAV                                             
2000fd78  HTTPStd_CONTENT_TYPE_ZIP                                             
2000fd7c  HTTPStd_CONTENT_TYPE_PLAIN                                           
2000fd80  HTTPStd_FIELD_NAME_ACCEPT                                            
2000fd84  HTTPStd_FIELD_NAME_ACCEPT_CHARSET                                    
2000fd88  HTTPStd_FIELD_NAME_ACCEPT_ENCODING                                   
2000fd8c  HTTPStd_FIELD_NAME_ACCEPT_LANGUAGE                                   
2000fd90  HTTPStd_FIELD_NAME_ACCEPT_RANGES                                     
2000fd94  HTTPStd_FIELD_NAME_AGE                                               
2000fd98  HTTPStd_FIELD_NAME_ALLOW                                             
2000fd9c  HTTPStd_FIELD_NAME_AUTHORIZATION                                     
2000fda0  HTTPStd_FIELD_NAME_CACHE_CONTROL                                     
2000fda4  HTTPStd_FIELD_NAME_CONNECTION                                        
2000fda8  HTTPStd_FIELD_NAME_CONTENT_ENCODING                                  
2000fdac  HTTPStd_FIELD_NAME_CONTENT_LANGUAGE                                  
2000fdb0  HTTPStd_FIELD_NAME_CONTENT_LENGTH                                    
2000fdb4  HTTPStd_FIELD_NAME_CONTENT_LOCATION                                  
2000fdb8  HTTPStd_FIELD_NAME_CONTENT_MD5                                       
2000fdbc  HTTPStd_FIELD_NAME_CONTENT_RANGE                                     
2000fdc0  HTTPStd_FIELD_NAME_CONTENT_TYPE                                      
2000fdc4  HTTPStd_FIELD_NAME_COOKIE                                            
2000fdc8  HTTPStd_FIELD_NAME_DATE                                              
2000fdcc  HTTPStd_FIELD_NAME_ETAG                                              
2000fdd0  HTTPStd_FIELD_NAME_EXPECT                                            
2000fdd4  HTTPStd_FIELD_NAME_EXPIRES                                           
2000fdd8  HTTPStd_FIELD_NAME_FROM                                              
2000fddc  HTTPStd_FIELD_NAME_HOST                                              
2000fde0  HTTPStd_FIELD_NAME_IF_MATCH                                          
2000fde4  HTTPStd_FIELD_NAME_IF_MODIFIED_SINCE                                 
2000fde8  HTTPStd_FIELD_NAME_IF_NONE_MATCH                                     
2000fdec  HTTPStd_FIELD_NAME_IF_RANGE                                          
2000fdf0  HTTPStd_FIELD_NAME_IF_UNMODIFIED_SINCE                               
2000fdf4  HTTPStd_FIELD_NAME_LAST_MODIFIED                                     
2000fdf8  HTTPStd_FIELD_NAME_LOCATION                                          
2000fdfc  HTTPStd_FIELD_NAME_MAX_FORWARDS                                      
2000fe00  HTTPStd_FIELD_NAME_ORIGIN                                            
2000fe04  HTTPStd_FIELD_NAME_PRAGMA                                            
2000fe08  HTTPStd_FIELD_NAME_PROXY_AUTHENTICATE                                
2000fe0c  HTTPStd_FIELD_NAME_PROXY_AUTHORIZATION                               
2000fe10  HTTPStd_FIELD_NAME_RANGE                                             
2000fe14  HTTPStd_FIELD_NAME_REFERER                                           
2000fe18  HTTPStd_FIELD_NAME_RETRY_AFTER                                       
2000fe1c  HTTPStd_FIELD_NAME_SERVER                                            
2000fe20  HTTPStd_FIELD_NAME_TE                                                
2000fe24  HTTPStd_FIELD_NAME_TRAILER                                           
2000fe28  HTTPStd_FIELD_NAME_TRANSFER_ENCODING                                 
2000fe2c  HTTPStd_FIELD_NAME_UPGRADE                                           
2000fe30  HTTPStd_FIELD_NAME_USER_AGENT                                        
2000fe34  HTTPStd_FIELD_NAME_VARY                                              
2000fe38  HTTPStd_FIELD_NAME_VIA                                               
2000fe3c  HTTPStd_FIELD_NAME_WWW_AUTHENTICATE                                  
2000fe40  HTTPStd_FIELD_NAME_WARNING                                           
2000fe44  HTTPStd_FIELD_NAME_X_FORWARDED_FOR                                   
2000fe48  _ipcfg                                                               
2000fefc  ti_sysbios_knl_Swi_Module_State_0_readyQ__A                          
2000ff7c  ti_sysbios_knl_Task_Module_State_0_readyQ__A                         
2000fffc  ti_sysbios_knl_Semaphore_Object__table__V                            
2001009c  ti_sysbios_knl_Task_Module__state__V                                 
20010160  ti_sysbios_family_arm_lm4_Timer_Module_State_0_device__A             
200101a0  ti_sysbios_family_arm_lm4_Timer_Object__table__V                     
200101e0  ti_sysbios_gates_GateMutex_Object__table__V                          
2001024c  ti_sysbios_family_arm_m3_Hwi_Module__state__V                        
20010280  enablePrefetch                                                       
20010284  phyCounter                                                           
200102b2  ti_sysbios_family_arm_m3_Hwi_Module_State_0_excActive__A             
200102e4  ti_sysbios_knl_Swi_Object__table__V                                  
20010314  ti_sysbios_knl_Clock_Module__state__V                                
20010340  pstrMsgName                                                          
20010368  _oscfg                                                               
2001038c  PITCount                                                             
20010390  PITUsed                                                              
20010394  PITHigh                                                              
200103b0  ti_sysbios_BIOS_Module__state__V                                     
200103d4  ti_sysbios_family_arm_lm4_Timer_Module_State_0_handles__A            
200103f4  ti_sysbios_knl_Clock_Object__table__V                                
20010430  ti_ndk_config_Global_Id2Size                                         
2001044c  ti_sysbios_knl_Swi_Module__state__V                                  
200104b0  ti_sysbios_family_arm_m3_Hwi_Object__table__V                        
200104c8  ti_sysbios_heaps_HeapMem_Object__table__V                            
2001051c  gpioPinConfigs                                                       
20010544  _IGMPForceVersion1                                                   
2001054c  ti_sysbios_family_arm_lm4_Timer_Module__state__V                     
20010558  xdc_runtime_SysMin_Module__state__V                                  
20010570  _lock                                                                
20010574  _unlock                                                              
20010578  NIMUDeviceTable                                                      
20010580  gpioCallbackFunctions                                                
20010590  ti_ndk_config_Global_HostName                                        
20010594  __xdc__init__addr                                                    
200105a0  _ICMPInErrors                                                        
200105a4  _ICMPOutErrors                                                       
200105a8  _IPExecuting                                                         
200105c0  tcp_iss                                                              
200105c4  ptTimeFirst                                                          
200105d0  ti_sysbios_family_arm_m3_Hwi_Module__root__V                         
200105d8  ti_sysbios_gates_GateHwi_Module__root__V                             
200105e0  ti_sysbios_gates_GateMutex_Module__root__V                           
200105e8  ti_sysbios_heaps_HeapMem_Module__root__V                             
200105f0  ti_sysbios_knl_Clock_Module__root__V                                 
200105f8  ti_sysbios_knl_Queue_Module__root__V                                 
20010600  ti_sysbios_knl_Semaphore_Module__root__V                             
20010608  ti_sysbios_knl_Swi_Module__root__V                                   
20010610  ti_sysbios_knl_Task_Module__root__V                                  
20010618  xdc_runtime_Registry_Module__state__V                                
20010620  xdc_runtime_Startup_Module__state__V                                 
20010628  xdc_runtime_System_Module_State_0_atexitHandlers__A                  
20010630  xdc_runtime_System_Module__state__V                                  
20010638  macAddress                                                           
2001064a  xdc_runtime_Error_Module__state__V                                   
2001065c  errno                                                                
20010660  main_func_sp                                                         
20010668  _IPReasmPtr                                                          
20010678  ti_sysbios_family_arm_m3_Hwi_Module_State_0_excContext__A            
2001067c  ti_sysbios_family_arm_m3_Hwi_Module_State_0_excStack__A              
20010680  ti_sysbios_gates_GateHwi_Object__table__V                            
20010684  ti_sysbios_knl_Task_Module_State_0_idleTask__A                       
20010688  xdc_runtime_Memory_Module__state__V                                  
20010690  __stack                                                              
20010e90  __STACK_END                                                          
e000e000  ti_sysbios_family_arm_m3_Hwi_nvic                                    
ffffffff  __TI_pprof_out_hndl                                                  
ffffffff  __TI_prof_data_size                                                  
ffffffff  __TI_prof_data_start                                                 
ffffffff  __binit__                                                            
ffffffff  __c_args__                                                           
ffffffff  binit                                                                
UNDEFED   SHT$$INIT_ARRAY$$Base                                                
UNDEFED   SHT$$INIT_ARRAY$$Limit                                               

[1202 symbols]
