******************************************************************************
                  TI ARM Linker PC v18.12.3                    
******************************************************************************
>> Linked Tue Dec 31 13:26:51 2019

OUTPUT FILE NAME:   <project_draft_04.out>
ENTRY POINT SYMBOL: "_c_int00"  address: 000111bd


MEMORY CONFIGURATION

         name            origin    length      used     unused   attr    fill
----------------------  --------  ---------  --------  --------  ----  --------
  FLASH                 00000000   00100000  00018c46  000e73ba  R  X
  SRAM                  20000000   00040000  000112c4  0002ed3c  RW X


SEGMENT ALLOCATION MAP

run origin  load origin   length   init length attrs members
----------  ----------- ---------- ----------- ----- -------
00000000    00000000    00018c50   00018c50    r-x
  00000000    00000000    0000003c   0000003c    r-- .resetVecs
  00000040    00000040    00015e92   00015e92    r-x .text
  00015ed4    00015ed4    000028a8   000028a8    r-- .const
  00018780    00018780    000004d0   000004d0    r-- .cinit
20000000    20000000    00000360   00000000    rw-
  20000000    20000000    00000360   00000000    rw- .vecs
20000380    20000380    00010f68   00000000    rw-
  20000380    20000380    0000fda8   00000000    rw- .bss
  20010128    20010128    000009bc   00000000    rw- .data
  20010ae8    20010ae8    00000800   00000000    rw- .stack


SECTION ALLOCATION MAP

 output                                  attributes/
section   page    origin      length       input sections
--------  ----  ----------  ----------   ----------------
.text      0    00000040    00015e92     
                  00000040    00000c68     stk.aem4f : tcpin.oem4f (.text:TcpInput)
                  00000ca8    00000a4e     rtsv7M4_T_le_v4SPD16_eabi.lib : _printfi.c.obj (.text:__TI_printfi)
                  000016f6    00000002     hal_userled_stub.aem4f : llled.oem4f (.text:LED_TOGGLE)
                  000016f8    000008b8     stk.aem4f : tcpout.oem4f (.text:TcpOutput)
                  00001fb0    00000430     sysbios.aem4f : BIOS.obj (.text:ti_sysbios_family_arm_m3_Hwi_excDumpRegs__I)
                  000023e0    00000408     stk.aem4f : ipout.oem4f (.text:IPTxPacket)
                  000027e8    00000384               : ipin.oem4f (.text:IPRxPacket)
                  00002b6c    00000372     nettool_ipv4.aem4f : dnscomn.oem4f (.text:DNSResolveByName)
                  00002ede    00000002     stk.aem4f : nat.oem4f (.text:NatMsg)
                  00002ee0    00000350     projct_04.obj (.text:httpTask)
                  00003230    0000034c     ti.targets.arm.rtsarm.aem4f : System.oem4f (.text:xdc_runtime_System_doPrint__I)
                  0000357c    000002fe     nettool_ipv4.aem4f : dnscomn.oem4f (.text:DNSResolveByAddr)
                  0000387a    00000002     os.aem4f : task.oem4f (.text:_TaskInit)
                  0000387c    000002f8     nettool_ipv4.aem4f : inetaddr.oem4f (.text:getaddrinfo)
                  00003b74    000002da                        : dnscomn.oem4f (.text:DNSResolveByNS)
                  00003e4e    00000002     os.aem4f : task.oem4f (.text:_TaskShutdown)
                  00003e50    00000284     stk.aem4f : sock.oem4f (.text:SockSet)
                  000040d4    00000270     rtsv7M4_T_le_v4SPD16_eabi.lib : _printfi.c.obj (.text:_pconv_a)
                  00004344    0000024c     stk.aem4f : ipfrag.oem4f (.text:IPReasm)
                  00004590    0000023c               : icmpin.oem4f (.text:ICMPInput)
                  000047cc    00000238               : udp.oem4f (.text:UdpInput)
                  00004a04    00000204     Boot.aem4f : Boot_sysctl.oem4f (.text:ti_catalog_arm_cortexm4_tiva_ce_Boot_sysCtlClockFreqSetI__I)
                  00004c08    000001f4     stk.aem4f : sock.oem4f (.text:SockRecv)
                  00004dfc    00000004               : bind.oem4f (.text:BindGetIF)
                  00004e00    000001f4     sysbios.aem4f : BIOS.obj (.text:ti_sysbios_family_arm_m3_Hwi_excHandlerMax__I)
                  00004ff4    000001d0     rtsv7M4_T_le_v4SPD16_eabi.lib : _printfi.c.obj (.text:_pconv_g)
                  000051c4    000001b8     drivers_tivaware.aem4f : EMACSnow.oem4f (.text:EMACSnow_NIMUInit)
                  0000537c    000001b6     rtsv7M4_T_le_v4SPD16_eabi.lib : fd_add_t2.asm.obj (.text)
                  00005532    00000002     hal_ser_stub.aem4f : llserstb.oem4f (.text:_llSerialServiceCheck)
                  00005534    000001b0     stk.aem4f : lliout.oem4f (.text:LLITxIpPacket)
                  000056e4    000001ac               : lliin.oem4f (.text:LLIRxPacket)
                  00005890    0000019c     os.aem4f : mem.oem4f (.text:mmAlloc)
                  00005a2c    0000019a     nettool_ipv4.aem4f : dnsclnt.oem4f (.text:DNSResolve)
                  00005bc6    00000002     hal_ser_stub.aem4f : llserstb.oem4f (.text:_llSerialShutdown)
                  00005bc8    00000198     stk.aem4f : igmp.oem4f (.text:IGMPInput)
                  00005d60    00000198     nettool_ipv4.aem4f : ipaddr.oem4f (.text:NtGetPublicHost)
                  00005ef8    00000190     stk.aem4f : sock.oem4f (.text:SockNew)
                  00006088    00000174     netctrl_min_ipv4.aem4f : netctrl.oem4f (.text:NC_NetStart)
                  000061fc    00000004     stk.aem4f : bind.oem4f (.text:BindGetNext)
                  00006200    00000174     sysbios.aem4f : BIOS.obj (.text:ti_sysbios_family_arm_m3_Hwi_excBusFault__I)
                  00006374    00000170     stk.aem4f : rtc.oem4f (.text:RTCReport)
                  000064e4    0000016c     nettool_ipv4.aem4f : dnscomn.oem4f (.text:DNSResolveExternal)
                  00006650    0000016a     stk.aem4f : sb.oem4f (.text:SBRead)
                  000067ba    00000006     driverlib.lib : emac.obj (.text:EMACRxDMADescriptorListSet)
                  000067c0    00000164     sysbios.aem4f : BIOS.obj (.text:ti_sysbios_family_arm_m3_Hwi_excUsageFault__I)
                  00006924    00000160     stk.aem4f : sock.oem4f (.text:SockConnect)
                  00006a84    00000158     nettool_ipv4.aem4f : dhcpmain.oem4f (.text:DHCPOpen)
                  00006bdc    00000150     drivers_tivaware.aem4f : GPIOTiva.oem4f (.text:GPIO_setConfig)
                  00006d2c    00000004     http_ndk.aem4f : httpcli.oem4f (.text:HTTPCli_construct)
                  00006d30    00000150     sysbios.aem4f : BIOS.obj (.text:ti_sysbios_knl_Task_Instance_finalize__E)
                  00006e80    00000148                   : BIOS.obj (.text:ti_sysbios_family_arm_m3_Hwi_excMemFault__I)
                  00006fc8    00000144     stk.aem4f : bind.oem4f (.text:BindNew)
                  0000710c    00000140               : tcp.oem4f (.text:TcpTimeoutCheck)
                  0000724c    0000013c     nettool_ipv4.aem4f : config.oem4f (.text:CfgAddEntry)
                  00007388    0000013c     stk.aem4f : sockint.oem4f (.text:SockNotify)
                  000074c4    0000013c               : sock.oem4f (.text:SockSend)
                  00007600    0000013c     rtsv7M4_T_le_v4SPD16_eabi.lib : _printfi.c.obj (.text:_pconv_e)
                  0000773c    00000004     driverlib.lib : i2c.obj (.text:I2CMasterControl)
                  00007740    00000138     sysbios.aem4f : BIOS.obj (.text:ti_sysbios_knl_Semaphore_pend__E)
                  00007878    00000136     nettool_ipv4.aem4f : dnspkt.oem4f (.text:DNSGetReply)
                  000079ae    00000136     rtsv7M4_T_le_v4SPD16_eabi.lib : fd_div_t2.asm.obj (.text)
                  00007ae4    00000134     stk.aem4f : icmp.oem4f (.text:ICMPGenPacket)
                  00007c18    00000132     nettool_ipv4.aem4f : dnspkt.oem4f (.text:DNSReadRecord)
                  00007d4a    00000130     driverlib.lib : gpio.obj (.text:GPIOPadConfigSet)
                  00007e7a    00000002     hal_userled_stub.aem4f : llled.oem4f (.text:_llUserLedInit)
                  00007e7c    0000012c     EK_TM4C1294XL.obj (.text:EK_TM4C1294XL_initEMAC)
                  00007fa8    00000128     http_ndk.aem4f : httpcli.oem4f (.text:contentHandler)
                  000080d0    00000128     projct_04.obj (.text:taskFxn)
                  000081f8    00000124     stk.aem4f : sockpcb.oem4f (.text:SockPcbResolve)
                  0000831c    00000124               : udp.oem4f (.text:UdpOutput)
                  00008440    00000124     rtsv7M4_T_le_v4SPD16_eabi.lib : _printfi.c.obj (.text:fcvt)
                  00008564    00000124     projct_04.obj (.text:sendData2Server)
                  00008688    00000120     project_04_pem4f.oem4f (.text:ti_ndk_config_Global_stackThread)
                  000087a8    00000118     http_ndk.aem4f : httpcli.oem4f (.text:HTTPCli_connect)
                  000088c0    00000118     stk.aem4f : tcpout.oem4f (.text:TcpGenPacket)
                  000089d8    00000118     ti.targets.arm.rtsarm.aem4f : Error.oem4f (.text:xdc_runtime_Error_policyDefault__E)
                  00008af0    00000114     stk.aem4f : nimu.oem4f (.text:NIMUIoctl)
                  00008c04    00000110               : node.oem4f (.text:NodeTreeFree)
                  00008d14    00000110               : raw.oem4f (.text:RawInput)
                  00008e24    00000110     rtsv7M4_T_le_v4SPD16_eabi.lib : s_scalbn.c.obj (.text:scalbn)
                  00008f34    00000110                                   : strtoul.c.obj (.text:strtoul)
                  00009044    0000010c     stk.aem4f : rtable.oem4f (.text:RtFind)
                  00009150    0000010a               : route.oem4f (.text:RtCreate)
                  0000925a    00000002     hal_userled_stub.aem4f : llled.oem4f (.text:_llUserLedShutdown)
                  0000925c    00000108     drivers_tivaware.aem4f : EMACSnow.oem4f (.text:EMACSnow_emacStart)
                  00009364    00000004     driverlib.lib : i2c.obj (.text:I2CMasterDataGet)
                  00009368    00000108     sysbios.aem4f : BIOS.obj (.text:ti_sysbios_family_arm_lm4_Timer_start__E)
                  00009470    00000106     http_ndk.aem4f : httpcli.oem4f (.text:HTTPCli_getResponseField)
                  00009576    00000002     rtsv7M4_T_le_v4SPD16_eabi.lib : _lock.c.obj (.text:_nop)
                  00009578    00000104     os.aem4f : task.oem4f (.text:llEnter)
                  0000967c    00000102     nettool_ipv4.aem4f : dhcppkt.oem4f (.text:dhcpPacketProcess)
                  0000977e    00000102                        : inetaddr.oem4f (.text:inet_aton)
                  00009880    00000100     stk.aem4f : igmp.oem4f (.text:IGMPSendReply)
                  00009980    00000100     ti.targets.arm.rtsarm.aem4f : Core-mem.oem4f (.text:xdc_runtime_Core_createObject__I)
                  00009a80    000000fc     netctrl_min_ipv4.aem4f : netctrl.oem4f (.text:NetScheduler)
                  00009b7c    000000fc     rtsv7M4_T_le_v4SPD16_eabi.lib : fd_mul_t2.asm.obj (.text)
                  00009c78    000000f8     stk.aem4f : pipe.oem4f (.text:PipeRecv)
                  00009d70    000000f8     ti.targets.arm.rtsarm.aem4f : Startup.oem4f (.text:xdc_runtime_Startup_startMods__I)
                  00009e68    000000f8     project_04_pem4f.oem4f (.text:xdc_runtime_System_printfExtend__I)
                  00009f60    000000f4     os.aem4f : task.oem4f (.text:TaskGetEnv)
                  0000a054    000000f4     sysbios.aem4f : m3_Hwi_asm.obj (.text:ti_sysbios_family_arm_m3_Hwi_dispatch__I)
                  0000a148    000000f4                   : BIOS.obj (.text:ti_sysbios_knl_Task_Instance_init__E)
                  0000a23c    000000f2     http_ndk.aem4f : httpcli.oem4f (.text:bufferedRecv)
                  0000a32e    00000002     hal_ser_stub.aem4f : llserstb.oem4f (.text:llSerialService)
                  0000a330    000000f0     stk.aem4f : lliout.oem4f (.text:LLIGenArpPacket)
                  0000a420    000000f0               : sock.oem4f (.text:SockClose)
                  0000a510    000000ee     nettool_ipv4.aem4f : dnspkt.oem4f (.text:DNSWriteRecord)
                  0000a5fe    00000002     rtsv7M4_T_le_v4SPD16_eabi.lib : div0.asm.obj (.text)
                  0000a600    000000ec     http_ndk.aem4f : httpcli.oem4f (.text:redirect)
                  0000a6ec    00000004     driverlib.lib : i2c.obj (.text:I2CMasterDataPut)
                  0000a6f0    000000ec     sysbios.aem4f : BIOS.obj (.text:ti_sysbios_knl_Task_postInit__I)
                  0000a7dc    000000e8     os.aem4f : task.oem4f (.text:TaskSetEnv)
                  0000a8c4    000000e6     nettool_ipv4.aem4f : dnspkt.oem4f (.text:DNSWriteName)
                  0000a9aa    00000002     project_04_pem4f.oem4f (.text:ti_ndk_config_Global_NetworkClose)
                  0000a9ac    000000e6     http_ndk.aem4f : httpcli.oem4f (.text:HTTPCli_initSockAddr)
                  0000aa92    00000002     project_04_pem4f.oem4f (.text:ti_ndk_config_Global_NetworkOpen)
                  0000aa94    000000e0     drivers_tivaware.aem4f : I2CTiva.oem4f (.text:I2CTiva_open)
                  0000ab74    000000e0     stk.aem4f : tcptime.oem4f (.text:TcpTimeoutRexmt)
                  0000ac54    000000dc               : sb.oem4f (.text:SBWrite)
                  0000ad30    000000dc     nettool_ipv4.aem4f : dhcpsock.oem4f (.text:dhcpSocketOpen)
                  0000ae0c    000000dc                        : dhcpsm.oem4f (.text:dhcpState)
                  0000aee8    000000d8     stk.aem4f : node.oem4f (.text:NodeAdd)
                  0000afc0    000000d8               : tcpprot.oem4f (.text:TcpPrSetOption)
                  0000b098    000000d6     drivers_tivaware.aem4f : I2CTiva.oem4f (.text:I2CTiva_hwiFxn)
                  0000b16e    00000002     project_04_pem4f.oem4f (.text:ti_sysbios_BIOS_nullFunc__I)
                  0000b170    000000d4     drivers_tivaware.aem4f : EMACSnow.oem4f (.text:EMACSnow_handleRx)
                  0000b244    000000d4     stk.aem4f : sockpcb.oem4f (.text:SockPcbBind)
                  0000b318    000000d4     projct_04.obj (.text:main)
                  0000b3ec    00000004     os.aem4f : ossys.oem4f (.text:NDK_vsprintf)
                  0000b3f0    000000d4     sysbios.aem4f : BIOS.obj (.text:ti_sysbios_heaps_HeapMem_alloc__E)
                  0000b4c4    000000d1     stk.aem4f : nimu.oem4f (.text:NIMUReceivePacket)
                  0000b595    00000001     --HOLE-- [fill = 0]
                  0000b596    00000002     project_04_pem4f.oem4f (.text:xdc_runtime_Startup_reset__I)
                  0000b598    000000cc     stk.aem4f : icmp.oem4f (.text:ICMPSendRtAdv)
                  0000b664    000000cc     nettool_ipv4.aem4f : dhcpbild.oem4f (.text:dhcpBuildHeader)
                  0000b730    000000cc                        : dhcpsm.oem4f (.text:dhcpIPAdd)
                  0000b7fc    000000cc                        : dhcppkt.oem4f (.text:dhcpVerifyMessage)
                  0000b8c8    000000cc     ti.targets.arm.rtsarm.aem4f : Core-smem.oem4f (.text:xdc_runtime_Core_constructObject__I)
                  0000b994    000000c8     stk.aem4f : rawethsock.oem4f (.text:RawEthSockNew)
                  0000ba5c    000000c8     netctrl_min_ipv4.aem4f : netsrv.oem4f (.text:SPIpNet)
                  0000bb24    000000c8     projct_04.obj (.text:netIPAddrHook)
                  0000bbec    00000004     stk.aem4f : node.oem4f (.text:NodeSetRt)
                  0000bbf0    000000c8     sysbios.aem4f : BIOS.obj (.text:ti_sysbios_knl_Task_sleep__E)
                  0000bcb8    000000c4     drivers_tivaware.aem4f : EMACSnow.oem4f (.text:EMACSnow_InitDMADescriptors)
                  0000bd7c    000000c4     stk.aem4f : igmp.oem4f (.text:IGMPJoinHostGroup)
                  0000be40    000000c4     nettool_ipv4.aem4f : dhcpsm.oem4f (.text:StateBound)
                  0000bf04    000000c4     http_ndk.aem4f : httpcli.oem4f (.text:getChunkedData)
                  0000bfc8    000000c2     nettool_ipv4.aem4f : dnspkt.oem4f (.text:DNSReadName)
                  0000c08a    00000002     --HOLE-- [fill = 0]
                  0000c08c    000000be                        : dnsclnt.oem4f (.text:DNSGetHostByName)
                  0000c14a    000000bc     stk.aem4f : sockpcb.oem4f (.text:SockPcbFind)
                  0000c206    00000002     --HOLE-- [fill = 0]
                  0000c208    000000bc               : vlan.oem4f (.text:VLANDeinit)
                  0000c2c4    00000004               : rawethsock_prot.oem4f (.text:RawEthSockPrAttach)
                  0000c2c8    000000bc     sysbios.aem4f : BIOS.obj (.text:ti_sysbios_family_arm_m3_Hwi_excDebugMon__I)
                  0000c384    00000004     stk.aem4f : rawethsock_prot.oem4f (.text:RawEthSockPrDetach)
                  0000c388    000000bc     sysbios.aem4f : BIOS.obj (.text:ti_sysbios_family_arm_m3_Hwi_excHardFault__I)
                  0000c444    00000004     os.aem4f : semaphore.oem4f (.text:SemPend)
                  0000c448    000000bc     sysbios.aem4f : BIOS.obj (.text:ti_sysbios_knl_Task_exit__E)
                  0000c504    000000b8     EK_TM4C1294XL.obj (.text:EK_TM4C1294XL_initGeneral)
                  0000c5bc    000000b8     stk.aem4f : icmpin.oem4f (.text:ICMPRevSrcRoute)
                  0000c674    000000b8               : lli.oem4f (.text:_LLITimeoutCheck)
                  0000c72c    000000b4               : tcptime.oem4f (.text:TcpTimeoutKeep)
                  0000c7e0    000000b4     http_ndk.aem4f : httpcli.oem4f (.text:getStatus)
                  0000c894    00000004     os.aem4f : semaphore.oem4f (.text:SemPost)
                  0000c898    000000b4     sysbios.aem4f : BIOS.obj (.text:ti_sysbios_knl_Task_checkStacks__E)
                  0000c94c    000000b1     rtsv7M4_T_le_v4SPD16_eabi.lib : _printfi.c.obj (.text:_ltostr)
                  0000c9fd    00000003     --HOLE-- [fill = 0]
                  0000ca00    000000b1     nettool_ipv4.aem4f : inetaddr.oem4f (.text:createAddrInfo)
                  0000cab1    00000001     --HOLE-- [fill = 0]
                  0000cab2    000000b0     stk.aem4f : rawethsock.oem4f (.text:RawEthSockSet)
                  0000cb62    00000002     --HOLE-- [fill = 0]
                  0000cb64    000000ac               : rtable.oem4f (.text:RtTimeoutCheck)
                  0000cc10    000000ac     http_ndk.aem4f : httpcli.oem4f (.text:httpProxyTunnel)
                  0000ccbc    00000004     os.aem4f : semaphore.oem4f (.text:SemReset)
                  0000ccc0    000000ac     sysbios.aem4f : BIOS.obj (.text:ti_sysbios_family_arm_lm4_Timer_enableTiva__I)
                  0000cd6c    000000aa     network_ndk.aem4f : ssock.oem4f (.text:Ssock_send)
                  0000ce16    00000002     --HOLE-- [fill = 0]
                  0000ce18    000000a8     stk.aem4f : sockint.oem4f (.text:SockCreatePacket)
                  0000cec0    000000a4     sysbios.aem4f : BIOS.obj (.text:ti_sysbios_knl_Task_setPri__E)
                  0000cf64    000000a0     stk.aem4f : ip.oem4f (.text:IPGetRoute)
                  0000d004    000000a0     auto_init.aem4f : auto_init.oem4f (.text)
                  0000d0a4    000000a0     ti.targets.arm.rtsarm.aem4f : Text.oem4f (.text:xdc_runtime_Text_putMod__E)
                  0000d144    0000009e     stk.aem4f : nimu.oem4f (.text:NIMUAddEthernetHeader)
                  0000d1e2    0000009e     nettool_ipv4.aem4f : dhcpbild.oem4f (.text:dhcpBuildRequest)
                  0000d280    0000009c     stk.aem4f : exec.oem4f (.text:ExecOpen)
                  0000d31c    0000009c     rtsv7M4_T_le_v4SPD16_eabi.lib : memcpy_t2.asm.obj (.text)
                  0000d3b8    0000009a     ti.targets.arm.rtsarm.aem4f : Text.oem4f (.text:xdc_runtime_Text_putSite__E)
                  0000d452    00000002     --HOLE-- [fill = 0]
                  0000d454    00000098     netctrl_min_ipv4.aem4f : netctrl.oem4f (.text:NC_SystemOpen)
                  0000d4ec    00000098                            : netsrv.oem4f (.text:ServiceScan)
                  0000d584    00000098     Boot.aem4f : Boot.oem4f (.text:ti_catalog_arm_cortexm4_tiva_ce_Boot_sysCtlClockFreqSet__E)
                  0000d61c    00000004     network_ndk.aem4f : ssock.oem4f (.text:Ssock_getSocket)
                  0000d620    00000098     sysbios.aem4f : BIOS.obj (.text:ti_sysbios_knl_Task_schedule__I)
                  0000d6b8    00000096     rtsv7M4_T_le_v4SPD16_eabi.lib : ull_div_t2.asm.obj (.text)
                  0000d74e    00000002     --HOLE-- [fill = 0]
                  0000d750    00000094     nettool_ipv4.aem4f : config.oem4f (.text:CfgRemoveEntry)
                  0000d7e4    00000004     os.aem4f : task.oem4f (.text:TaskSelf)
                  0000d7e8    00000094     sysbios.aem4f : BIOS.obj (.text:ti_sysbios_family_arm_m3_Hwi_Instance_init__E)
                  0000d87c    00000004     os.aem4f : task.oem4f (.text:TaskSetPri)
                  0000d880    00000094     sysbios.aem4f : BIOS.obj (.text:ti_sysbios_family_arm_m3_Hwi_initNVIC__E)
                  0000d914    00000090     nettool_ipv4.aem4f : config.oem4f (.text:CfgExecute)
                  0000d9a4    00000090     stk.aem4f : igmp.oem4f (.text:IGMPMsg)
                  0000da34    00000090     os.aem4f : mem.oem4f (.text:mmBulkAlloc)
                  0000dac4    00000090     http_ndk.aem4f : httpcli.oem4f (.text:readLine)
                  0000db54    00000004     hal_ser_stub.aem4f : llserstb.oem4f (.text:_llSerialInit)
                  0000db58    00000090     sysbios.aem4f : BIOS.obj (.text:ti_sysbios_knl_Task_Module_startup__E)
                  0000dbe8    00000090                   : BIOS.obj (.text:ti_sysbios_knl_Task_startCore__E)
                  0000dc78    0000008c     nettool_ipv4.aem4f : dnscomn.oem4f (.text:DNSResolveQuery)
                  0000dd04    0000008c     drivers_tivaware.aem4f : GPIOTiva.oem4f (.text:GPIO_init)
                  0000dd90    0000008c     stk.aem4f : ip.oem4f (.text:IPMsg)
                  0000de1c    0000008c     os.aem4f : mem.oem4f (.text:_mmInit)
                  0000dea8    0000008c              : mem.oem4f (.text:mmInitPage)
                  0000df34    0000008c     sysbios.aem4f : m3_TaskSupport_asm.obj (.text:ti_sysbios_family_arm_m3_TaskSupport_buildTaskStack)
                  0000dfc0    0000008a     netctrl_min_ipv4.aem4f : netsrv.oem4f (.text:SPRoute)
                  0000e04a    00000002     --HOLE-- [fill = 0]
                  0000e04c    00000088                            : netsrv.oem4f (.text:ServiceSpawn)
                  0000e0d4    00000088     stk.aem4f : sockpcb.oem4f (.text:SockPcbCtlError)
                  0000e15c    00000087     project_04_pem4f.oem4f (.text:ti_ndk_config_Global_NetworkIPAddr)
                  0000e1e3    00000001     --HOLE-- [fill = 0]
                  0000e1e4    00000086     nettool_ipv4.aem4f : dhcpsm.oem4f (.text:StateRequesting)
                  0000e26a    00000086     rtsv7M4_T_le_v4SPD16_eabi.lib : fd_cmp_t2.asm.obj (.text:__aeabi_cdcmple)
                  0000e2f0    00000086                                   : fd_cmp_t2.asm.obj (.text:__aeabi_cdrcmple)
                  0000e376    00000002     --HOLE-- [fill = 0]
                  0000e378    00000084     nettool_ipv4.aem4f : config.oem4f (.text:CfgGetEntry)
                  0000e3fc    00000084     drivers_tivaware.aem4f : EMACSnow.oem4f (.text:EMACSnow_processPhyInterrupt)
                  0000e480    00000084     stk.aem4f : tcpprot.oem4f (.text:TcpPrAttach)
                  0000e504    00000084     os.aem4f : mem.oem4f (.text:mmBulkFree)
                  0000e588    00000084              : mem.oem4f (.text:mmFree)
                  0000e60c    00000004     rtsv7M4_T_le_v4SPD16_eabi.lib : exit.c.obj (.text:abort:abort)
                  0000e610    00000084     sysbios.aem4f : BIOS.obj (.text:ti_sysbios_family_arm_m3_Hwi_postInit__I)
                  0000e694    00000082     nettool_ipv4.aem4f : dhcpsm.oem4f (.text:StateRenewRebind)
                  0000e716    00000002     --HOLE-- [fill = 0]
                  0000e718    00000080     drivers_tivaware.aem4f : EMACSnow.oem4f (.text:EMACSnow_emacStop)
                  0000e798    00000080                            : EMACSnow.oem4f (.text:EMACSnow_processPendingTx)
                  0000e818    00000080     stk.aem4f : lli.oem4f (.text:LLINew)
                  0000e898    00000080     netctrl_min_ipv4.aem4f : netsrv.oem4f (.text:NS_BootTask)
                  0000e918    00000080     stk.aem4f : pbm.oem4f (.text:PBM_alloc)
                  0000e998    00000080               : raw.oem4f (.text:RawOutput)
                  0000ea18    00000080     projct_04.obj (.text:socketTask)
                  0000ea98    0000007e     drivers_tivaware.aem4f : I2CTiva.oem4f (.text:I2CTiva_transfer)
                  0000eb16    0000007e     stk.aem4f : fileuser.oem4f (.text:fdClose)
                  0000eb94    0000007c     nettool_ipv4.aem4f : config.oem4f (.text:CfgGetNextEntry)
                  0000ec10    0000007c     drivers_tivaware.aem4f : EMACSnow.oem4f (.text:EMACSnow_hwiIntFxn)
                  0000ec8c    0000007c     stk.aem4f : igmp.oem4f (.text:IGMPDoMCast)
                  0000ed08    0000007c               : igmp.oem4f (.text:IGMPJoin)
                  0000ed84    0000007c               : socket.oem4f (.text:NDK_setsockopt)
                  0000ee00    0000007c               : nimu.oem4f (.text:NIMURegister)
                  0000ee7c    0000007c               : pbm.oem4f (.text:PBM_free)
                  0000eef8    0000007c     nettool_ipv4.aem4f : inetaddr.oem4f (.text:inet_pton)
                  0000ef74    00000004     stk.aem4f : listlib.oem4f (.text:list_get_head)
                  0000ef78    0000007c     sysbios.aem4f : BIOS.obj (.text:ti_sysbios_heaps_HeapMem_free__E)
                  0000eff4    0000007a     rtsv7M4_T_le_v4SPD16_eabi.lib : memset_t2.asm.obj (.text)
                  0000f06e    00000002     --HOLE-- [fill = 0]
                  0000f070    00000078     driverlib.lib : emac.obj (.text:EMACInit)
                  0000f0e8    00000078     stk.aem4f : socket.oem4f (.text:NDK_sendto)
                  0000f160    00000078               : tcptime.oem4f (.text:TcpXmitTimer)
                  0000f1d8    00000078               : fileuser.oem4f (.text:fdOpenSession)
                  0000f250    00000078     os.aem4f : task.oem4f (.text:llExit)
                  0000f2c8    00000076     stk.aem4f : pipe.oem4f (.text:PipeSend)
                  0000f33e    00000002     --HOLE-- [fill = 0]
                  0000f340    00000075               : tcptime.oem4f (.text:TcpTimeoutSackRexmt)
                  0000f3b5    00000003     --HOLE-- [fill = 0]
                  0000f3b8    00000074               : igmp.oem4f (.text:IGMPLeaveHostGroup)
                  0000f42c    00000074               : nimu.oem4f (.text:NIMUShutdown)
                  0000f4a0    00000074               : raweth.oem4f (.text:RawEthRxPacket)
                  0000f514    00000074               : sockpcb.oem4f (.text:SockPcbConnect)
                  0000f588    00000074     nettool_ipv4.aem4f : inetaddr.oem4f (.text:setAddrInfo)
                  0000f5fc    00000072     os.aem4f : semaphore.oem4f (.text:SemCreateBinary)
                  0000f66e    00000002     --HOLE-- [fill = 0]
                  0000f670    00000070     http_ndk.aem4f : httpcli.oem4f (.text:HTTPCli_sendRequest)
                  0000f6e0    00000070     stk.aem4f : socket.oem4f (.text:NDK_send)
                  0000f750    00000070               : rtable.oem4f (.text:RtFlush)
                  0000f7c0    00000070     netctrl_min_ipv4.aem4f : netsrv.oem4f (.text:SPConfig)
                  0000f830    00000070     stk.aem4f : sock.oem4f (.text:SockShutdown)
                  0000f8a0    00000070     nettool_ipv4.aem4f : dhcptags.oem4f (.text:dhcpDecodeType)
                  0000f910    00000070     sysbios.aem4f : BIOS.obj (.text:ti_sysbios_knl_Clock_workFunc__E)
                  0000f980    0000006e     stk.aem4f : socket.oem4f (.text:NDK_recv)
                  0000f9ee    00000002     --HOLE-- [fill = 0]
                  0000f9f0    0000006e               : rtable.oem4f (.text:RtWalkNext)
                  0000fa5e    0000006e               : sockpcb.oem4f (.text:SockPcbFindRaw)
                  0000facc    0000006e     rtsv7M4_T_le_v4SPD16_eabi.lib : _printfi.c.obj (.text:_mcpy)
                  0000fb3a    00000002     --HOLE-- [fill = 0]
                  0000fb3c    0000006d     stk.aem4f : node.oem4f (.text:NodeNew)
                  0000fba9    00000003     --HOLE-- [fill = 0]
                  0000fbac    0000006d     ti.targets.arm.rtsarm.aem4f : System.oem4f (.text:xdc_runtime_System_formatNum__I)
                  0000fc19    00000003     --HOLE-- [fill = 0]
                  0000fc1c    0000006c     os.aem4f : ossys.oem4f (.text:DbgPrintf)
                  0000fc88    0000006c     stk.aem4f : node.oem4f (.text:NodeTreeNew)
                  0000fcf4    0000006c               : raweth.oem4f (.text:RawEthTxPacket)
                  0000fd60    0000006c               : udp.oem4f (.text:UdpChecksum)
                  0000fdcc    0000006c     http_ndk.aem4f : httpcli.oem4f (.text:checkContentField)
                  0000fe38    0000006c     project_04_pem4f.oem4f (.text:ti_ndk_config_ip_init)
                  0000fea4    00000004     stk.aem4f : listlib.oem4f (.text:list_get_next)
                  0000fea8    0000006c     sysbios.aem4f : BIOS.obj (.text:ti_sysbios_knl_Swi_restoreHwi__E)
                  0000ff14    0000006c     ti.targets.arm.rtsarm.aem4f : Error.oem4f (.text:xdc_runtime_Error_print__E)
                  0000ff80    0000006c                                 : Memory.oem4f (.text:xdc_runtime_Memory_alloc__E)
                  0000ffec    0000006a     stk.aem4f : tcpprot.oem4f (.text:TcpPrInherit)
                  00010056    00000002     --HOLE-- [fill = 0]
                  00010058    00000068     EK_TM4C1294XL.obj (.text:EK_TM4C1294XL_initI2C)
                  000100c0    00000068     stk.aem4f : socket.oem4f (.text:NDK_socket)
                  00010128    00000068               : pbm.oem4f (.text:PBM_open)
                  00010190    00000068               : rtable.oem4f (.text:_RtNodeInsert)
                  000101f8    00000068     rtsv7M4_T_le_v4SPD16_eabi.lib : copy_decompress_lzss.c.obj (.text:decompress:lzss:__TI_decompress_lzss)
                  00010260    00000066     ti.targets.arm.rtsarm.aem4f : Core-mem.oem4f (.text:xdc_runtime_Core_deleteObject__I)
                  000102c6    00000002     --HOLE-- [fill = 0]
                  000102c8    00000064     nettool_ipv4.aem4f : config.oem4f (.text:CfgFree)
                  0001032c    00000064     drivers_tivaware.aem4f : GPIOTiva.oem4f (.text:GPIO_hwiIntFxn)
                  00010390    00000064     stk.aem4f : pbm.oem4f (.text:PBMQ_enq)
                  000103f4    00000064               : sockint.oem4f (.text:SockSpawnAbort)
                  00010458    00000064     rtsv7M4_T_le_v4SPD16_eabi.lib : s_frexp.c.obj (.text:frexp)
                  000104bc    00000064     hal_timer_bios.aem4f : lltimer.oem4f (.text:llTimerTick)
                  00010520    00000064     sysbios.aem4f : BIOS.obj (.text:ti_sysbios_family_arm_lm4_Timer_Module_startup__E)
                  00010584    00000064     project_04_pem4f.oem4f (.text:ti_sysbios_family_arm_m3_Hwi_create)
                  000105e8    00000064     sysbios.aem4f : BIOS.obj (.text:ti_sysbios_family_arm_m3_Hwi_dispatchC__I)
                  0001064c    00000004     http_ndk.aem4f : httpcli.oem4f (.text:threadExit)
                  00010650    00000064     sysbios.aem4f : BIOS.obj (.text:ti_sysbios_knl_Semaphore_post__E)
                  000106b4    00000064     stk.aem4f : lliin.oem4f (.text:updateRtTable)
                  00010718    00000062     drivers_tivaware.aem4f : I2CTiva.oem4f (.text:I2CTiva_primeTransfer)
                  0001077a    00000062     stk.aem4f : ipin.oem4f (.text:IPRouteIP)
                  000107dc    00000062               : sb.oem4f (.text:SBNew)
                  0001083e    00000002     --HOLE-- [fill = 0]
                  00010840    00000060     nettool_ipv4.aem4f : config.oem4f (.text:CfgGetEntryCnt)
                  000108a0    00000060     stk.aem4f : file.oem4f (.text:FdWaitEvent)
                  00010900    00000060               : nimu.oem4f (.text:NIMUUnregister)
                  00010960    00000060               : node.oem4f (.text:NodeFind)
                  000109c0    00000060               : rtc.oem4f (.text:RTCMsg)
                  00010a20    00000060               : tcp.oem4f (.text:TcpChecksum)
                  00010a80    00000060     nettool_ipv4.aem4f : dhcptags.oem4f (.text:dhcpBuildOptions)
                  00010ae0    00000060     project_04_pem4f.oem4f (.text:ti_ndk_config_Global_serviceReport)
                  00010b40    0000005e     stk.aem4f : route.oem4f (.text:RtRemove)
                  00010b9e    0000005e     nettool_ipv4.aem4f : dhcpsm.oem4f (.text:StateSelecting)
                  00010bfc    0000005e     stk.aem4f : vlan.oem4f (.text:VLANReceivePacket)
                  00010c5a    00000002     --HOLE-- [fill = 0]
                  00010c5c    0000005c     nettool_ipv4.aem4f : config.oem4f (.text:CfgSetExecuteOrder)
                  00010cb8    0000005c     stk.aem4f : nimu.oem4f (.text:NIMUIoctlSpecialCmd)
                  00010d14    0000005c     netctrl_min_ipv4.aem4f : netsrv.oem4f (.text:SPService)
                  00010d70    0000005c     project_04_pem4f.oem4f (.text:ti_sysbios_knl_Swi_create)
                  00010dcc    00000004     project_04_pem4f.oem4f (.text:ti_sysbios_BIOS_RtsGateProxy_enter__E)
                  00010dd0    0000005c     sysbios.aem4f : BIOS.obj (.text:ti_sysbios_knl_Swi_run__I)
                  00010e2c    00000004     project_04_pem4f.oem4f (.text:ti_sysbios_BIOS_RtsGateProxy_leave__E)
                  00010e30    0000005c     sysbios.aem4f : BIOS.obj (.text:ti_sysbios_knl_Swi_schedule__I)
                  00010e8c    0000005c     project_04_pem4f.oem4f (.text:ti_sysbios_knl_Task_create)
                  00010ee8    0000005c     sysbios.aem4f : BIOS.obj (.text:ti_sysbios_knl_Task_unblockI__E)
                  00010f44    0000005b     ti.targets.arm.rtsarm.aem4f : Text.oem4f (.text:xdc_runtime_Text_putLab__E)
                  00010f9f    00000001     --HOLE-- [fill = 0]
                  00010fa0    0000005a     stk.aem4f : route.oem4f (.text:RtRedirect)
                  00010ffa    0000005a               : tcpprot.oem4f (.text:TcpValidateMetrics)
                  00011054    0000005a     nettool_ipv4.aem4f : dhcpbild.oem4f (.text:dhcpBuildDecline)
                  000110ae    0000005a     os.aem4f : mem.oem4f (.text:mmCopy)
                  00011108    0000005a     project_04_pem4f.oem4f (.text:ti_ndk_config_tcp_init)
                  00011162    00000002     --HOLE-- [fill = 0]
                  00011164    00000058     stk.aem4f : bind.oem4f (.text:BindFree)
                  000111bc    00000058     boot.aem4f : boot.oem4f (.text)
                  00011214    00000058     driverlib.lib : emac.obj (.text:EMACPHYConfigSet)
                  0001126c    00000058     rtsv7M4_T_le_v4SPD16_eabi.lib : hostwrite.c.obj (.text:HOSTwrite)
                  000112c4    00000058     stk.aem4f : igmp.oem4f (.text:IGMPTimer)
                  0001131c    00000058     os.aem4f : semaphore.oem4f (.text:SemCreate)
                  00011374    00000058     project_04_pem4f.oem4f (.text:ti_sysbios_family_arm_m3_Hwi_construct)
                  000113cc    00000058     sysbios.aem4f : m3_Hwi_asm_switch.obj (.text:ti_sysbios_family_arm_m3_Hwi_initStacks__E)
                  00011424    00000056     driverlib.lib : gpio.obj (.text:GPIOIntTypeSet)
                  0001147a    00000056     rtsv7M4_T_le_v4SPD16_eabi.lib : _printfi.c.obj (.text:_pconv_f)
                  000114d0    00000056     http_ndk.aem4f : httpcli.oem4f (.text:sprsend)
                  00011526    00000002     --HOLE-- [fill = 0]
                  00011528    00000054     nettool_ipv4.aem4f : config.oem4f (.text:CfgEntryDeRef)
                  0001157c    00000054     http_ndk.aem4f : httpcli.oem4f (.text:HTTPCli_sendField)
                  000115d0    00000054     stk.aem4f : igmp.oem4f (.text:IGMPLeave)
                  00011624    00000054               : rawethsock_pcb.oem4f (.text:RawEthSockPcbAttach)
                  00011678    00000054               : sockpcb.oem4f (.text:SockCleanPcb)
                  000116cc    00000054               : tcptime.oem4f (.text:TcpTimeoutPersist)
                  00011720    00000054     http_ndk.aem4f : httpcli.oem4f (.text:asyncThread)
                  00011774    00000054     rtsv7M4_T_le_v4SPD16_eabi.lib : ltoa.c.obj (.text:ltoa)
                  000117c8    00000054     sysbios.aem4f : BIOS.obj (.text:ti_sysbios_family_arm_lm4_Timer_initDevice__I)
                  0001181c    00000004                   : BIOS.obj (.text:ti_sysbios_family_arm_lm4_Timer_masterEnable__I)
                  00011820    00000054                   : BIOS.obj (.text:ti_sysbios_knl_Swi_Instance_init__E)
                  00011874    00000054     project_04_pem4f.oem4f (.text:ti_sysbios_knl_Task_construct)
                  000118c8    00000054     ti.targets.arm.rtsarm.aem4f : Assert.oem4f (.text:xdc_runtime_Assert_raise__I)
                  0001191c    00000052     nettool_ipv4.aem4f : dnscomn.oem4f (.text:DNSReplyFree)
                  0001196e    00000052     stk.aem4f : tcpprot.oem4f (.text:TcpPrDetach)
                  000119c0    00000052     rtsv7M4_T_le_v4SPD16_eabi.lib : _printfi.c.obj (.text:_ecpy)
                  00011a12    00000002     --HOLE-- [fill = 0]
                  00011a14    00000050     drivers_tivaware.aem4f : GPIOTiva.oem4f (.text:GPIO_setCallback)
                  00011a64    00000050                            : GPIOTiva.oem4f (.text:GPIO_write)
                  00011ab4    00000050     stk.aem4f : socket.oem4f (.text:NDK_bind)
                  00011b04    00000050               : socket.oem4f (.text:NDK_connect)
                  00011b54    00000050               : route.oem4f (.text:RtNew)
                  00011ba4    00000050     driverlib.lib : sysctl.obj (.text:SysCtlPeripheralReset)
                  00011bf4    00000050     Boot.aem4f : Boot_sysctl.oem4f (.text:_SysCtlFrequencyGet)
                  00011c44    00000004     project_04_pem4f.oem4f (.text:ti_sysbios_family_arm_m3_Hwi_delete)
                  00011c48    00000050     sysbios.aem4f : BIOS.obj (.text:ti_sysbios_family_arm_m3_Hwi_Module_startup__E)
                  00011c98    00000050                   : BIOS.obj (.text:ti_sysbios_knl_Clock_Instance_init__E)
                  00011ce8    00000050     ti.targets.arm.rtsarm.aem4f : Startup.oem4f (.text:xdc_runtime_Startup_exec__E)
                  00011d38    00000050                                 : Text.oem4f (.text:xdc_runtime_Text_visitRope2__I)
                  00011d88    0000004e     stk.aem4f : node.oem4f (.text:NodeDeRef)
                  00011dd6    0000004e     nettool_ipv4.aem4f : config.oem4f (.text:_CfgEntryScan)
                  00011e24    0000004c                        : ipaddr.oem4f (.text:NtAddNetwork)
                  00011e70    0000004c     stk.aem4f : sockint.oem4f (.text:SockValidateRoute)
                  00011ebc    0000004c     rtsv7M4_T_le_v4SPD16_eabi.lib : atoi.c.obj (.text:atoi)
                  00011f08    0000004c                                   : cpy_tbl.c.obj (.text:copy_in)
                  00011f54    00000004     project_04_pem4f.oem4f (.text:ti_sysbios_family_arm_m3_Hwi_destruct)
                  00011f58    0000004c     sysbios.aem4f : BIOS.obj (.text:ti_sysbios_heaps_HeapMem_getStats__E)
                  00011fa4    00000004     project_04_pem4f.oem4f (.text:ti_sysbios_family_arm_m3_TaskSupport_Module__startupDone__S)
                  00011fa8    0000004c     sysbios.aem4f : BIOS.obj (.text:ti_sysbios_knl_Swi_runLoop__I)
                  00011ff4    00000004     project_04_pem4f.oem4f (.text:ti_sysbios_heaps_HeapMem_Module_GateProxy_enter__E)
                  00011ff8    0000004c     sysbios.aem4f : BIOS.obj (.text:ti_sysbios_knl_Task_allBlockedFunction__I)
                  00012044    0000004a     netctrl_min_ipv4.aem4f : netsrv.oem4f (.text:ServiceKill)
                  0001208e    0000004a     stk.aem4f : sock.oem4f (.text:SockDisconnect)
                  000120d8    0000004a               : timer.oem4f (.text:TimerNew)
                  00012122    00000048     nettool_ipv4.aem4f : config.oem4f (.text:CfgNew)
                  0001216a    00000002     --HOLE-- [fill = 0]
                  0001216c    00000048     driverlib.lib : gpio.obj (.text:GPIOPinConfigure)
                  000121b4    00000048                   : i2c.obj (.text:I2CMasterInitExpClk)
                  000121fc    00000048     stk.aem4f : lli.oem4f (.text:LLIMsg)
                  00012244    00000048               : node.oem4f (.text:NodeWalk)
                  0001228c    00000048               : rawethsock_pcb.oem4f (.text:RawEthSockPcbDetach)
                  000122d4    00000048               : sockpcb.oem4f (.text:SockPcbResolveChain)
                  0001231c    00000048               : tcpprot.oem4f (.text:TcpDrop)
                  00012364    00000048               : lli.oem4f (.text:_LLIExpListInsert)
                  000123ac    00000048               : rtable.oem4f (.text:_RtExpListInsert)
                  000123f4    00000048               : file.oem4f (.text:fdint_lockfd)
                  0001243c    00000048     rtsv7M4_T_le_v4SPD16_eabi.lib : fd_toi_t2.asm.obj (.text)
                  00012484    00000004     project_04_pem4f.oem4f (.text:ti_sysbios_heaps_HeapMem_Module_GateProxy_leave__E)
                  00012488    00000048     sysbios.aem4f : BIOS.obj (.text:ti_sysbios_family_arm_lm4_Timer_enableTimers__I)
                  000124d0    00000048                   : BIOS.obj (.text:ti_sysbios_family_arm_m3_Hwi_disableInterrupt__E)
                  00012518    00000048                   : BIOS.obj (.text:ti_sysbios_family_arm_m3_Hwi_enableInterrupt__E)
                  00012560    00000048                   : BIOS.obj (.text:ti_sysbios_family_arm_m3_Hwi_excReserved__I)
                  000125a8    00000048                   : BIOS.obj (.text:ti_sysbios_knl_Task_deleteTerminatedTasksFunc__I)
                  000125f0    00000046     nettool_ipv4.aem4f : ipaddr.oem4f (.text:NtIfIdx2Ip)
                  00012636    00000046     stk.aem4f : rawethsock.oem4f (.text:RawEthSockSend)
                  0001267c    00000046               : tcpprot.oem4f (.text:TcpPrCtlError)
                  000126c2    00000046     os.aem4f : mem.oem4f (.text:mmZeroInit)
                  00012708    00000046     ti.targets.arm.rtsarm.aem4f : Core-params.oem4f (.text:xdc_runtime_Core_assignParams__I)
                  0001274e    00000002     --HOLE-- [fill = 0]
                  00012750    00000044     drivers_tivaware.aem4f : EMACSnow.oem4f (.text:EMACSnow_processTransmitted)
                  00012794    00000044     stk.aem4f : icmp.oem4f (.text:ICMPChecksum)
                  000127d8    00000044               : ipfrag.oem4f (.text:IPReasmFree)
                  0001281c    00000044               : lli.oem4f (.text:LLIGetValidTime)
                  00012860    00000044               : rtable.oem4f (.text:RouteMsg)
                  000128a4    00000044               : rtable.oem4f (.text:RtWalkEnd)
                  000128e8    00000044               : sockpcb.oem4f (.text:SockPcbDetach)
                  0001292c    00000044               : timer.oem4f (.text:TimerListInsert)
                  00012970    00000044     hal_timer_bios.aem4f : lltimer.oem4f (.text:llTimerGetTime)
                  000129b4    00000004     project_04_pem4f.oem4f (.text:ti_sysbios_knl_Clock_TimerProxy_getMaxTicks__E)
                  000129b8    00000044     sysbios.aem4f : BIOS.obj (.text:ti_sysbios_family_arm_lm4_Timer_isrStub__E)
                  000129fc    00000004     project_04_pem4f.oem4f (.text:ti_sysbios_knl_Queue_destruct)
                  00012a00    00000044     sysbios.aem4f : BIOS.obj (.text:ti_sysbios_family_arm_m3_Hwi_getStackInfo__E)
                  00012a44    00000004     project_04_pem4f.oem4f (.text:ti_sysbios_knl_Semaphore_delete)
                  00012a48    00000044     sysbios.aem4f : BIOS.obj (.text:ti_sysbios_knl_Swi_post__E)
                  00012a8c    00000044     ti.targets.arm.rtsarm.aem4f : Error.oem4f (.text:xdc_runtime_Error_setX__E)
                  00012ad0    00000044                                 : SysMin.oem4f (.text:xdc_runtime_SysMin_flush__E)
                  00012b14    00000044                                 : Text.oem4f (.text:xdc_runtime_Text_xprintf__I)
                  00012b58    00000042     stk.aem4f : tcpprot.oem4f (.text:TcpPrSendOOB)
                  00012b9a    00000042               : fileuser.oem4f (.text:fdCloseSession)
                  00012bdc    00000040     nettool_ipv4.aem4f : dnspkt.oem4f (.text:DNSBuildRequest)
                  00012c1c    00000040     http_ndk.aem4f : httpcli.oem4f (.text:HTTPCli_readResponseBody)
                  00012c5c    00000040     stk.aem4f : lliin.oem4f (.text:LLIValidateRoute)
                  00012c9c    00000040               : pbm.oem4f (.text:PBM_copy)
                  00012cdc    00000040               : sockpcb.oem4f (.text:SockPcbRtChange)
                  00012d1c    00000040               : tcpprot.oem4f (.text:TcpPrSend)
                  00012d5c    00000040     rtsv7M4_T_le_v4SPD16_eabi.lib : u_divt2.asm.obj (.text)
                  00012d9c    00000040                                   : sprintf.c.obj (.text:sprintf)
                  00012ddc    00000040     http_ndk.aem4f : httpcli.oem4f (.text:threadCreate)
                  00012e1c    00000004     project_04_pem4f.oem4f (.text:ti_sysbios_knl_Semaphore_destruct)
                  00012e20    00000040     sysbios.aem4f : BIOS.obj (.text:ti_sysbios_family_arm_lm4_Timer_startup__E)
                  00012e60    00000040                   : BIOS.obj (.text:ti_sysbios_heaps_HeapMem_Instance_init__E)
                  00012ea0    0000003e     nettool_ipv4.aem4f : dhcpmain.oem4f (.text:DHCPClose)
                  00012ede    00000002     --HOLE-- [fill = 0]
                  00012ee0    0000003e     stk.aem4f : nimu.oem4f (.text:NIMUAllocateName)
                  00012f1e    0000003e     os.aem4f : task.oem4f (.text:TaskCreate)
                  00012f5c    0000003e     stk.aem4f : tcpprot.oem4f (.text:TcpPrDisconnect)
                  00012f9a    0000003e     rtsv7M4_T_le_v4SPD16_eabi.lib : _printfi.c.obj (.text:_fcpy)
                  00012fd8    0000003e     stk.aem4f : file.oem4f (.text:fdint_unlockfd)
                  00013016    0000003c     nettool_ipv4.aem4f : config.oem4f (.text:CfgEntryGetData)
                  00013052    0000003c     driverlib.lib : emac.obj (.text:EMACIntDisable)
                  0001308e    0000003c     stk.aem4f : node.oem4f (.text:NodeUpdatePL)
                  000130ca    00000002     --HOLE-- [fill = 0]
                  000130cc    0000003c               : rtable.oem4f (.text:RtWalkBegin)
                  00013108    0000003c               : tcpprot.oem4f (.text:TcpPrConnect)
                  00013144    0000003c               : tcptime.oem4f (.text:TcpSetPersist)
                  00013180    0000003c               : rtc.oem4f (.text:_RTCSendRtAdv)
                  000131bc    0000003c               : rtable.oem4f (.text:_RtNodeRemove)
                  000131f8    0000003c     hal_timer_bios.aem4f : lltimer.oem4f (.text:_llTimerInit)
                  00013234    0000003c     rtsv7M4_T_le_v4SPD16_eabi.lib : strncasecmp.c.obj (.text:strncasecmp)
                  00013270    0000003c     sysbios.aem4f : BIOS.obj (.text:ti_sysbios_family_arm_m3_Hwi_excSvCall__I)
                  000132ac    00000004     project_04_pem4f.oem4f (.text:ti_sysbios_knl_Swi_delete)
                  000132b0    0000003c     sysbios.aem4f : BIOS.obj (.text:ti_sysbios_heaps_HeapMem_init__I)
                  000132ec    00000004     project_04_pem4f.oem4f (.text:ti_sysbios_knl_Task_delete)
                  000132f0    0000003c     sysbios.aem4f : BIOS.obj (.text:ti_sysbios_knl_Swi_restore__E)
                  0001332c    0000003a     driverlib.lib : emac.obj (.text:EMACIntEnable)
                  00013366    0000003a     drivers_tivaware.aem4f : I2CTiva.oem4f (.text:I2CTiva_completeTransfer)
                  000133a0    00000038     driverlib.lib : emac.obj (.text:EMACConfigGet)
                  000133d8    00000038     drivers_tivaware.aem4f : I2C.oem4f (.text:I2C_init)
                  00013410    00000038     stk.aem4f : ipfrag.oem4f (.text:IPReasmTimeout)
                  00013448    00000038               : node.oem4f (.text:NodeGetRt)
                  00013480    00000038     driverlib.lib : sysctl.obj (.text:SysCtlPeripheralReady)
                  000134b8    00000038     stk.aem4f : tcpprot.oem4f (.text:TcpClose)
                  000134f0    00000038               : timer.oem4f (.text:TimerHSTick)
                  00013528    00000038     rtsv7M4_T_le_v4SPD16_eabi.lib : trgmsg.c.obj (.text:__TI_writemsg)
                  00013560    00000038     nettool_ipv4.aem4f : dhcpbild.oem4f (.text:dhcpBuildDiscover)
                  00013598    00000038                        : dhcptags.oem4f (.text:dhcpOptionsClear)
                  000135d0    00000038     stk.aem4f : file.oem4f (.text:fdint_waitevent)
                  00013608    00000038     sysbios.aem4f : BIOS.obj (.text:ti_sysbios_family_arm_m3_Hwi_excNoIsr__I)
                  00013640    00000038     project_04_pem4f.oem4f (.text:ti_sysbios_knl_Clock_create)
                  00013678    00000038     sysbios.aem4f : BIOS.obj (.text:ti_sysbios_knl_Task_processVitalTaskFlag__I)
                  000136b0    00000038     ti.targets.arm.rtsarm.aem4f : SysMin.oem4f (.text:xdc_runtime_SysMin_putch__E)
                  000136e8    00000038                                 : System.oem4f (.text:xdc_runtime_System_atexit__E)
                  00013720    00000036     drivers_tivaware.aem4f : I2CTiva.oem4f (.text:I2CTiva_close)
                  00013756    00000036     stk.aem4f : ip.oem4f (.text:IPChecksum)
                  0001378c    00000036     network_ndk.aem4f : ssock.oem4f (.text:Ssock_recv)
                  000137c2    00000036     rtsv7M4_T_le_v4SPD16_eabi.lib : strncpy.c.obj (.text:strncpy)
                  000137f8    00000035     projct_04.obj (.text:printError)
                  0001382d    00000003     --HOLE-- [fill = 0]
                  00013830    00000034     nettool_ipv4.aem4f : config.oem4f (.text:CfgSetService)
                  00013864    00000034     driverlib.lib : emac.obj (.text:EMACConfigSet)
                  00013898    00000034                   : emac.obj (.text:EMACIntClear)
                  000138cc    00000034     drivers_tivaware.aem4f : EMACSnow.oem4f (.text:EMACSnow_emacPoll)
                  00013900    00000034                            : EMACSnow.oem4f (.text:EMACSnow_isLinkUp)
                  00013934    00000034                            : EMAC.oem4f (.text:EMAC_init)
                  00013968    00000034     stk.aem4f : exec.oem4f (.text:ExecClose)
                  0001399c    00000034               : nimu.oem4f (.text:NIMUFindByName)
                  000139d0    00000034               : nimu.oem4f (.text:NIMUInit)
                  00013a04    00000034               : rawethsock.oem4f (.text:RawEthSockNotify)
                  00013a38    00000034               : sockprot.oem4f (.text:SockPrCtlError)
                  00013a6c    00000034     driverlib.lib : sysctl.obj (.text:SysCtlPeripheralEnable)
                  00013aa0    00000034     rtsv7M4_T_le_v4SPD16_eabi.lib : trgmsg.c.obj (.text:__TI_readmsg)
                  00013ad4    00000034     os.aem4f : mem.oem4f (.text:mmUnInitPage)
                  00013b08    00000034              : ossys.oem4f (.text:stricmp)
                  00013b3c    00000034     rtsv7M4_T_le_v4SPD16_eabi.lib : strstr.c.obj (.text:strstr)
                  00013b70    00000034     sysbios.aem4f : BIOS.obj (.text:ti_sysbios_family_arm_m3_Hwi_Instance_finalize__E)
                  00013ba4    00000004     ti.targets.arm.rtsarm.aem4f : Error.oem4f (.text:xdc_runtime_Error_getMsg__E)
                  00013ba8    00000034     sysbios.aem4f : BIOS.obj (.text:ti_sysbios_family_arm_m3_Hwi_excNmi__I)
                  00013bdc    00000004     ti.targets.arm.rtsarm.aem4f : Error.oem4f (.text:xdc_runtime_Error_getSite__E)
                  00013be0    00000034     sysbios.aem4f : BIOS.obj (.text:ti_sysbios_hal_Hwi_checkStack)
                  00013c14    00000034     project_04_pem4f.oem4f (.text:ti_sysbios_knl_Semaphore_create)
                  00013c48    00000034     ti.targets.arm.rtsarm.aem4f : Core-label.oem4f (.text:xdc_runtime_Core_assignLabel__I)
                  00013c7c    00000033                                 : Text.oem4f (.text:xdc_runtime_Text_printVisFxn__I)
                  00013caf    00000001     --HOLE-- [fill = 0]
                  00013cb0    00000032     nettool_ipv4.aem4f : config.oem4f (.text:CfgGetImmediate)
                  00013ce2    00000032     stk.aem4f : route.oem4f (.text:RtDeRef)
                  00013d14    00000032               : route.oem4f (.text:RtSetFailure)
                  00013d46    00000032               : sb.oem4f (.text:SBFlush)
                  00013d78    00000032               : sb.oem4f (.text:SBSetMax)
                  00013daa    00000032               : sock.oem4f (.text:SockIntAbort)
                  00013ddc    00000032     nettool_ipv4.aem4f : config.oem4f (.text:_CfgAcquire)
                  00013e0e    00000032                        : dhcpsm.oem4f (.text:dhcpIPRemove)
                  00013e40    00000032     sysbios.aem4f : BIOS.obj (.text:ti_sysbios_hal_Hwi_initStack)
                  00013e72    00000006     driverlib.lib : emac.obj (.text:EMACTxDMADescriptorListSet)
                  00013e78    00000032     sysbios.aem4f : BIOS.obj (.text:ti_sysbios_knl_Semaphore_pendTimeout__I)
                  00013eaa    00000030     driverlib.lib : emac.obj (.text:EMACAddrSet)
                  00013eda    00000002     --HOLE-- [fill = 0]
                  00013edc    00000030     drivers_tivaware.aem4f : EMACSnow.oem4f (.text:EMACSnow_handlePackets)
                  00013f0c    00000030                            : I2C.oem4f (.text:I2C_open)
                  00013f3c    00000030     netctrl_min_ipv4.aem4f : netsrv.oem4f (.text:NS_PreBoot)
                  00013f6c    00000030     stk.aem4f : sock.oem4f (.text:SockBind)
                  00013f9c    00000030     nettool_ipv4.aem4f : dhcpsock.oem4f (.text:dhcpPacketSend)
                  00013fcc    00000030     stk.aem4f : listlib.oem4f (.text:list_remove_node)
                  00013ffc    00000030     http_ndk.aem4f : httpcli.oem4f (.text:skipLine)
                  0001402c    00000030     project_04_pem4f.oem4f (.text:ti_sysbios_BIOS_atExitFunc__I)
                  0001405c    00000004     project_04_pem4f.oem4f (.text:xdc_runtime_System_Module_GateProxy_enter__E)
                  00014060    00000030     sysbios.aem4f : BIOS.obj (.text:ti_sysbios_family_arm_lm4_Timer_stop__E)
                  00014090    00000030                   : BIOS.obj (.text:ti_sysbios_family_arm_m3_TaskSupport_start__E)
                  000140c0    00000030     project_04_pem4f.oem4f (.text:ti_sysbios_gates_GateHwi_Object__create__S)
                  000140f0    00000030     project_04_pem4f.oem4f (.text:ti_sysbios_gates_GateMutex_Object__create__S)
                  00014120    00000030     sysbios.aem4f : BIOS.obj (.text:ti_sysbios_gates_GateMutex_enter__E)
                  00014150    00000030     project_04_pem4f.oem4f (.text:ti_sysbios_heaps_HeapMem_Object__create__S)
                  00014180    00000030     project_04_pem4f.oem4f (.text:ti_sysbios_knl_Semaphore_construct)
                  000141b0    00000030     ti.targets.arm.rtsarm.aem4f : SysMin.oem4f (.text:xdc_runtime_SysMin_abort__E)
                  000141e0    00000030                                 : System.oem4f (.text:xdc_runtime_System_processAtExit__E)
                  00014210    0000002e     stk.aem4f : sb.oem4f (.text:SBFree)
                  0001423e    0000002e     project_04_pem4f.oem4f (.text:malloc)
                  0001426c    0000002e     rtsv7M4_T_le_v4SPD16_eabi.lib : i_tofd_t2.asm.obj (.text)
                  0001429a    0000002e                                   : strcasecmp.c.obj (.text:strcasecmp)
                  000142c8    0000002c     driverlib.lib : emac.obj (.text:EMACIntStatus)
                  000142f4    0000002c     stk.aem4f : file.oem4f (.text:FdSignalEvent)
                  00014320    0000002c               : igmp.oem4f (.text:IGMPTestGroup)
                  0001434c    0000002c     os.aem4f : task.oem4f (.text:NDK_hookCreate)
                  00014378    0000002c     stk.aem4f : nimu.oem4f (.text:NIMUAllocateIndex)
                  000143a4    0000002c               : nimu.oem4f (.text:NIMUPacketServiceCheck)
                  000143d0    0000002c               : pipe.oem4f (.text:PipeClose)
                  000143fc    0000002c               : sockpcb.oem4f (.text:SockPcbAttach)
                  00014428    0000002c               : lli.oem4f (.text:_LLIExpListRemove)
                  00014454    0000002c               : lli.oem4f (.text:_LLITimeoutFlush)
                  00014480    0000002c               : rtable.oem4f (.text:_RtExpListRemove)
                  000144ac    0000002c     http_ndk.aem4f : httpcli.oem4f (.text:lookUpResponseFields)
                  000144d8    0000002c     rtsv7M4_T_le_v4SPD16_eabi.lib : strncmp.c.obj (.text:strncmp)
                  00014504    0000002c     project_04_pem4f.oem4f (.text:ti_sysbios_knl_Clock_doTick__I)
                  00014530    0000002c     project_04_pem4f.oem4f (.text:ti_sysbios_knl_Queue_construct)
                  0001455c    00000004     project_04_pem4f.oem4f (.text:xdc_runtime_System_Module_GateProxy_leave__E)
                  00014560    0000002c     sysbios.aem4f : BIOS.obj (.text:ti_sysbios_knl_Task_restore__E)
                  0001458c    0000002c     ti.targets.arm.rtsarm.aem4f : Text.oem4f (.text:xdc_runtime_Text_cordText__E)
                  000145b8    0000002a     driverlib.lib : gpio.obj (.text:GPIODirModeSet)
                  000145e2    0000002a     stk.aem4f : pbm.oem4f (.text:PBMQ_deq)
                  0001460c    0000002a     netctrl_min_ipv4.aem4f : netsrv.oem4f (.text:ServiceCallback)
                  00014636    0000002a     nettool_ipv4.aem4f : config.oem4f (.text:_CfgRelease)
                  00014660    0000002a                        : inetaddr.oem4f (.text:mergeLists)
                  0001468a    0000002a     ti.targets.arm.rtsarm.aem4f : System.oem4f (.text:xdc_runtime_System_putchar__I)
                  000146b4    00000028     stk.aem4f : bind.oem4f (.text:BindFindByNet)
                  000146dc    00000028               : lli.oem4f (.text:LLIFree)
                  00014704    00000028     netctrl_min_ipv4.aem4f : netctrl.oem4f (.text:NC_SystemClose)
                  0001472c    00000028     stk.aem4f : nimu.oem4f (.text:NIMUCreatePacket)
                  00014754    00000028               : nimu.oem4f (.text:NIMUPacketService)
                  0001477c    00000028               : tcpin.oem4f (.text:TcpEnterTimeWait)
                  000147a4    00000028               : timer.oem4f (.text:TimerListRemove)
                  000147cc    00000028               : vlan.oem4f (.text:VLANFindSourceInterface)
                  000147f4    00000028               : vlan.oem4f (.text:VLANInit)
                  0001481c    00000028     nettool_ipv4.aem4f : dhcpsock.oem4f (.text:dhcpPacketReceive)
                  00014844    00000028     drivers_tivaware.aem4f : EMACSnow.oem4f (.text:signalLinkChange)
                  0001486c    00000004     ti.targets.arm.rtsarm.aem4f : System.oem4f (.text:xdc_runtime_System_aprintf_va__F)
                  00014870    00000028     sysbios.aem4f : BIOS.obj (.text:ti_sysbios_knl_Clock_addI__E)
                  00014898    00000028                   : BIOS.obj (.text:ti_sysbios_knl_Swi_Module_startup__E)
                  000148c0    00000026     nettool_ipv4.aem4f : config.oem4f (.text:CfgEntryInfo)
                  000148e6    00000026     driverlib.lib : emac.obj (.text:EMACPHYRead)
                  0001490c    00000026                   : emac.obj (.text:EMACPHYWrite)
                  00014932    00000026     stk.aem4f : rawethsock.oem4f (.text:RawEthSockClose)
                  00014958    00000026     sysbios.aem4f : m3_Hwi_asm.obj (.text:ti_sysbios_family_arm_m3_Hwi_pendSV__I)
                  0001497e    00000026     ti.targets.arm.rtsarm.aem4f : System.oem4f (.text:xdc_runtime_System_avprintf__E)
                  000149a4    00000024     stk.aem4f : bind.oem4f (.text:BindFindByHost)
                  000149c8    00000024               : bind.oem4f (.text:BindGetIFByDBCast)
                  000149ec    00000024     drivers_tivaware.aem4f : EMACSnow.oem4f (.text:EMACSnow_pkt_service)
                  00014a10    00000024                            : EMACSnow.oem4f (.text:EMACSnow_primeRx)
                  00014a34    00000024     stk.aem4f : exec.oem4f (.text:ExecTimer)
                  00014a58    00000024     http_ndk.aem4f : httpcli.oem4f (.text:HTTPCli_disconnect)
                  00014a7c    00000024     stk.aem4f : nimu.oem4f (.text:NIMUFindByIndex)
                  00014aa0    00000024               : rtc.oem4f (.text:RTCAddHook)
                  00014ac4    00000024               : rawethsock_pcb.oem4f (.text:RawEthSockPcbFind)
                  00014ae8    00000024               : route.oem4f (.text:RtFree)
                  00014b0c    00000024               : route.oem4f (.text:RtSetTimeout)
                  00014b30    00000024               : sockpcb.oem4f (.text:SockPcbCleanup)
                  00014b54    00000024               : tcptime.oem4f (.text:TcpTimeoutWait2)
                  00014b78    00000024     nettool_ipv4.aem4f : config.oem4f (.text:_CfgEntryProcess)
                  00014b9c    00000024     http_ndk.aem4f : httpcli.oem4f (.text:getRequestFieldValue)
                  00014bc0    00000024     project_04_pem4f.oem4f (.text:ti_sysbios_BIOS_errorRaiseHook__I)
                  00014be4    00000024     project_04_pem4f.oem4f (.text:ti_sysbios_BIOS_registerRTSLock__I)
                  00014c08    00000024     project_04_pem4f.oem4f (.text:ti_sysbios_BIOS_removeRTSLock__I)
                  00014c2c    00000024     project_04_pem4f.oem4f (.text:ti_sysbios_BIOS_startFunc__I)
                  00014c50    00000024     project_04_pem4f.oem4f (.text:ti_sysbios_gates_GateMutex_Object__delete__S)
                  00014c74    00000004     ti.targets.arm.rtsarm.aem4f : System.oem4f (.text:xdc_runtime_System_printf_va__F)
                  00014c78    00000024     sysbios.aem4f : BIOS.obj (.text:ti_sysbios_knl_Clock_Module_startup__E)
                  00014c9c    00000004     --HOLE-- [fill = 0]
                  00014ca0    00000024                   : BIOS.obj (.text:ti_sysbios_knl_Semaphore_Instance_init__E)
                  00014cc4    00000024     project_04_pem4f.oem4f (.text:ti_sysbios_knl_Semaphore_Object__delete__S)
                  00014ce8    00000024     sysbios.aem4f : BIOS.obj (.text:ti_sysbios_knl_Task_restoreHwi__E)
                  00014d0c    00000024     ti.targets.arm.rtsarm.aem4f : System.oem4f (.text:xdc_runtime_System_vprintf__E)
                  00014d30    00000022     nettool_ipv4.aem4f : config.oem4f (.text:CfgEntryRef)
                  00014d52    00000022     stk.aem4f : vlan.oem4f (.text:VLANFindNode)
                  00014d74    00000004     --HOLE-- [fill = 0]
                  00014d78    00000022     sysbios.aem4f : BIOS.obj (.text:ti_sysbios_family_arm_lm4_Timer_write__I)
                  00014d9a    00000022     project_04_pem4f.oem4f (.text:xdc_runtime_SysMin_output__I)
                  00014dbc    00000020     netctrl_min_ipv4.aem4f : netctrl.oem4f (.text:NC_BootComplete)
                  00014ddc    00000020     stk.aem4f : nimu.oem4f (.text:NIMUGetNumOfObject)
                  00014dfc    00000020               : rtc.oem4f (.text:RTCRemoveHook)
                  00014e1c    00000020               : tcp.oem4f (.text:TcpTimeoutRemove)
                  00014e3c    00000020     Boot.aem4f : Boot_sysctl.oem4f (.text:_SysCtlMemTimingGet)
                  00014e5c    00000020     project_04_pem4f.oem4f (.text:ti_sysbios_BIOS_rtsLock__I)
                  00014e7c    00000020     project_04_pem4f.oem4f (.text:ti_sysbios_family_arm_m3_Hwi_Object__delete__S)
                  00014e9c    00000020     sysbios.aem4f : m3_Hwi_asm.obj (.text:ti_sysbios_family_arm_m3_Hwi_excHandlerAsm__I)
                  00014ebc    00000004     --HOLE-- [fill = 0]
                  00014ec0    00000020                   : BIOS.obj (.text:ti_sysbios_family_arm_m3_Hwi_excHandler__I)
                  00014ee0    00000020     project_04_pem4f.oem4f (.text:ti_sysbios_gates_GateHwi_Object__delete__S)
                  00014f00    00000020     project_04_pem4f.oem4f (.text:ti_sysbios_heaps_HeapMem_Object__delete__S)
                  00014f20    00000020     sysbios.aem4f : BIOS.obj (.text:ti_sysbios_knl_Idle_run__E)
                  00014f40    00000020     project_04_pem4f.oem4f (.text:ti_sysbios_knl_Semaphore_Object__destruct__S)
                  00014f60    00000020     project_04_pem4f.oem4f (.text:ti_sysbios_knl_Swi_Object__delete__S)
                  00014f80    00000020     project_04_pem4f.oem4f (.text:ti_sysbios_knl_Task_Object__delete__S)
                  00014fa0    00000020     ti.targets.arm.rtsarm.aem4f : Registry.oem4f (.text:xdc_runtime_Registry_findById__E)
                  00014fc0    00000020                                 : SysMin.oem4f (.text:xdc_runtime_SysMin_Module_startup__E)
                  00014fe0    0000001e     stk.aem4f : fileuser.oem4f (.text:fdError)
                  00014ffe    0000001e               : listlib.oem4f (.text:list_remove)
                  0001501c    0000001e     projct_04.obj (.text:send)
                  0001503a    0000001e     rtsv7M4_T_le_v4SPD16_eabi.lib : strcat.c.obj (.text:strcat)
                  00015058    0000001e     sysbios.aem4f : m3_Hwi_asm_switch.obj (.text:ti_sysbios_family_xxx_Hwi_switchAndRunFunc)
                  00015076    00000002     --HOLE-- [fill = 0]
                  00015078    0000001c     stk.aem4f : bind.oem4f (.text:BindFindByIF)
                  00015094    0000001c               : exec.oem4f (.text:ExecBroadcast)
                  000150b0    0000001c     os.aem4f : ossys.oem4f (.text:NDK_sprintf)
                  000150cc    0000001c     stk.aem4f : nimu.oem4f (.text:NIMUAddHeader)
                  000150e8    0000001c               : sockprot.oem4f (.text:SockPrDetach)
                  00015104    0000001c     network_ndk.aem4f : ssock.oem4f (.text:Ssock_destruct)
                  00015120    0000001c     os.aem4f : task.oem4f (.text:TaskDestroy)
                  0001513c    0000001c     drivers_tivaware.aem4f : GPIOTiva.oem4f (.text:getGpioIntIndex)
                  00015158    0000001c     rtsv7M4_T_le_v4SPD16_eabi.lib : memccpy.c.obj (.text:memccpy)
                  00015174    0000001c     project_04_pem4f.oem4f (.text:ti_ndk_config_global_taskCreateHook)
                  00015190    0000001c     project_04_pem4f.oem4f (.text:ti_sysbios_family_arm_m3_Hwi_Object__destruct__S)
                  000151ac    00000004     --HOLE-- [fill = 0]
                  000151b0    0000001c     sysbios.aem4f : BIOS.obj (.text:ti_sysbios_gates_GateMutex_Instance_init__E)
                  000151cc    0000001c     project_04_pem4f.oem4f (.text:ti_sysbios_knl_Queue_Object__destruct__S)
                  000151e8    0000001c     sysbios.aem4f : BIOS.obj (.text:ti_sysbios_knl_Queue_put__E)
                  00015204    00000004     --HOLE-- [fill = 0]
                  00015208    0000001c                   : BIOS.obj (.text:ti_sysbios_knl_Task_enter__I)
                  00015224    0000001c     ti.targets.arm.rtsarm.aem4f : Error.oem4f (.text:xdc_runtime_Error_raiseX__E)
                  00015240    0000001c                                 : Memory.oem4f (.text:xdc_runtime_Memory_valloc__E)
                  0001525c    0000001c                                 : SysMin.oem4f (.text:xdc_runtime_SysMin_exit__E)
                  00015278    0000001c                                 : System.oem4f (.text:xdc_runtime_System_abort__E)
                  00015294    0000001a     stk.aem4f : bind.oem4f (.text:BindGetIP)
                  000152ae    0000001a               : sockint.oem4f (.text:SockSetOOBMark)
                  000152c8    0000001a     rtsv7M4_T_le_v4SPD16_eabi.lib : s_copysign.c.obj (.text:copysign)
                  000152e2    0000001a     stk.aem4f : file.oem4f (.text:fdint_getfdt)
                  000152fc    0000001a     project_04_pem4f.oem4f (.text:free)
                  00015316    0000001a     project_04_pem4f.oem4f (.text:ti_sysbios_family_arm_m3_Hwi_Handle__label__S)
                  00015330    0000001a     project_04_pem4f.oem4f (.text:ti_sysbios_gates_GateHwi_Handle__label__S)
                  0001534a    0000001a     project_04_pem4f.oem4f (.text:ti_sysbios_gates_GateMutex_Handle__label__S)
                  00015364    0000001a     project_04_pem4f.oem4f (.text:ti_sysbios_heaps_HeapMem_Handle__label__S)
                  0001537e    0000001a     project_04_pem4f.oem4f (.text:ti_sysbios_knl_Swi_Handle__label__S)
                  00015398    0000001a     project_04_pem4f.oem4f (.text:ti_sysbios_knl_Task_Handle__label__S)
                  000153b2    00000006     driverlib.lib : gpio.obj (.text:GPIOIntClear)
                  000153b8    0000001a     sysbios.aem4f : BIOS.obj (.text:ti_sysbios_knl_Task_sleepTimeout__I)
                  000153d2    0000001a     project_04_pem4f.oem4f (.text:xdc_runtime_System_aprintf__E)
                  000153ec    0000001a     project_04_pem4f.oem4f (.text:xdc_runtime_System_printf__E)
                  00015406    00000002     --HOLE-- [fill = 0]
                  00015408    00000018     drivers_tivaware.aem4f : EMACSnow.oem4f (.text:EMACSnow_emacSend)
                  00015420    00000018     stk.aem4f : ip.oem4f (.text:IPRtChange)
                  00015438    00000018               : rawethsock_pcb.oem4f (.text:RawEthSockPcbCleanup)
                  00015450    00000018     nettool_ipv4.aem4f : ipaddr.oem4f (.text:RouteHook)
                  00015468    00000018     stk.aem4f : tcpin.oem4f (.text:SEQ_GEQ)
                  00015480    00000018               : tcpout.oem4f (.text:SEQ_GEQ)
                  00015498    00000018               : tcpin.oem4f (.text:SEQ_GT)
                  000154b0    00000018               : tcpout.oem4f (.text:SEQ_GT)
                  000154c8    00000018               : tcpin.oem4f (.text:SEQ_LEQ)
                  000154e0    00000018               : tcpout.oem4f (.text:SEQ_LEQ)
                  000154f8    00000018               : tcpin.oem4f (.text:SEQ_LT)
                  00015510    00000018               : tcpout.oem4f (.text:SEQ_LT)
                  00015528    00000018               : tcp.oem4f (.text:TcpTimeoutAdd)
                  00015540    00000018     rtsv7M4_T_le_v4SPD16_eabi.lib : args_main.c.obj (.text:_args_main)
                  00015558    00000018                                   : sprintf.c.obj (.text:_outs)
                  00015570    00000018     nettool_ipv4.aem4f : dhcpsock.oem4f (.text:dhcpSocketClose)
                  00015588    00000018                        : inetaddr.oem4f (.text:freeaddrinfo)
                  000155a0    00000018     stk.aem4f : listlib.oem4f (.text:list_add)
                  000155b8    00000018     rtsv7M4_T_le_v4SPD16_eabi.lib : strcmp.c.obj (.text:strcmp)
                  000155d0    00000018     project_04_pem4f.oem4f (.text:ti_sysbios_BIOS_rtsUnlock__I)
                  000155e8    00000018     project_04_pem4f.oem4f (.text:ti_sysbios_family_arm_lm4_Timer_Module__startupDone__F)
                  00015600    00000018     project_04_pem4f.oem4f (.text:ti_sysbios_family_arm_m3_Hwi_Module__startupDone__F)
                  00015618    00000018     sysbios.aem4f : m3_TaskSupport_asm.obj (.text:ti_sysbios_family_arm_m3_TaskSupport_swap__E)
                  00015630    00000018                   : BIOS.obj (.text:ti_sysbios_gates_GateMutex_leave__E)
                  00015648    00000018     ti.targets.arm.rtsarm.aem4f : Error.oem4f (.text:xdc_runtime_Error_check__E)
                  00015660    00000018                                 : System.oem4f (.text:xdc_runtime_System_exit__E)
                  00015678    00000018                                 : Text.oem4f (.text:xdc_runtime_Text_ropeText__E)
                  00015690    00000016     driverlib.lib : emac.obj (.text:EMACReset)
                  000156a6    00000016                   : emac.obj (.text:EMACRxEnable)
                  000156bc    00000016                   : emac.obj (.text:EMACTxEnable)
                  000156d2    00000016     http_ndk.aem4f : httpcli.oem4f (.text:HTTPCli_destruct)
                  000156e8    00000016                    : httpcli.oem4f (.text:HTTPCli_readRawResponseBody)
                  000156fe    00000016     driverlib.lib : i2c.obj (.text:I2CMasterErr)
                  00015714    00000016     stk.aem4f : file.oem4f (.text:fdint_freefdt)
                  0001572a    00000016     rtsv7M4_T_le_v4SPD16_eabi.lib : strchr.c.obj (.text:strchr)
                  00015740    00000016     project_04_pem4f.oem4f (.text:ti_sysbios_BIOS_exitFunc__I)
                  00015756    00000016     projct_04.obj (.text:ti_sysbios_knl_Task_Params_init)
                  0001576c    00000016     ti.targets.arm.rtsarm.aem4f : System.oem4f (.text:xdc_runtime_System_vsprintf__E)
                  00015782    00000014     stk.aem4f : bind.oem4f (.text:BindIPHost2IF)
                  00015796    00000002     --HOLE-- [fill = 0]
                  00015798    00000014     driverlib.lib : flash.obj (.text:FlashUserGet)
                  000157ac    00000014     http_ndk.aem4f : httpcli.oem4f (.text:HTTPCli_getResponseStatus)
                  000157c0    00000014     netctrl_min_ipv4.aem4f : netctrl.oem4f (.text:NC_NetStop)
                  000157d4    00000014     os.aem4f : task.oem4f (.text:NDK_hookExit)
                  000157e8    00000014     stk.aem4f : nimu.oem4f (.text:NIMUSendPacket)
                  000157fc    00000014     nettool_ipv4.aem4f : ipaddr.oem4f (.text:NtRemoveNetwork)
                  00015810    00000014     stk.aem4f : rawethsock_pcb.oem4f (.text:RawEthSockPcbInit)
                  00015824    00000014     network_ndk.aem4f : ssock.oem4f (.text:Ssock_construct)
                  00015838    00000014     stk.aem4f : timer.oem4f (.text:TimerFree)
                  0001584c    00000014     projct_04.obj (.text:connect)
                  00015860    00000014     projct_04.obj (.text:socket)
                  00015874    00000014     rtsv7M4_T_le_v4SPD16_eabi.lib : strcpy.c.obj (.text:strcpy)
                  00015888    00000014                                   : strlen.c.obj (.text:strlen)
                  0001589c    00000014     project_04_pem4f.oem4f (.text:ti_ndk_config_global_taskExitHook)
                  000158b0    00000014     project_04_pem4f.oem4f (.text:ti_sysbios_family_arm_m3_Hwi_Object__get__S)
                  000158c4    00000004     --HOLE-- [fill = 0]
                  000158c8    00000014     sysbios.aem4f : BIOS.obj (.text:ti_sysbios_family_arm_m3_Hwi_switchFromBootStack__E)
                  000158dc    00000014     project_04_pem4f.oem4f (.text:ti_sysbios_heaps_HeapMem_Object__get__S)
                  000158f0    00000014     project_04_pem4f.oem4f (.text:ti_sysbios_knl_Swi_Object__get__S)
                  00015904    00000014     project_04_pem4f.oem4f (.text:ti_sysbios_knl_Task_Object__first__S)
                  00015918    00000014     project_04_pem4f.oem4f (.text:ti_sysbios_knl_Task_Object__next__S)
                  0001592c    00000012     driverlib.lib : gpio.obj (.text:GPIOPinTypeEthernetLED)
                  0001593e    00000012                   : gpio.obj (.text:GPIOPinTypeI2C)
                  00015950    00000012                   : gpio.obj (.text:GPIOPinTypeI2CSCL)
                  00015962    00000012     stk.aem4f : sockprot.oem4f (.text:SockPrAttach)
                  00015974    00000012               : sockint.oem4f (.text:SockSetOOBData)
                  00015986    00000012     nettool_ipv4.aem4f : inetaddr.oem4f (.text:inet_addr)
                  00015998    00000012     sysbios.aem4f : BIOS.obj (.text:ti_sysbios_hal_Hwi_Module_startup__E)
                  000159aa    00000006     driverlib.lib : gpio.obj (.text:GPIOPinWrite)
                  000159b0    00000012     sysbios.aem4f : BIOS.obj (.text:ti_sysbios_knl_Semaphore_reset__E)
                  000159c2    00000012     rtsv7M4_T_le_v4SPD16_eabi.lib : wcslen.c.obj (.text:wcslen)
                  000159d4    00000012     project_04_pem4f.oem4f (.text:xdc_runtime_Startup_exec__I)
                  000159e6    00000002     --HOLE-- [fill = 0]
                  000159e8    00000010     project_04_pem4f.oem4f (.text:.bootCodeSection:ti_catalog_arm_cortexm4_tiva_ce_Boot_init__I)
                  000159f8    00000010     stk.aem4f : bind.oem4f (.text:BindIF2IPHost)
                  00015a08    00000010               : bind.oem4f (.text:BindIFNet2IPHost)
                  00015a18    00000010     driverlib.lib : emac.obj (.text:EMACFrameFilterSet)
                  00015a28    00000010     stk.aem4f : exec.oem4f (.text:ExecHRef)
                  00015a38    00000010     drivers_tivaware.aem4f : I2C.oem4f (.text:I2C_Params_init)
                  00015a48    00000010     netctrl_min_ipv4.aem4f : netctrl.oem4f (.text:NC_IPUpdate)
                  00015a58    00000010     stk.aem4f : nimu.oem4f (.text:NIMUGetRsvdSizeInfo)
                  00015a68    00000010     projct_04.obj (.text:clockFunc)
                  00015a78    00000010     sysbios.aem4f : BIOS.obj (.text:ti_sysbios_BIOS_exit__E)
                  00015a88    00000010                   : BIOS.obj (.text:ti_sysbios_BIOS_getCpuFreq__E)
[...]
000186cc  ti_sysbios_knl_Task_defaultStackHeap__C                              
000186d0  ti_sysbios_knl_Task_defaultStackSize__C                              
000186d4  ti_sysbios_knl_Task_numConstructedTasks__C                           
000186d8  xdc_runtime_Assert_E_assertFailed__C                                 
000186dc  xdc_runtime_Core_A_initializedParams__C                              
000186e0  xdc_runtime_Core_Module__diagsEnabled__C                             
000186e4  xdc_runtime_Core_Module__diagsIncluded__C                            
000186e8  xdc_runtime_Core_Module__diagsMask__C                                
000186ec  xdc_runtime_Error_E_memory__C                                        
000186f0  xdc_runtime_Error_Module__diagsEnabled__C                            
000186f4  xdc_runtime_Error_Module__diagsIncluded__C                           
000186f8  xdc_runtime_Error_Module__diagsMask__C                               
000186fc  xdc_runtime_Error_Module__loggerFxn8__C                              
00018700  xdc_runtime_Error_Module__loggerObj__C                               
00018704  xdc_runtime_Error_policyFxn__C                                       
00018708  xdc_runtime_Error_raiseHook__C                                       
0001870c  xdc_runtime_IGateProvider_Interface__BASE__C                         
00018710  xdc_runtime_IHeap_Interface__BASE__C                                 
00018714  xdc_runtime_IModule_Interface__BASE__C                               
00018718  xdc_runtime_Log_L_error__C                                           
0001871c  xdc_runtime_Memory_defaultHeapInstance__C                            
00018720  xdc_runtime_Startup_execImpl__C                                      
00018724  xdc_runtime_Startup_maxPasses__C                                     
00018728  xdc_runtime_Startup_sfxnRts__C                                       
0001872c  xdc_runtime_Startup_sfxnTab__C                                       
00018730  xdc_runtime_SysMin_bufSize__C                                        
00018734  xdc_runtime_SysMin_outputFunc__C                                     
00018738  xdc_runtime_System_Module__gateObj__C                                
0001873c  xdc_runtime_System_abortFxn__C                                       
00018740  xdc_runtime_System_exitFxn__C                                        
00018744  xdc_runtime_System_extendFxn__C                                      
00018748  xdc_runtime_System_maxAtexitHandlers__C                              
0001874c  xdc_runtime_Text_charTab__C                                          
00018750  xdc_runtime_Text_nameEmpty__C                                        
00018754  xdc_runtime_Text_nameStatic__C                                       
00018758  xdc_runtime_Text_nameUnknown__C                                      
0001875c  xdc_runtime_Text_nodeTab__C                                          
00018760  xdc_runtime_Text_visitRopeFxn__C                                     
00018764  ti_sysbios_hal_Hwi_Module__id__C                                     
00018766  ti_sysbios_heaps_HeapMem_Module__id__C                               
00018768  ti_sysbios_knl_Task_Module__id__C                                    
0001876a  xdc_runtime_Core_Module__id__C                                       
0001876c  xdc_runtime_Error_Module__loggerDefined__C                           
0001876e  xdc_runtime_Error_maxDepth__C                                        
00018770  xdc_runtime_Memory_Module__id__C                                     
00018772  xdc_runtime_SysMin_flushAtExit__C                                    
00018774  xdc_runtime_Text_charCnt__C                                          
00018776  xdc_runtime_Text_isLoaded__C                                         
00018778  xdc_runtime_Text_registryModsLastId__C                               
0001877a  xdc_runtime_Text_unnamedModsLastId__C                                
00018780  __TI_static_base__                                                   
00018c18  __TI_Handler_Table_Base                                              
00018c24  __TI_Handler_Table_Limit                                             
00018c38  __TI_CINIT_Base                                                      
00018c50  __TI_CINIT_Limit                                                     
20000000  ti_sysbios_family_arm_m3_Hwi_ramVectors                              
20000380  ti_sysbios_heaps_HeapMem_Instance_State_0_buf__A                     
20005380  ti_ndk_config_Global_pit                                             
20005428  ti_ndk_config_Global_pitBuffer                                       
20009c28  task0Struct                                                          
20009c80  ti_ndk_config_Global_pBufMem                                         
2000d880  ti_ndk_config_Global_pHdrMem                                         
2000db78  task0Stack                                                           
2000eb78  ti_sysbios_knl_Task_Instance_State_0_stack__A                        
2000f178  ti_sysbios_knl_Task_Instance_State_1_stack__A                        
2000f378  ti_sysbios_family_arm_m3_Hwi_dispatchTable                           
2000f6d8  __CIOBUF_                                                            
2000f8f8  i2cTivaObjects                                                       
2000f9f8  tcps                                                                 
2000fd14  xdc_runtime_SysMin_Module_State_0_outbuf__A                          
2000fd94  ips                                                                  
2000fdfc  nimu_mcb                                                             
2000fe60  _ICMPIn                                                              
2000feac  _ICMPOut                                                             
2000ff38  vlan_mcb                                                             
2000ff84  udps                                                                 
2000ffa8  BlockCount                                                           
2000ffc4  BlockMax                                                             
2000ffe0  PageCount                                                            
2000fffc  PageMax                                                              
20010018  stkEvent                                                             
20010044  tempstr                                                              
20010058  tempstr2                                                             
2001007c  raweths                                                              
2001008c  raws                                                                 
2001009c  PBMQ_free                                                            
200100a8  tpseudo                                                              
200100b4  upseudo                                                              
200100c0  emacObjects                                                          
200100c8  parmbuf                                                              
200100f4  _IGMPInDiscard                                                       
200100f8  _IGMPInQuery                                                         
200100fc  _IGMPInQueryGroup                                                    
20010100  _IGMPInResponse                                                      
20010104  _IGMPOutResponse                                                     
20010108  g_ulStatus                                                           
2001011c  raweth_pcb                                                           
20010120  ti_sysbios_knl_Task_Instance_State_0_hookEnv__A                      
20010124  ti_sysbios_knl_Task_Instance_State_1_hookEnv__A                      
20010128  HTTPStd_VER                                                          
2001012c  HTTPStd_GET                                                          
20010130  HTTPStd_POST                                                         
20010134  HTTPStd_HEAD                                                         
20010138  HTTPStd_OPTIONS                                                      
2001013c  HTTPStd_PUT                                                          
20010140  HTTPStd_DELETE                                                       
20010144  HTTPStd_CONNECT                                                      
20010148  HTTPStd_PATCH                                                        
2001014c  HTTPStd_CONTENT_TYPE_APPLET                                          
20010150  HTTPStd_CONTENT_TYPE_AU                                              
20010154  HTTPStd_CONTENT_TYPE_CSS                                             
20010158  HTTPStd_CONTENT_TYPE_DOC                                             
2001015c  HTTPStd_CONTENT_TYPE_GIF                                             
20010160  HTTPStd_CONTENT_TYPE_HTML                                            
20010164  HTTPStd_CONTENT_TYPE_JPG                                             
20010168  HTTPStd_CONTENT_TYPE_MPEG                                            
2001016c  HTTPStd_CONTENT_TYPE_PDF                                             
20010170  HTTPStd_CONTENT_TYPE_WAV                                             
20010174  HTTPStd_CONTENT_TYPE_ZIP                                             
20010178  HTTPStd_CONTENT_TYPE_PLAIN                                           
2001017c  HTTPStd_FIELD_NAME_ACCEPT                                            
20010180  HTTPStd_FIELD_NAME_ACCEPT_CHARSET                                    
20010184  HTTPStd_FIELD_NAME_ACCEPT_ENCODING                                   
20010188  HTTPStd_FIELD_NAME_ACCEPT_LANGUAGE                                   
2001018c  HTTPStd_FIELD_NAME_ACCEPT_RANGES                                     
20010190  HTTPStd_FIELD_NAME_AGE                                               
20010194  HTTPStd_FIELD_NAME_ALLOW                                             
20010198  HTTPStd_FIELD_NAME_AUTHORIZATION                                     
2001019c  HTTPStd_FIELD_NAME_CACHE_CONTROL                                     
200101a0  HTTPStd_FIELD_NAME_CONNECTION                                        
200101a4  HTTPStd_FIELD_NAME_CONTENT_ENCODING                                  
200101a8  HTTPStd_FIELD_NAME_CONTENT_LANGUAGE                                  
200101ac  HTTPStd_FIELD_NAME_CONTENT_LENGTH                                    
200101b0  HTTPStd_FIELD_NAME_CONTENT_LOCATION                                  
200101b4  HTTPStd_FIELD_NAME_CONTENT_MD5                                       
200101b8  HTTPStd_FIELD_NAME_CONTENT_RANGE                                     
200101bc  HTTPStd_FIELD_NAME_CONTENT_TYPE                                      
200101c0  HTTPStd_FIELD_NAME_COOKIE                                            
200101c4  HTTPStd_FIELD_NAME_DATE                                              
200101c8  HTTPStd_FIELD_NAME_ETAG                                              
200101cc  HTTPStd_FIELD_NAME_EXPECT                                            
200101d0  HTTPStd_FIELD_NAME_EXPIRES                                           
200101d4  HTTPStd_FIELD_NAME_FROM                                              
200101d8  HTTPStd_FIELD_NAME_HOST                                              
200101dc  HTTPStd_FIELD_NAME_IF_MATCH                                          
200101e0  HTTPStd_FIELD_NAME_IF_MODIFIED_SINCE                                 
200101e4  HTTPStd_FIELD_NAME_IF_NONE_MATCH                                     
200101e8  HTTPStd_FIELD_NAME_IF_RANGE                                          
200101ec  HTTPStd_FIELD_NAME_IF_UNMODIFIED_SINCE                               
200101f0  HTTPStd_FIELD_NAME_LAST_MODIFIED                                     
200101f4  HTTPStd_FIELD_NAME_LOCATION                                          
200101f8  HTTPStd_FIELD_NAME_MAX_FORWARDS                                      
200101fc  HTTPStd_FIELD_NAME_ORIGIN                                            
20010200  HTTPStd_FIELD_NAME_PRAGMA                                            
20010204  HTTPStd_FIELD_NAME_PROXY_AUTHENTICATE                                
20010208  HTTPStd_FIELD_NAME_PROXY_AUTHORIZATION                               
2001020c  HTTPStd_FIELD_NAME_RANGE                                             
20010210  HTTPStd_FIELD_NAME_REFERER                                           
20010214  HTTPStd_FIELD_NAME_RETRY_AFTER                                       
20010218  HTTPStd_FIELD_NAME_SERVER                                            
2001021c  HTTPStd_FIELD_NAME_TE                                                
20010220  HTTPStd_FIELD_NAME_TRAILER                                           
20010224  HTTPStd_FIELD_NAME_TRANSFER_ENCODING                                 
20010228  HTTPStd_FIELD_NAME_UPGRADE                                           
2001022c  HTTPStd_FIELD_NAME_USER_AGENT                                        
20010230  HTTPStd_FIELD_NAME_VARY                                              
20010234  HTTPStd_FIELD_NAME_VIA                                               
20010238  HTTPStd_FIELD_NAME_WWW_AUTHENTICATE                                  
2001023c  HTTPStd_FIELD_NAME_WARNING                                           
20010240  HTTPStd_FIELD_NAME_X_FORWARDED_FOR                                   
20010244  _ipcfg                                                               
200102f8  ti_sysbios_knl_Task_Object__table__V                                 
20010390  ti_sysbios_knl_Swi_Module_State_0_readyQ__A                          
20010410  ti_sysbios_knl_Task_Module_State_0_readyQ__A                         
200104e0  ti_sysbios_knl_Task_Module__state__V                                 
200105a4  ti_sysbios_family_arm_lm4_Timer_Module_State_0_device__A             
200105e4  ti_sysbios_family_arm_lm4_Timer_Object__table__V                     
20010624  ti_sysbios_gates_GateMutex_Object__table__V                          
20010690  ti_sysbios_family_arm_m3_Hwi_Module__state__V                        
200106c4  enablePrefetch                                                       
200106c8  phyCounter                                                           
200106f6  ti_sysbios_family_arm_m3_Hwi_Module_State_0_excActive__A             
20010728  ti_sysbios_knl_Swi_Object__table__V                                  
20010758  ti_sysbios_knl_Clock_Module__state__V                                
20010784  pstrMsgName                                                          
200107ac  _oscfg                                                               
200107d0  PITCount                                                             
200107d4  PITUsed                                                              
200107d8  PITHigh                                                              
200107f4  ti_sysbios_BIOS_Module__state__V                                     
20010818  ti_sysbios_family_arm_lm4_Timer_Module_State_0_handles__A            
20010838  ti_sysbios_knl_Clock_Object__table__V                                
20010874  ti_ndk_config_Global_Id2Size                                         
20010890  ti_sysbios_knl_Swi_Module__state__V                                  
200108f4  ti_sysbios_family_arm_m3_Hwi_Object__table__V                        
2001090c  ti_sysbios_heaps_HeapMem_Object__table__V                            
20010960  ti_sysbios_knl_Semaphore_Object__table__V                            
20010974  gpioPinConfigs                                                       
2001099c  _IGMPForceVersion1                                                   
200109a4  ti_sysbios_family_arm_lm4_Timer_Module__state__V                     
200109b0  xdc_runtime_SysMin_Module__state__V                                  
200109c8  _lock                                                                
200109cc  _unlock                                                              
200109d0  NIMUDeviceTable                                                      
200109d8  gpioCallbackFunctions                                                
200109e8  ti_ndk_config_Global_HostName                                        
200109ec  __xdc__init__addr                                                    
200109f8  _ICMPInErrors                                                        
200109fc  _ICMPOutErrors                                                       
20010a00  _IPExecuting                                                         
20010a18  tcp_iss                                                              
20010a1c  ptTimeFirst                                                          
20010a28  ti_sysbios_family_arm_m3_Hwi_Module__root__V                         
20010a30  ti_sysbios_gates_GateHwi_Module__root__V                             
20010a38  ti_sysbios_gates_GateMutex_Module__root__V                           
20010a40  ti_sysbios_heaps_HeapMem_Module__root__V                             
20010a48  ti_sysbios_knl_Clock_Module__root__V                                 
20010a50  ti_sysbios_knl_Queue_Module__root__V                                 
20010a58  ti_sysbios_knl_Semaphore_Module__root__V                             
20010a60  ti_sysbios_knl_Swi_Module__root__V                                   
20010a68  ti_sysbios_knl_Task_Module__root__V                                  
20010a70  xdc_runtime_Registry_Module__state__V                                
20010a78  xdc_runtime_Startup_Module__state__V                                 
20010a80  xdc_runtime_System_Module_State_0_atexitHandlers__A                  
20010a88  xdc_runtime_System_Module__state__V                                  
20010a90  macAddress                                                           
20010aa2  xdc_runtime_Error_Module__state__V                                   
20010ab4  errno                                                                
20010ab8  main_func_sp                                                         
20010ac0  _IPReasmPtr                                                          
20010ad0  ti_sysbios_family_arm_m3_Hwi_Module_State_0_excContext__A            
20010ad4  ti_sysbios_family_arm_m3_Hwi_Module_State_0_excStack__A              
20010ad8  ti_sysbios_gates_GateHwi_Object__table__V                            
20010adc  ti_sysbios_knl_Task_Module_State_0_idleTask__A                       
20010ae0  xdc_runtime_Memory_Module__state__V                                  
20010ae8  __stack                                                              
200112e8  __STACK_END                                                          
e000e000  ti_sysbios_family_arm_m3_Hwi_nvic                                    
ffffffff  __TI_pprof_out_hndl                                                  
ffffffff  __TI_prof_data_size                                                  
ffffffff  __TI_prof_data_start                                                 
ffffffff  __binit__                                                            
ffffffff  __c_args__                                                           
ffffffff  binit                                                                
UNDEFED   SHT$$INIT_ARRAY$$Base                                                
UNDEFED   SHT$$INIT_ARRAY$$Limit                                               

[1154 symbols]
