******************************************************************************
                  TI ARM Linker PC v18.12.3                    
******************************************************************************
>> Linked Sun Jan 12 15:06:28 2020

OUTPUT FILE NAME:   <project_draft_13_resolvehttp.out>
ENTRY POINT SYMBOL: "_c_int00"  address: 000122dd


MEMORY CONFIGURATION

         name            origin    length      used     unused   attr    fill
----------------------  --------  ---------  --------  --------  ----  --------
  FLASH                 00000000   00100000  00019ec5  000e613b  R  X
  SRAM                  20000000   00040000  000112a6  0002ed5a  RW X


SEGMENT ALLOCATION MAP

run origin  load origin   length   init length attrs members
----------  ----------- ---------- ----------- ----- -------
00000000    00000000    00019ed0   00019ed0    r-x
  00000000    00000000    0000003c   0000003c    r-- .resetVecs
  00000040    00000040    00017042   00017042    r-x .text
  00017084    00017084    0000291f   0000291f    r-- .const
  000199a8    000199a8    00000528   00000528    r-- .cinit
20000000    20000000    00000360   00000000    rw-
  20000000    20000000    00000360   00000000    rw- .vecs
20000380    20000380    00010f48   00000000    rw-
  20000380    20000380    0000fca2   00000000    rw- .bss
  20010024    20010024    00000aa4   00000000    rw- .data
  20010ac8    20010ac8    00000800   00000000    rw- .stack


SECTION ALLOCATION MAP

 output                                  attributes/
section   page    origin      length       input sections
--------  ----  ----------  ----------   ----------------
.text      0    00000040    00017042     
                  00000040    00000c68     stk.aem4f : tcpin.oem4f (.text:TcpInput)
                  00000ca8    00000a4e     rtsv7M4_T_le_v4SPD16_eabi.lib : _printfi.c.obj (.text:__TI_printfi)
                  000016f6    00000002     hal_userled_stub.aem4f : llled.oem4f (.text:LED_TOGGLE)
                  000016f8    000008b8     stk.aem4f : tcpout.oem4f (.text:TcpOutput)
                  00001fb0    0000058c     rtsv7M4_T_le_v4SPD16_eabi.lib : e_powf.c.obj (.text:powf)
                  0000253c    00000004     stk.aem4f : bind.oem4f (.text:BindGetIF)
                  00002540    00000430     sysbios.aem4f : BIOS.obj (.text:ti_sysbios_family_arm_m3_Hwi_excDumpRegs__I)
                  00002970    00000408     stk.aem4f : ipout.oem4f (.text:IPTxPacket)
                  00002d78    00000384               : ipin.oem4f (.text:IPRxPacket)
                  000030fc    00000372     nettool_ipv4.aem4f : dnscomn.oem4f (.text:DNSResolveByName)
                  0000346e    00000002     stk.aem4f : nat.oem4f (.text:NatMsg)
                  00003470    00000364     projct_13.obj (.text:httpTask)
                  000037d4    00000354     projct_13.obj (.text:BMP180_getPressure)
                  00003b28    0000034c     ti.targets.arm.rtsarm.aem4f : System.oem4f (.text:xdc_runtime_System_doPrint__I)
                  00003e74    00000338     projct_13.obj (.text:httpTask2)
                  000041ac    000002fe     nettool_ipv4.aem4f : dnscomn.oem4f (.text:DNSResolveByAddr)
                  000044aa    00000002     os.aem4f : task.oem4f (.text:_TaskInit)
                  000044ac    000002f8     nettool_ipv4.aem4f : inetaddr.oem4f (.text:getaddrinfo)
                  000047a4    000002da                        : dnscomn.oem4f (.text:DNSResolveByNS)
                  00004a7e    00000002     os.aem4f : task.oem4f (.text:_TaskShutdown)
                  00004a80    00000284     stk.aem4f : sock.oem4f (.text:SockSet)
                  00004d04    00000270     rtsv7M4_T_le_v4SPD16_eabi.lib : _printfi.c.obj (.text:_pconv_a)
                  00004f74    0000024c     stk.aem4f : ipfrag.oem4f (.text:IPReasm)
                  000051c0    0000023c               : icmpin.oem4f (.text:ICMPInput)
                  000053fc    00000238               : udp.oem4f (.text:UdpInput)
                  00005634    00000204     Boot.aem4f : Boot_sysctl.oem4f (.text:ti_catalog_arm_cortexm4_tiva_ce_Boot_sysCtlClockFreqSetI__I)
                  00005838    000001f4     stk.aem4f : sock.oem4f (.text:SockRecv)
                  00005a2c    00000004               : bind.oem4f (.text:BindGetNext)
                  00005a30    000001f4     sysbios.aem4f : BIOS.obj (.text:ti_sysbios_family_arm_m3_Hwi_excHandlerMax__I)
                  00005c24    000001d0     rtsv7M4_T_le_v4SPD16_eabi.lib : _printfi.c.obj (.text:_pconv_g)
                  00005df4    000001b8     drivers_tivaware.aem4f : EMACSnow.oem4f (.text:EMACSnow_NIMUInit)
                  00005fac    000001b6     rtsv7M4_T_le_v4SPD16_eabi.lib : fd_add_t2.asm.obj (.text)
                  00006162    00000002     hal_ser_stub.aem4f : llserstb.oem4f (.text:_llSerialServiceCheck)
                  00006164    000001b0     stk.aem4f : lliout.oem4f (.text:LLITxIpPacket)
                  00006314    000001ac               : lliin.oem4f (.text:LLIRxPacket)
                  000064c0    0000019c     os.aem4f : mem.oem4f (.text:mmAlloc)
                  0000665c    0000019a     nettool_ipv4.aem4f : dnsclnt.oem4f (.text:DNSResolve)
                  000067f6    00000002     hal_ser_stub.aem4f : llserstb.oem4f (.text:_llSerialShutdown)
                  000067f8    00000198     stk.aem4f : igmp.oem4f (.text:IGMPInput)
                  00006990    00000198     nettool_ipv4.aem4f : ipaddr.oem4f (.text:NtGetPublicHost)
                  00006b28    00000190     stk.aem4f : sock.oem4f (.text:SockNew)
                  00006cb8    00000188     projct_13.obj (.text:BMP180_getPressureCalibration)
                  00006e40    00000174     netctrl_min_ipv4.aem4f : netctrl.oem4f (.text:NC_NetStart)
                  00006fb4    00000004     http_ndk.aem4f : httpcli.oem4f (.text:HTTPCli_construct)
                  00006fb8    00000174     sysbios.aem4f : BIOS.obj (.text:ti_sysbios_family_arm_m3_Hwi_excBusFault__I)
                  0000712c    00000170     stk.aem4f : rtc.oem4f (.text:RTCReport)
                  0000729c    0000016c     nettool_ipv4.aem4f : dnscomn.oem4f (.text:DNSResolveExternal)
                  00007408    0000016a     stk.aem4f : sb.oem4f (.text:SBRead)
                  00007572    00000006     driverlib.lib : emac.obj (.text:EMACRxDMADescriptorListSet)
                  00007578    00000164     sysbios.aem4f : BIOS.obj (.text:ti_sysbios_family_arm_m3_Hwi_excUsageFault__I)
                  000076dc    00000160     stk.aem4f : sock.oem4f (.text:SockConnect)
                  0000783c    00000158     nettool_ipv4.aem4f : dhcpmain.oem4f (.text:DHCPOpen)
                  00007994    00000150     drivers_tivaware.aem4f : GPIOTiva.oem4f (.text:GPIO_setConfig)
                  00007ae4    00000004     driverlib.lib : i2c.obj (.text:I2CMasterControl)
                  00007ae8    00000150     sysbios.aem4f : BIOS.obj (.text:ti_sysbios_knl_Task_Instance_finalize__E)
                  00007c38    00000148                   : BIOS.obj (.text:ti_sysbios_family_arm_m3_Hwi_excMemFault__I)
                  00007d80    00000144     stk.aem4f : bind.oem4f (.text:BindNew)
                  00007ec4    00000140               : tcp.oem4f (.text:TcpTimeoutCheck)
                  00008004    0000013c     nettool_ipv4.aem4f : config.oem4f (.text:CfgAddEntry)
                  00008140    0000013c     stk.aem4f : sockint.oem4f (.text:SockNotify)
                  0000827c    0000013c               : sock.oem4f (.text:SockSend)
                  000083b8    0000013c     rtsv7M4_T_le_v4SPD16_eabi.lib : _printfi.c.obj (.text:_pconv_e)
                  000084f4    00000004     driverlib.lib : i2c.obj (.text:I2CMasterDataGet)
                  000084f8    00000138     sysbios.aem4f : BIOS.obj (.text:ti_sysbios_knl_Semaphore_pend__E)
                  00008630    00000136     nettool_ipv4.aem4f : dnspkt.oem4f (.text:DNSGetReply)
                  00008766    00000136     rtsv7M4_T_le_v4SPD16_eabi.lib : fd_div_t2.asm.obj (.text)
                  0000889c    00000134     stk.aem4f : icmp.oem4f (.text:ICMPGenPacket)
                  000089d0    00000132     nettool_ipv4.aem4f : dnspkt.oem4f (.text:DNSReadRecord)
                  00008b02    00000130     driverlib.lib : gpio.obj (.text:GPIOPadConfigSet)
                  00008c32    00000002     hal_userled_stub.aem4f : llled.oem4f (.text:_llUserLedInit)
                  00008c34    0000012c     EK_TM4C1294XL.obj (.text:EK_TM4C1294XL_initEMAC)
                  00008d60    00000128     http_ndk.aem4f : httpcli.oem4f (.text:contentHandler)
                  00008e88    00000124     stk.aem4f : sockpcb.oem4f (.text:SockPcbResolve)
                  00008fac    00000124               : udp.oem4f (.text:UdpOutput)
                  000090d0    00000124     rtsv7M4_T_le_v4SPD16_eabi.lib : _printfi.c.obj (.text:fcvt)
                  000091f4    00000124     projct_13.obj (.text:sendData2Server)
                  00009318    00000120     project_13_pem4f.oem4f (.text:ti_ndk_config_Global_stackThread)
                  00009438    00000118     http_ndk.aem4f : httpcli.oem4f (.text:HTTPCli_connect)
                  00009550    00000118     stk.aem4f : tcpout.oem4f (.text:TcpGenPacket)
                  00009668    00000118     projct_13.obj (.text:taskFxn)
                  00009780    00000118     ti.targets.arm.rtsarm.aem4f : Error.oem4f (.text:xdc_runtime_Error_policyDefault__E)
                  00009898    00000114     projct_13.obj (.text:BMP180_getTemperature)
                  000099ac    00000114     stk.aem4f : nimu.oem4f (.text:NIMUIoctl)
                  00009ac0    00000110               : node.oem4f (.text:NodeTreeFree)
                  00009bd0    00000110               : raw.oem4f (.text:RawInput)
                  00009ce0    00000110     rtsv7M4_T_le_v4SPD16_eabi.lib : s_scalbn.c.obj (.text:scalbn)
                  00009df0    00000110                                   : strtoul.c.obj (.text:strtoul)
                  00009f00    0000010c     stk.aem4f : rtable.oem4f (.text:RtFind)
                  0000a00c    0000010a               : route.oem4f (.text:RtCreate)
                  0000a116    00000002     hal_userled_stub.aem4f : llled.oem4f (.text:_llUserLedShutdown)
                  0000a118    00000108     drivers_tivaware.aem4f : EMACSnow.oem4f (.text:EMACSnow_emacStart)
                  0000a220    00000108     sysbios.aem4f : BIOS.obj (.text:ti_sysbios_family_arm_lm4_Timer_start__E)
                  0000a328    00000106     http_ndk.aem4f : httpcli.oem4f (.text:HTTPCli_getResponseField)
                  0000a42e    00000002     rtsv7M4_T_le_v4SPD16_eabi.lib : _lock.c.obj (.text:_nop)
                  0000a430    00000104     os.aem4f : task.oem4f (.text:llEnter)
                  0000a534    00000102     nettool_ipv4.aem4f : dhcppkt.oem4f (.text:dhcpPacketProcess)
                  0000a636    00000102                        : inetaddr.oem4f (.text:inet_aton)
                  0000a738    00000100     stk.aem4f : igmp.oem4f (.text:IGMPSendReply)
                  0000a838    00000100     ti.targets.arm.rtsarm.aem4f : Core-mem.oem4f (.text:xdc_runtime_Core_createObject__I)
                  0000a938    000000fc     netctrl_min_ipv4.aem4f : netctrl.oem4f (.text:NetScheduler)
                  0000aa34    000000fc     rtsv7M4_T_le_v4SPD16_eabi.lib : fd_mul_t2.asm.obj (.text)
                  0000ab30    000000f8     stk.aem4f : pipe.oem4f (.text:PipeRecv)
                  0000ac28    000000f8     ti.targets.arm.rtsarm.aem4f : Startup.oem4f (.text:xdc_runtime_Startup_startMods__I)
                  0000ad20    000000f8     project_13_pem4f.oem4f (.text:xdc_runtime_System_printfExtend__I)
                  0000ae18    000000f4     os.aem4f : task.oem4f (.text:TaskGetEnv)
                  0000af0c    000000f4     sysbios.aem4f : m3_Hwi_asm.obj (.text:ti_sysbios_family_arm_m3_Hwi_dispatch__I)
                  0000b000    000000f4                   : BIOS.obj (.text:ti_sysbios_knl_Task_Instance_init__E)
                  0000b0f4    000000f2     http_ndk.aem4f : httpcli.oem4f (.text:bufferedRecv)
                  0000b1e6    00000002     hal_ser_stub.aem4f : llserstb.oem4f (.text:llSerialService)
                  0000b1e8    000000f0     stk.aem4f : lliout.oem4f (.text:LLIGenArpPacket)
                  0000b2d8    000000f0               : sock.oem4f (.text:SockClose)
                  0000b3c8    000000ee     nettool_ipv4.aem4f : dnspkt.oem4f (.text:DNSWriteRecord)
                  0000b4b6    00000002     rtsv7M4_T_le_v4SPD16_eabi.lib : div0.asm.obj (.text)
                  0000b4b8    000000ec     http_ndk.aem4f : httpcli.oem4f (.text:redirect)
                  0000b5a4    00000004     driverlib.lib : i2c.obj (.text:I2CMasterDataPut)
                  0000b5a8    000000ec     sysbios.aem4f : BIOS.obj (.text:ti_sysbios_knl_Task_postInit__I)
                  0000b694    000000e8     os.aem4f : task.oem4f (.text:TaskSetEnv)
                  0000b77c    000000e8     projct_13.obj (.text:netIPAddrHook)
                  0000b864    000000e6     nettool_ipv4.aem4f : dnspkt.oem4f (.text:DNSWriteName)
                  0000b94a    00000002     project_13_pem4f.oem4f (.text:ti_ndk_config_Global_NetworkClose)
                  0000b94c    000000e6     http_ndk.aem4f : httpcli.oem4f (.text:HTTPCli_initSockAddr)
                  0000ba32    00000002     project_13_pem4f.oem4f (.text:ti_ndk_config_Global_NetworkOpen)
                  0000ba34    000000e0     drivers_tivaware.aem4f : I2CTiva.oem4f (.text:I2CTiva_open)
                  0000bb14    000000e0     stk.aem4f : tcptime.oem4f (.text:TcpTimeoutRexmt)
                  0000bbf4    000000dc               : sb.oem4f (.text:SBWrite)
                  0000bcd0    000000dc     nettool_ipv4.aem4f : dhcpsock.oem4f (.text:dhcpSocketOpen)
                  0000bdac    000000dc                        : dhcpsm.oem4f (.text:dhcpState)
                  0000be88    000000d8     stk.aem4f : node.oem4f (.text:NodeAdd)
                  0000bf60    000000d8               : tcpprot.oem4f (.text:TcpPrSetOption)
                  0000c038    000000d8     projct_13.obj (.text:socketTask)
                  0000c110    000000d6     drivers_tivaware.aem4f : I2CTiva.oem4f (.text:I2CTiva_hwiFxn)
                  0000c1e6    00000002     project_13_pem4f.oem4f (.text:ti_sysbios_BIOS_nullFunc__I)
                  0000c1e8    000000d4     drivers_tivaware.aem4f : EMACSnow.oem4f (.text:EMACSnow_handleRx)
                  0000c2bc    000000d4     stk.aem4f : sockpcb.oem4f (.text:SockPcbBind)
                  0000c390    000000d4     sysbios.aem4f : BIOS.obj (.text:ti_sysbios_heaps_HeapMem_alloc__E)
                  0000c464    000000d1     stk.aem4f : nimu.oem4f (.text:NIMUReceivePacket)
                  0000c535    00000001     --HOLE-- [fill = 0]
                  0000c536    00000002     project_13_pem4f.oem4f (.text:xdc_runtime_Startup_reset__I)
                  0000c538    000000d0     rtsv7M4_T_le_v4SPD16_eabi.lib : s_scalbnf.c.obj (.text:scalbnf)
                  0000c608    000000cc     stk.aem4f : icmp.oem4f (.text:ICMPSendRtAdv)
                  0000c6d4    000000cc     nettool_ipv4.aem4f : dhcpbild.oem4f (.text:dhcpBuildHeader)
                  0000c7a0    000000cc                        : dhcpsm.oem4f (.text:dhcpIPAdd)
                  0000c86c    000000cc                        : dhcppkt.oem4f (.text:dhcpVerifyMessage)
                  0000c938    000000cc     ti.targets.arm.rtsarm.aem4f : Core-smem.oem4f (.text:xdc_runtime_Core_constructObject__I)
                  0000ca04    000000c8     stk.aem4f : rawethsock.oem4f (.text:RawEthSockNew)
                  0000cacc    000000c8     netctrl_min_ipv4.aem4f : netsrv.oem4f (.text:SPIpNet)
                  0000cb94    00000004     os.aem4f : ossys.oem4f (.text:NDK_vsprintf)
                  0000cb98    000000c8     sysbios.aem4f : BIOS.obj (.text:ti_sysbios_knl_Task_sleep__E)
                  0000cc60    000000c4     drivers_tivaware.aem4f : EMACSnow.oem4f (.text:EMACSnow_InitDMADescriptors)
                  0000cd24    000000c4     stk.aem4f : igmp.oem4f (.text:IGMPJoinHostGroup)
                  0000cde8    000000c4     nettool_ipv4.aem4f : dhcpsm.oem4f (.text:StateBound)
                  0000ceac    000000c4     http_ndk.aem4f : httpcli.oem4f (.text:getChunkedData)
                  0000cf70    000000c2     nettool_ipv4.aem4f : dnspkt.oem4f (.text:DNSReadName)
                  0000d032    00000002     --HOLE-- [fill = 0]
                  0000d034    000000be                        : dnsclnt.oem4f (.text:DNSGetHostByName)
                  0000d0f2    000000bc     stk.aem4f : sockpcb.oem4f (.text:SockPcbFind)
                  0000d1ae    00000002     --HOLE-- [fill = 0]
                  0000d1b0    000000bc               : vlan.oem4f (.text:VLANDeinit)
                  0000d26c    00000004               : node.oem4f (.text:NodeSetRt)
                  0000d270    000000bc     sysbios.aem4f : BIOS.obj (.text:ti_sysbios_family_arm_m3_Hwi_excDebugMon__I)
                  0000d32c    00000004     stk.aem4f : rawethsock_prot.oem4f (.text:RawEthSockPrAttach)
                  0000d330    000000bc     sysbios.aem4f : BIOS.obj (.text:ti_sysbios_family_arm_m3_Hwi_excHardFault__I)
                  0000d3ec    00000004     stk.aem4f : rawethsock_prot.oem4f (.text:RawEthSockPrDetach)
                  0000d3f0    000000bc     sysbios.aem4f : BIOS.obj (.text:ti_sysbios_knl_Task_exit__E)
                  0000d4ac    000000b8     EK_TM4C1294XL.obj (.text:EK_TM4C1294XL_initGeneral)
                  0000d564    000000b8     stk.aem4f : icmpin.oem4f (.text:ICMPRevSrcRoute)
                  0000d61c    000000b8               : lli.oem4f (.text:_LLITimeoutCheck)
                  0000d6d4    000000b4               : tcptime.oem4f (.text:TcpTimeoutKeep)
                  0000d788    000000b4     http_ndk.aem4f : httpcli.oem4f (.text:getStatus)
                  0000d83c    00000004     os.aem4f : semaphore.oem4f (.text:SemPend)
                  0000d840    000000b4     sysbios.aem4f : BIOS.obj (.text:ti_sysbios_knl_Task_checkStacks__E)
                  0000d8f4    000000b1     rtsv7M4_T_le_v4SPD16_eabi.lib : _printfi.c.obj (.text:_ltostr)
                  0000d9a5    00000003     --HOLE-- [fill = 0]
                  0000d9a8    000000b1     nettool_ipv4.aem4f : inetaddr.oem4f (.text:createAddrInfo)
                  0000da59    00000001     --HOLE-- [fill = 0]
                  0000da5a    000000b0     stk.aem4f : rawethsock.oem4f (.text:RawEthSockSet)
                  0000db0a    00000002     --HOLE-- [fill = 0]
                  0000db0c    000000ac               : rtable.oem4f (.text:RtTimeoutCheck)
                  0000dbb8    000000ac     http_ndk.aem4f : httpcli.oem4f (.text:httpProxyTunnel)
                  0000dc64    00000004     os.aem4f : semaphore.oem4f (.text:SemPost)
                  0000dc68    000000ac     sysbios.aem4f : BIOS.obj (.text:ti_sysbios_family_arm_lm4_Timer_enableTiva__I)
                  0000dd14    000000aa     network_ndk.aem4f : ssock.oem4f (.text:Ssock_send)
                  0000ddbe    00000002     --HOLE-- [fill = 0]
                  0000ddc0    000000a8     stk.aem4f : sockint.oem4f (.text:SockCreatePacket)
                  0000de68    000000a4     sysbios.aem4f : BIOS.obj (.text:ti_sysbios_knl_Task_setPri__E)
                  0000df0c    000000a0     stk.aem4f : ip.oem4f (.text:IPGetRoute)
                  0000dfac    000000a0     auto_init.aem4f : auto_init.oem4f (.text)
                  0000e04c    000000a0     ti.targets.arm.rtsarm.aem4f : Text.oem4f (.text:xdc_runtime_Text_putMod__E)
                  0000e0ec    0000009e     stk.aem4f : nimu.oem4f (.text:NIMUAddEthernetHeader)
                  0000e18a    0000009e     nettool_ipv4.aem4f : dhcpbild.oem4f (.text:dhcpBuildRequest)
                  0000e228    0000009c     stk.aem4f : exec.oem4f (.text:ExecOpen)
                  0000e2c4    0000009c     projct_13.obj (.text:bmpTask)
                  0000e360    0000009c     rtsv7M4_T_le_v4SPD16_eabi.lib : memcpy_t2.asm.obj (.text)
                  0000e3fc    0000009a     projct_13.obj (.text:main)
                  0000e496    00000002     --HOLE-- [fill = 0]
                  0000e498    0000009a     ti.targets.arm.rtsarm.aem4f : Text.oem4f (.text:xdc_runtime_Text_putSite__E)
                  0000e532    00000002     --HOLE-- [fill = 0]
                  0000e534    00000098     netctrl_min_ipv4.aem4f : netctrl.oem4f (.text:NC_SystemOpen)
                  0000e5cc    00000098                            : netsrv.oem4f (.text:ServiceScan)
                  0000e664    00000098     Boot.aem4f : Boot.oem4f (.text:ti_catalog_arm_cortexm4_tiva_ce_Boot_sysCtlClockFreqSet__E)
                  0000e6fc    00000004     os.aem4f : semaphore.oem4f (.text:SemReset)
                  0000e700    00000098     sysbios.aem4f : BIOS.obj (.text:ti_sysbios_knl_Task_schedule__I)
                  0000e798    00000096     rtsv7M4_T_le_v4SPD16_eabi.lib : ull_div_t2.asm.obj (.text)
                  0000e82e    00000002     --HOLE-- [fill = 0]
                  0000e830    00000094     nettool_ipv4.aem4f : config.oem4f (.text:CfgRemoveEntry)
                  0000e8c4    00000004     network_ndk.aem4f : ssock.oem4f (.text:Ssock_getSocket)
                  0000e8c8    00000094     sysbios.aem4f : BIOS.obj (.text:ti_sysbios_family_arm_m3_Hwi_Instance_init__E)
                  0000e95c    00000004     os.aem4f : task.oem4f (.text:TaskSelf)
                  0000e960    00000094     sysbios.aem4f : BIOS.obj (.text:ti_sysbios_family_arm_m3_Hwi_initNVIC__E)
                  0000e9f4    00000090     nettool_ipv4.aem4f : config.oem4f (.text:CfgExecute)
                  0000ea84    00000090     stk.aem4f : igmp.oem4f (.text:IGMPMsg)
                  0000eb14    00000090     os.aem4f : mem.oem4f (.text:mmBulkAlloc)
                  0000eba4    00000090     http_ndk.aem4f : httpcli.oem4f (.text:readLine)
                  0000ec34    00000004     os.aem4f : task.oem4f (.text:TaskSetPri)
                  0000ec38    00000090     sysbios.aem4f : BIOS.obj (.text:ti_sysbios_knl_Task_Module_startup__E)
                  0000ecc8    00000090                   : BIOS.obj (.text:ti_sysbios_knl_Task_startCore__E)
                  0000ed58    0000008c     nettool_ipv4.aem4f : dnscomn.oem4f (.text:DNSResolveQuery)
                  0000ede4    0000008c     drivers_tivaware.aem4f : GPIOTiva.oem4f (.text:GPIO_init)
                  0000ee70    0000008c     stk.aem4f : ip.oem4f (.text:IPMsg)
                  0000eefc    0000008c     os.aem4f : mem.oem4f (.text:_mmInit)
                  0000ef88    0000008c              : mem.oem4f (.text:mmInitPage)
                  0000f014    0000008c     sysbios.aem4f : m3_TaskSupport_asm.obj (.text:ti_sysbios_family_arm_m3_TaskSupport_buildTaskStack)
                  0000f0a0    0000008a     netctrl_min_ipv4.aem4f : netsrv.oem4f (.text:SPRoute)
                  0000f12a    00000002     --HOLE-- [fill = 0]
                  0000f12c    00000088                            : netsrv.oem4f (.text:ServiceSpawn)
                  0000f1b4    00000088     stk.aem4f : sockpcb.oem4f (.text:SockPcbCtlError)
                  0000f23c    00000087     project_13_pem4f.oem4f (.text:ti_ndk_config_Global_NetworkIPAddr)
                  0000f2c3    00000001     --HOLE-- [fill = 0]
                  0000f2c4    00000086     nettool_ipv4.aem4f : dhcpsm.oem4f (.text:StateRequesting)
                  0000f34a    00000086     rtsv7M4_T_le_v4SPD16_eabi.lib : fd_cmp_t2.asm.obj (.text:__aeabi_cdcmple)
                  0000f3d0    00000086                                   : fd_cmp_t2.asm.obj (.text:__aeabi_cdrcmple)
                  0000f456    00000002     --HOLE-- [fill = 0]
                  0000f458    00000084     nettool_ipv4.aem4f : config.oem4f (.text:CfgGetEntry)
                  0000f4dc    00000084     drivers_tivaware.aem4f : EMACSnow.oem4f (.text:EMACSnow_processPhyInterrupt)
                  0000f560    00000084     stk.aem4f : tcpprot.oem4f (.text:TcpPrAttach)
                  0000f5e4    00000084     os.aem4f : mem.oem4f (.text:mmBulkFree)
                  0000f668    00000084              : mem.oem4f (.text:mmFree)
                  0000f6ec    00000004     hal_ser_stub.aem4f : llserstb.oem4f (.text:_llSerialInit)
                  0000f6f0    00000084     sysbios.aem4f : BIOS.obj (.text:ti_sysbios_family_arm_m3_Hwi_postInit__I)
                  0000f774    00000082     nettool_ipv4.aem4f : dhcpsm.oem4f (.text:StateRenewRebind)
                  0000f7f6    00000002     --HOLE-- [fill = 0]
                  0000f7f8    00000080     drivers_tivaware.aem4f : EMACSnow.oem4f (.text:EMACSnow_emacStop)
                  0000f878    00000080                            : EMACSnow.oem4f (.text:EMACSnow_processPendingTx)
                  0000f8f8    00000080     stk.aem4f : lli.oem4f (.text:LLINew)
                  0000f978    00000080     netctrl_min_ipv4.aem4f : netsrv.oem4f (.text:NS_BootTask)
                  0000f9f8    00000080     stk.aem4f : pbm.oem4f (.text:PBM_alloc)
                  0000fa78    00000080               : raw.oem4f (.text:RawOutput)
                  0000faf8    0000007e     drivers_tivaware.aem4f : I2CTiva.oem4f (.text:I2CTiva_transfer)
                  0000fb76    0000007e     stk.aem4f : fileuser.oem4f (.text:fdClose)
                  0000fbf4    0000007c     nettool_ipv4.aem4f : config.oem4f (.text:CfgGetNextEntry)
                  0000fc70    0000007c     drivers_tivaware.aem4f : EMACSnow.oem4f (.text:EMACSnow_hwiIntFxn)
                  0000fcec    0000007c     stk.aem4f : igmp.oem4f (.text:IGMPDoMCast)
                  0000fd68    0000007c               : igmp.oem4f (.text:IGMPJoin)
                  0000fde4    0000007c               : socket.oem4f (.text:NDK_setsockopt)
                  0000fe60    0000007c               : nimu.oem4f (.text:NIMURegister)
                  0000fedc    0000007c               : pbm.oem4f (.text:PBM_free)
                  0000ff58    0000007c     nettool_ipv4.aem4f : inetaddr.oem4f (.text:inet_pton)
                  0000ffd4    00000004     rtsv7M4_T_le_v4SPD16_eabi.lib : exit.c.obj (.text:abort:abort)
                  0000ffd8    0000007c     sysbios.aem4f : BIOS.obj (.text:ti_sysbios_heaps_HeapMem_free__E)
                  00010054    0000007a     rtsv7M4_T_le_v4SPD16_eabi.lib : memset_t2.asm.obj (.text)
                  000100ce    00000002     --HOLE-- [fill = 0]
                  000100d0    00000078     driverlib.lib : emac.obj (.text:EMACInit)
                  00010148    00000078     stk.aem4f : socket.oem4f (.text:NDK_sendto)
                  000101c0    00000078               : tcptime.oem4f (.text:TcpXmitTimer)
                  00010238    00000078               : fileuser.oem4f (.text:fdOpenSession)
                  000102b0    00000078     os.aem4f : task.oem4f (.text:llExit)
                  00010328    00000076     stk.aem4f : pipe.oem4f (.text:PipeSend)
                  0001039e    00000002     --HOLE-- [fill = 0]
                  000103a0    00000075               : tcptime.oem4f (.text:TcpTimeoutSackRexmt)
                  00010415    00000003     --HOLE-- [fill = 0]
                  00010418    00000074               : igmp.oem4f (.text:IGMPLeaveHostGroup)
                  0001048c    00000074               : nimu.oem4f (.text:NIMUShutdown)
                  00010500    00000074               : raweth.oem4f (.text:RawEthRxPacket)
                  00010574    00000074               : sockpcb.oem4f (.text:SockPcbConnect)
                  000105e8    00000074     nettool_ipv4.aem4f : inetaddr.oem4f (.text:setAddrInfo)
                  0001065c    00000072     os.aem4f : semaphore.oem4f (.text:SemCreateBinary)
                  000106ce    00000002     --HOLE-- [fill = 0]
                  000106d0    00000070     http_ndk.aem4f : httpcli.oem4f (.text:HTTPCli_sendRequest)
                  00010740    00000070     stk.aem4f : socket.oem4f (.text:NDK_send)
                  000107b0    00000070               : rtable.oem4f (.text:RtFlush)
                  00010820    00000070     netctrl_min_ipv4.aem4f : netsrv.oem4f (.text:SPConfig)
                  00010890    00000070     stk.aem4f : sock.oem4f (.text:SockShutdown)
                  00010900    00000070     nettool_ipv4.aem4f : dhcptags.oem4f (.text:dhcpDecodeType)
                  00010970    00000070     sysbios.aem4f : BIOS.obj (.text:ti_sysbios_knl_Clock_workFunc__E)
                  000109e0    0000006e     stk.aem4f : socket.oem4f (.text:NDK_recv)
                  00010a4e    00000002     --HOLE-- [fill = 0]
                  00010a50    0000006e               : rtable.oem4f (.text:RtWalkNext)
                  00010abe    0000006e               : sockpcb.oem4f (.text:SockPcbFindRaw)
                  00010b2c    0000006e     rtsv7M4_T_le_v4SPD16_eabi.lib : _printfi.c.obj (.text:_mcpy)
                  00010b9a    00000002     --HOLE-- [fill = 0]
                  00010b9c    0000006d     stk.aem4f : node.oem4f (.text:NodeNew)
                  00010c09    00000003     --HOLE-- [fill = 0]
                  00010c0c    0000006d     ti.targets.arm.rtsarm.aem4f : System.oem4f (.text:xdc_runtime_System_formatNum__I)
                  00010c79    00000003     --HOLE-- [fill = 0]
                  00010c7c    0000006c     os.aem4f : ossys.oem4f (.text:DbgPrintf)
                  00010ce8    0000006c     stk.aem4f : node.oem4f (.text:NodeTreeNew)
                  00010d54    0000006c               : raweth.oem4f (.text:RawEthTxPacket)
                  00010dc0    0000006c               : udp.oem4f (.text:UdpChecksum)
                  00010e2c    0000006c     http_ndk.aem4f : httpcli.oem4f (.text:checkContentField)
                  00010e98    0000006c     project_13_pem4f.oem4f (.text:ti_ndk_config_ip_init)
                  00010f04    00000004     stk.aem4f : listlib.oem4f (.text:list_get_head)
                  00010f08    0000006c     sysbios.aem4f : BIOS.obj (.text:ti_sysbios_knl_Swi_restoreHwi__E)
                  00010f74    0000006c     ti.targets.arm.rtsarm.aem4f : Error.oem4f (.text:xdc_runtime_Error_print__E)
                  00010fe0    0000006c                                 : Memory.oem4f (.text:xdc_runtime_Memory_alloc__E)
                  0001104c    0000006a     stk.aem4f : tcpprot.oem4f (.text:TcpPrInherit)
                  000110b6    00000002     --HOLE-- [fill = 0]
                  000110b8    00000068     EK_TM4C1294XL.obj (.text:EK_TM4C1294XL_initI2C)
                  00011120    00000068     stk.aem4f : socket.oem4f (.text:NDK_socket)
                  00011188    00000068               : pbm.oem4f (.text:PBM_open)
                  000111f0    00000068               : rtable.oem4f (.text:_RtNodeInsert)
                  00011258    00000068     rtsv7M4_T_le_v4SPD16_eabi.lib : copy_decompress_lzss.c.obj (.text:decompress:lzss:__TI_decompress_lzss)
                  000112c0    00000066     ti.targets.arm.rtsarm.aem4f : Core-mem.oem4f (.text:xdc_runtime_Core_deleteObject__I)
                  00011326    00000002     --HOLE-- [fill = 0]
                  00011328    00000064     nettool_ipv4.aem4f : config.oem4f (.text:CfgFree)
                  0001138c    00000064     drivers_tivaware.aem4f : GPIOTiva.oem4f (.text:GPIO_hwiIntFxn)
                  000113f0    00000064     stk.aem4f : pbm.oem4f (.text:PBMQ_enq)
                  00011454    00000064               : sockint.oem4f (.text:SockSpawnAbort)
                  000114b8    00000064     rtsv7M4_T_le_v4SPD16_eabi.lib : s_frexp.c.obj (.text:frexp)
                  0001151c    00000064     hal_timer_bios.aem4f : lltimer.oem4f (.text:llTimerTick)
                  00011580    00000064     sysbios.aem4f : BIOS.obj (.text:ti_sysbios_family_arm_lm4_Timer_Module_startup__E)
                  000115e4    00000064     project_13_pem4f.oem4f (.text:ti_sysbios_family_arm_m3_Hwi_create)
                  00011648    00000064     sysbios.aem4f : BIOS.obj (.text:ti_sysbios_family_arm_m3_Hwi_dispatchC__I)
                  000116ac    00000004     stk.aem4f : listlib.oem4f (.text:list_get_next)
                  000116b0    00000064     sysbios.aem4f : BIOS.obj (.text:ti_sysbios_knl_Semaphore_post__E)
                  00011714    00000064     stk.aem4f : lliin.oem4f (.text:updateRtTable)
                  00011778    00000062     drivers_tivaware.aem4f : I2CTiva.oem4f (.text:I2CTiva_primeTransfer)
                  000117da    00000062     stk.aem4f : ipin.oem4f (.text:IPRouteIP)
                  0001183c    00000062               : sb.oem4f (.text:SBNew)
                  0001189e    00000002     --HOLE-- [fill = 0]
                  000118a0    00000060     projct_13.obj (.text:BMP180_startPressureAcquisition)
                  00011900    00000060     projct_13.obj (.text:BMP180_startTemperatureAcquisition)
                  00011960    00000060     nettool_ipv4.aem4f : config.oem4f (.text:CfgGetEntryCnt)
                  000119c0    00000060     stk.aem4f : file.oem4f (.text:FdWaitEvent)
                  00011a20    00000060               : nimu.oem4f (.text:NIMUUnregister)
                  00011a80    00000060               : node.oem4f (.text:NodeFind)
                  00011ae0    00000060               : rtc.oem4f (.text:RTCMsg)
                  00011b40    00000060               : tcp.oem4f (.text:TcpChecksum)
                  00011ba0    00000060     nettool_ipv4.aem4f : dhcptags.oem4f (.text:dhcpBuildOptions)
                  00011c00    00000060     project_13_pem4f.oem4f (.text:ti_ndk_config_Global_serviceReport)
                  00011c60    0000005e     stk.aem4f : route.oem4f (.text:RtRemove)
                  00011cbe    0000005e     nettool_ipv4.aem4f : dhcpsm.oem4f (.text:StateSelecting)
                  00011d1c    0000005e     stk.aem4f : vlan.oem4f (.text:VLANReceivePacket)
                  00011d7a    00000002     --HOLE-- [fill = 0]
                  00011d7c    0000005c     nettool_ipv4.aem4f : config.oem4f (.text:CfgSetExecuteOrder)
                  00011dd8    0000005c     stk.aem4f : nimu.oem4f (.text:NIMUIoctlSpecialCmd)
                  00011e34    0000005c     netctrl_min_ipv4.aem4f : netsrv.oem4f (.text:SPService)
                  00011e90    0000005c     project_13_pem4f.oem4f (.text:ti_sysbios_knl_Swi_create)
                  00011eec    00000004     http_ndk.aem4f : httpcli.oem4f (.text:threadExit)
                  00011ef0    0000005c     sysbios.aem4f : BIOS.obj (.text:ti_sysbios_knl_Swi_run__I)
                  00011f4c    00000004     project_13_pem4f.oem4f (.text:ti_sysbios_BIOS_RtsGateProxy_enter__E)
                  00011f50    0000005c     sysbios.aem4f : BIOS.obj (.text:ti_sysbios_knl_Swi_schedule__I)
                  00011fac    0000005c     project_13_pem4f.oem4f (.text:ti_sysbios_knl_Task_create)
                  00012008    0000005c     sysbios.aem4f : BIOS.obj (.text:ti_sysbios_knl_Task_unblockI__E)
                  00012064    0000005b     ti.targets.arm.rtsarm.aem4f : Text.oem4f (.text:xdc_runtime_Text_putLab__E)
                  000120bf    00000001     --HOLE-- [fill = 0]
                  000120c0    0000005a     stk.aem4f : route.oem4f (.text:RtRedirect)
                  0001211a    0000005a               : tcpprot.oem4f (.text:TcpValidateMetrics)
                  00012174    0000005a     nettool_ipv4.aem4f : dhcpbild.oem4f (.text:dhcpBuildDecline)
                  000121ce    0000005a     os.aem4f : mem.oem4f (.text:mmCopy)
                  00012228    0000005a     project_13_pem4f.oem4f (.text:ti_ndk_config_tcp_init)
                  00012282    00000002     --HOLE-- [fill = 0]
                  00012284    00000058     stk.aem4f : bind.oem4f (.text:BindFree)
                  000122dc    00000058     boot.aem4f : boot.oem4f (.text)
                  00012334    00000058     driverlib.lib : emac.obj (.text:EMACPHYConfigSet)
                  0001238c    00000058     rtsv7M4_T_le_v4SPD16_eabi.lib : hostwrite.c.obj (.text:HOSTwrite)
                  000123e4    00000058     stk.aem4f : igmp.oem4f (.text:IGMPTimer)
                  0001243c    00000058     os.aem4f : semaphore.oem4f (.text:SemCreate)
                  00012494    00000058     project_13_pem4f.oem4f (.text:ti_sysbios_family_arm_m3_Hwi_construct)
                  000124ec    00000058     sysbios.aem4f : m3_Hwi_asm_switch.obj (.text:ti_sysbios_family_arm_m3_Hwi_initStacks__E)
                  00012544    00000056     driverlib.lib : gpio.obj (.text:GPIOIntTypeSet)
                  0001259a    00000056     rtsv7M4_T_le_v4SPD16_eabi.lib : _printfi.c.obj (.text:_pconv_f)
                  000125f0    00000056     http_ndk.aem4f : httpcli.oem4f (.text:sprsend)
                  00012646    00000002     --HOLE-- [fill = 0]
                  00012648    00000054     nettool_ipv4.aem4f : config.oem4f (.text:CfgEntryDeRef)
                  0001269c    00000054     http_ndk.aem4f : httpcli.oem4f (.text:HTTPCli_sendField)
                  000126f0    00000054     stk.aem4f : igmp.oem4f (.text:IGMPLeave)
                  00012744    00000054               : rawethsock_pcb.oem4f (.text:RawEthSockPcbAttach)
                  00012798    00000054               : sockpcb.oem4f (.text:SockCleanPcb)
                  000127ec    00000054               : tcptime.oem4f (.text:TcpTimeoutPersist)
                  00012840    00000054     http_ndk.aem4f : httpcli.oem4f (.text:asyncThread)
                  00012894    00000054     rtsv7M4_T_le_v4SPD16_eabi.lib : ltoa.c.obj (.text:ltoa)
                  000128e8    00000054     sysbios.aem4f : BIOS.obj (.text:ti_sysbios_family_arm_lm4_Timer_initDevice__I)
                  0001293c    00000004     project_13_pem4f.oem4f (.text:ti_sysbios_BIOS_RtsGateProxy_leave__E)
                  00012940    00000054     sysbios.aem4f : BIOS.obj (.text:ti_sysbios_knl_Swi_Instance_init__E)
                  00012994    00000054     ti.targets.arm.rtsarm.aem4f : Assert.oem4f (.text:xdc_runtime_Assert_raise__I)
                  000129e8    00000052     nettool_ipv4.aem4f : dnscomn.oem4f (.text:DNSReplyFree)
                  00012a3a    00000052     stk.aem4f : tcpprot.oem4f (.text:TcpPrDetach)
                  00012a8c    00000052     rtsv7M4_T_le_v4SPD16_eabi.lib : _printfi.c.obj (.text:_ecpy)
                  00012ade    00000002     --HOLE-- [fill = 0]
                  00012ae0    00000050     drivers_tivaware.aem4f : GPIOTiva.oem4f (.text:GPIO_setCallback)
                  00012b30    00000050                            : GPIOTiva.oem4f (.text:GPIO_write)
                  00012b80    00000050     stk.aem4f : socket.oem4f (.text:NDK_bind)
                  00012bd0    00000050               : socket.oem4f (.text:NDK_connect)
                  00012c20    00000050               : route.oem4f (.text:RtNew)
                  00012c70    00000050     driverlib.lib : sysctl.obj (.text:SysCtlPeripheralReset)
                  00012cc0    00000050     Boot.aem4f : Boot_sysctl.oem4f (.text:_SysCtlFrequencyGet)
                  00012d10    00000050     sysbios.aem4f : BIOS.obj (.text:ti_sysbios_family_arm_m3_Hwi_Module_startup__E)
                  00012d60    00000050                   : BIOS.obj (.text:ti_sysbios_knl_Clock_Instance_init__E)
                  00012db0    00000050     ti.targets.arm.rtsarm.aem4f : Startup.oem4f (.text:xdc_runtime_Startup_exec__E)
                  00012e00    00000050                                 : Text.oem4f (.text:xdc_runtime_Text_visitRope2__I)
                  00012e50    0000004e     stk.aem4f : node.oem4f (.text:NodeDeRef)
                  00012e9e    0000004e     nettool_ipv4.aem4f : config.oem4f (.text:_CfgEntryScan)
                  00012eec    0000004c                        : ipaddr.oem4f (.text:NtAddNetwork)
                  00012f38    0000004c     stk.aem4f : sockint.oem4f (.text:SockValidateRoute)
                  00012f84    0000004c     rtsv7M4_T_le_v4SPD16_eabi.lib : atoi.c.obj (.text:atoi)
                  00012fd0    0000004c                                   : cpy_tbl.c.obj (.text:copy_in)
                  0001301c    0000004c     projct_13.obj (.text:initializeI2C)
                  00013068    0000004c     sysbios.aem4f : BIOS.obj (.text:ti_sysbios_heaps_HeapMem_getStats__E)
                  000130b4    00000004                   : BIOS.obj (.text:ti_sysbios_family_arm_lm4_Timer_masterEnable__I)
                  000130b8    0000004c                   : BIOS.obj (.text:ti_sysbios_knl_Swi_runLoop__I)
                  00013104    00000004     project_13_pem4f.oem4f (.text:ti_sysbios_family_arm_m3_Hwi_delete)
                  00013108    0000004c     sysbios.aem4f : BIOS.obj (.text:ti_sysbios_knl_Task_allBlockedFunction__I)
                  00013154    0000004a     netctrl_min_ipv4.aem4f : netsrv.oem4f (.text:ServiceKill)
                  0001319e    0000004a     stk.aem4f : sock.oem4f (.text:SockDisconnect)
                  000131e8    0000004a               : timer.oem4f (.text:TimerNew)
                  00013232    00000002     --HOLE-- [fill = 0]
                  00013234    00000048     projct_13.obj (.text:BMP180_calculateAltitude)
                  0001327c    00000048     nettool_ipv4.aem4f : config.oem4f (.text:CfgNew)
                  000132c4    00000048     driverlib.lib : gpio.obj (.text:GPIOPinConfigure)
                  0001330c    00000048                   : i2c.obj (.text:I2CMasterInitExpClk)
                  00013354    00000048     stk.aem4f : lli.oem4f (.text:LLIMsg)
                  0001339c    00000048               : node.oem4f (.text:NodeWalk)
                  000133e4    00000048               : rawethsock_pcb.oem4f (.text:RawEthSockPcbDetach)
                  0001342c    00000048               : sockpcb.oem4f (.text:SockPcbResolveChain)
                  00013474    00000048               : tcpprot.oem4f (.text:TcpDrop)
                  000134bc    00000048               : lli.oem4f (.text:_LLIExpListInsert)
                  00013504    00000048               : rtable.oem4f (.text:_RtExpListInsert)
                  0001354c    00000048               : file.oem4f (.text:fdint_lockfd)
                  00013594    00000048     rtsv7M4_T_le_v4SPD16_eabi.lib : fd_toi_t2.asm.obj (.text)
                  000135dc    00000004     project_13_pem4f.oem4f (.text:ti_sysbios_family_arm_m3_Hwi_destruct)
                  000135e0    00000048     sysbios.aem4f : BIOS.obj (.text:ti_sysbios_family_arm_lm4_Timer_enableTimers__I)
                  00013628    00000048                   : BIOS.obj (.text:ti_sysbios_family_arm_m3_Hwi_disableInterrupt__E)
                  00013670    00000048                   : BIOS.obj (.text:ti_sysbios_family_arm_m3_Hwi_enableInterrupt__E)
                  000136b8    00000048                   : BIOS.obj (.text:ti_sysbios_family_arm_m3_Hwi_excReserved__I)
                  00013700    00000048                   : BIOS.obj (.text:ti_sysbios_knl_Task_deleteTerminatedTasksFunc__I)
                  00013748    00000046     nettool_ipv4.aem4f : ipaddr.oem4f (.text:NtIfIdx2Ip)
                  0001378e    00000046     stk.aem4f : rawethsock.oem4f (.text:RawEthSockSend)
                  000137d4    00000046               : tcpprot.oem4f (.text:TcpPrCtlError)
                  0001381a    00000046     os.aem4f : mem.oem4f (.text:mmZeroInit)
                  00013860    00000046     ti.targets.arm.rtsarm.aem4f : Core-params.oem4f (.text:xdc_runtime_Core_assignParams__I)
                  000138a6    00000002     --HOLE-- [fill = 0]
                  000138a8    00000044     drivers_tivaware.aem4f : EMACSnow.oem4f (.text:EMACSnow_processTransmitted)
                  000138ec    00000044     stk.aem4f : icmp.oem4f (.text:ICMPChecksum)
                  00013930    00000044               : ipfrag.oem4f (.text:IPReasmFree)
                  00013974    00000044               : lli.oem4f (.text:LLIGetValidTime)
                  000139b8    00000044               : rtable.oem4f (.text:RouteMsg)
                  000139fc    00000044               : rtable.oem4f (.text:RtWalkEnd)
                  00013a40    00000044               : sockpcb.oem4f (.text:SockPcbDetach)
                  00013a84    00000044               : timer.oem4f (.text:TimerListInsert)
                  00013ac8    00000044     hal_timer_bios.aem4f : lltimer.oem4f (.text:llTimerGetTime)
                  00013b0c    00000004     project_13_pem4f.oem4f (.text:ti_sysbios_family_arm_m3_TaskSupport_Module__startupDone__S)
                  00013b10    00000044     sysbios.aem4f : BIOS.obj (.text:ti_sysbios_family_arm_lm4_Timer_isrStub__E)
                  00013b54    00000004     project_13_pem4f.oem4f (.text:ti_sysbios_heaps_HeapMem_Module_GateProxy_enter__E)
                  00013b58    00000044     sysbios.aem4f : BIOS.obj (.text:ti_sysbios_family_arm_m3_Hwi_getStackInfo__E)
                  00013b9c    00000004     project_13_pem4f.oem4f (.text:ti_sysbios_heaps_HeapMem_Module_GateProxy_leave__E)
                  00013ba0    00000044     sysbios.aem4f : BIOS.obj (.text:ti_sysbios_knl_Swi_post__E)
                  00013be4    00000044     ti.targets.arm.rtsarm.aem4f : Error.oem4f (.text:xdc_runtime_Error_setX__E)
                  00013c28    00000044                                 : SysMin.oem4f (.text:xdc_runtime_SysMin_flush__E)
                  00013c6c    00000044                                 : Text.oem4f (.text:xdc_runtime_Text_xprintf__I)
                  00013cb0    00000042     stk.aem4f : tcpprot.oem4f (.text:TcpPrSendOOB)
                  00013cf2    00000042               : fileuser.oem4f (.text:fdCloseSession)
                  00013d34    00000040     nettool_ipv4.aem4f : dnspkt.oem4f (.text:DNSBuildRequest)
                  00013d74    00000040     http_ndk.aem4f : httpcli.oem4f (.text:HTTPCli_readResponseBody)
                  00013db4    00000040     stk.aem4f : lliin.oem4f (.text:LLIValidateRoute)
                  00013df4    00000040               : pbm.oem4f (.text:PBM_copy)
                  00013e34    00000040               : sockpcb.oem4f (.text:SockPcbRtChange)
                  00013e74    00000040               : tcpprot.oem4f (.text:TcpPrSend)
                  00013eb4    00000040     rtsv7M4_T_le_v4SPD16_eabi.lib : u_divt2.asm.obj (.text)
                  00013ef4    00000040                                   : sprintf.c.obj (.text:sprintf)
                  00013f34    00000040     http_ndk.aem4f : httpcli.oem4f (.text:threadCreate)
                  00013f74    00000004     project_13_pem4f.oem4f (.text:ti_sysbios_knl_Clock_TimerProxy_getMaxTicks__E)
                  00013f78    00000040     sysbios.aem4f : BIOS.obj (.text:ti_sysbios_family_arm_lm4_Timer_startup__E)
                  00013fb8    00000040                   : BIOS.obj (.text:ti_sysbios_heaps_HeapMem_Instance_init__E)
                  00013ff8    0000003e     nettool_ipv4.aem4f : dhcpmain.oem4f (.text:DHCPClose)
                  00014036    00000002     --HOLE-- [fill = 0]
                  00014038    0000003e     stk.aem4f : nimu.oem4f (.text:NIMUAllocateName)
                  00014076    0000003e     os.aem4f : task.oem4f (.text:TaskCreate)
                  000140b4    0000003e     stk.aem4f : tcpprot.oem4f (.text:TcpPrDisconnect)
                  000140f2    0000003e     rtsv7M4_T_le_v4SPD16_eabi.lib : _printfi.c.obj (.text:_fcpy)
                  00014130    0000003e     stk.aem4f : file.oem4f (.text:fdint_unlockfd)
                  0001416e    0000003c     nettool_ipv4.aem4f : config.oem4f (.text:CfgEntryGetData)
                  000141aa    0000003c     driverlib.lib : emac.obj (.text:EMACIntDisable)
                  000141e6    0000003c     stk.aem4f : node.oem4f (.text:NodeUpdatePL)
                  00014222    00000002     --HOLE-- [fill = 0]
                  00014224    0000003c               : rtable.oem4f (.text:RtWalkBegin)
                  00014260    0000003c               : tcpprot.oem4f (.text:TcpPrConnect)
                  0001429c    0000003c               : tcptime.oem4f (.text:TcpSetPersist)
                  000142d8    0000003c               : rtc.oem4f (.text:_RTCSendRtAdv)
                  00014314    0000003c               : rtable.oem4f (.text:_RtNodeRemove)
                  00014350    0000003c     hal_timer_bios.aem4f : lltimer.oem4f (.text:_llTimerInit)
                  0001438c    0000003c     rtsv7M4_T_le_v4SPD16_eabi.lib : strncasecmp.c.obj (.text:strncasecmp)
                  000143c8    0000003c     sysbios.aem4f : BIOS.obj (.text:ti_sysbios_family_arm_m3_Hwi_excSvCall__I)
                  00014404    00000004     project_13_pem4f.oem4f (.text:ti_sysbios_knl_Queue_destruct)
                  00014408    0000003c     sysbios.aem4f : BIOS.obj (.text:ti_sysbios_heaps_HeapMem_init__I)
                  00014444    00000004     project_13_pem4f.oem4f (.text:ti_sysbios_knl_Semaphore_delete)
                  00014448    0000003c     sysbios.aem4f : BIOS.obj (.text:ti_sysbios_knl_Swi_restore__E)
                  00014484    0000003a     driverlib.lib : emac.obj (.text:EMACIntEnable)
                  000144be    0000003a     drivers_tivaware.aem4f : I2CTiva.oem4f (.text:I2CTiva_completeTransfer)
                  000144f8    00000038     driverlib.lib : emac.obj (.text:EMACConfigGet)
                  00014530    00000038     drivers_tivaware.aem4f : I2C.oem4f (.text:I2C_init)
                  00014568    00000038     stk.aem4f : ipfrag.oem4f (.text:IPReasmTimeout)
                  000145a0    00000038               : node.oem4f (.text:NodeGetRt)
                  000145d8    00000038     driverlib.lib : sysctl.obj (.text:SysCtlPeripheralReady)
                  00014610    00000038     stk.aem4f : tcpprot.oem4f (.text:TcpClose)
                  00014648    00000038               : timer.oem4f (.text:TimerHSTick)
                  00014680    00000038     rtsv7M4_T_le_v4SPD16_eabi.lib : trgmsg.c.obj (.text:__TI_writemsg)
                  000146b8    00000038     nettool_ipv4.aem4f : dhcpbild.oem4f (.text:dhcpBuildDiscover)
                  000146f0    00000038                        : dhcptags.oem4f (.text:dhcpOptionsClear)
                  00014728    00000038     stk.aem4f : file.oem4f (.text:fdint_waitevent)
                  00014760    00000038     sysbios.aem4f : BIOS.obj (.text:ti_sysbios_family_arm_m3_Hwi_excNoIsr__I)
                  00014798    00000038     project_13_pem4f.oem4f (.text:ti_sysbios_knl_Clock_create)
                  000147d0    00000038     sysbios.aem4f : BIOS.obj (.text:ti_sysbios_knl_Task_processVitalTaskFlag__I)
                  00014808    00000038     ti.targets.arm.rtsarm.aem4f : SysMin.oem4f (.text:xdc_runtime_SysMin_putch__E)
                  00014840    00000038                                 : System.oem4f (.text:xdc_runtime_System_atexit__E)
                  00014878    00000036     drivers_tivaware.aem4f : I2CTiva.oem4f (.text:I2CTiva_close)
                  000148ae    00000036     stk.aem4f : ip.oem4f (.text:IPChecksum)
                  000148e4    00000036     network_ndk.aem4f : ssock.oem4f (.text:Ssock_recv)
                  0001491a    00000036     rtsv7M4_T_le_v4SPD16_eabi.lib : strncpy.c.obj (.text:strncpy)
                  00014950    00000035     projct_13.obj (.text:printError)
                  00014985    00000003     --HOLE-- [fill = 0]
                  00014988    00000034     nettool_ipv4.aem4f : config.oem4f (.text:CfgSetService)
                  000149bc    00000034     driverlib.lib : emac.obj (.text:EMACConfigSet)
                  000149f0    00000034                   : emac.obj (.text:EMACIntClear)
                  00014a24    00000034     drivers_tivaware.aem4f : EMACSnow.oem4f (.text:EMACSnow_emacPoll)
                  00014a58    00000034                            : EMACSnow.oem4f (.text:EMACSnow_isLinkUp)
                  00014a8c    00000034                            : EMAC.oem4f (.text:EMAC_init)
                  00014ac0    00000034     stk.aem4f : exec.oem4f (.text:ExecClose)
                  00014af4    00000034               : nimu.oem4f (.text:NIMUFindByName)
                  00014b28    00000034               : nimu.oem4f (.text:NIMUInit)
                  00014b5c    00000034               : rawethsock.oem4f (.text:RawEthSockNotify)
                  00014b90    00000034               : sockprot.oem4f (.text:SockPrCtlError)
                  00014bc4    00000034     driverlib.lib : sysctl.obj (.text:SysCtlPeripheralEnable)
                  00014bf8    00000034     rtsv7M4_T_le_v4SPD16_eabi.lib : trgmsg.c.obj (.text:__TI_readmsg)
                  00014c2c    00000034     os.aem4f : mem.oem4f (.text:mmUnInitPage)
                  00014c60    00000034              : ossys.oem4f (.text:stricmp)
                  00014c94    00000034     rtsv7M4_T_le_v4SPD16_eabi.lib : strstr.c.obj (.text:strstr)
                  00014cc8    00000034     sysbios.aem4f : BIOS.obj (.text:ti_sysbios_family_arm_m3_Hwi_Instance_finalize__E)
                  00014cfc    00000004     project_13_pem4f.oem4f (.text:ti_sysbios_knl_Semaphore_destruct)
                  00014d00    00000034     sysbios.aem4f : BIOS.obj (.text:ti_sysbios_family_arm_m3_Hwi_excNmi__I)
                  00014d34    00000004     project_13_pem4f.oem4f (.text:ti_sysbios_knl_Swi_delete)
                  00014d38    00000034     sysbios.aem4f : BIOS.obj (.text:ti_sysbios_hal_Hwi_checkStack)
                  00014d6c    00000034     project_13_pem4f.oem4f (.text:ti_sysbios_knl_Semaphore_create)
                  00014da0    00000034     ti.targets.arm.rtsarm.aem4f : Core-label.oem4f (.text:xdc_runtime_Core_assignLabel__I)
                  00014dd4    00000033                                 : Text.oem4f (.text:xdc_runtime_Text_printVisFxn__I)
                  00014e07    00000001     --HOLE-- [fill = 0]
                  00014e08    00000032     nettool_ipv4.aem4f : config.oem4f (.text:CfgGetImmediate)
                  00014e3a    00000032     stk.aem4f : route.oem4f (.text:RtDeRef)
                  00014e6c    00000032               : route.oem4f (.text:RtSetFailure)
                  00014e9e    00000032               : sb.oem4f (.text:SBFlush)
                  00014ed0    00000032               : sb.oem4f (.text:SBSetMax)
                  00014f02    00000032               : sock.oem4f (.text:SockIntAbort)
                  00014f34    00000032     nettool_ipv4.aem4f : config.oem4f (.text:_CfgAcquire)
                  00014f66    00000032                        : dhcpsm.oem4f (.text:dhcpIPRemove)
                  00014f98    00000032     sysbios.aem4f : BIOS.obj (.text:ti_sysbios_hal_Hwi_initStack)
                  00014fca    00000006     driverlib.lib : emac.obj (.text:EMACTxDMADescriptorListSet)
                  00014fd0    00000032     sysbios.aem4f : BIOS.obj (.text:ti_sysbios_knl_Semaphore_pendTimeout__I)
                  00015002    00000030     driverlib.lib : emac.obj (.text:EMACAddrSet)
                  00015032    00000002     --HOLE-- [fill = 0]
                  00015034    00000030     drivers_tivaware.aem4f : EMACSnow.oem4f (.text:EMACSnow_handlePackets)
                  00015064    00000030                            : I2C.oem4f (.text:I2C_open)
                  00015094    00000030     netctrl_min_ipv4.aem4f : netsrv.oem4f (.text:NS_PreBoot)
                  000150c4    00000030     stk.aem4f : sock.oem4f (.text:SockBind)
                  000150f4    00000030     nettool_ipv4.aem4f : dhcpsock.oem4f (.text:dhcpPacketSend)
                  00015124    00000030     stk.aem4f : listlib.oem4f (.text:list_remove_node)
                  00015154    00000030     http_ndk.aem4f : httpcli.oem4f (.text:skipLine)
                  00015184    00000030     project_13_pem4f.oem4f (.text:ti_sysbios_BIOS_atExitFunc__I)
                  000151b4    00000004     project_13_pem4f.oem4f (.text:ti_sysbios_knl_Task_delete)
                  000151b8    00000030     sysbios.aem4f : BIOS.obj (.text:ti_sysbios_family_arm_lm4_Timer_stop__E)
                  000151e8    00000030                   : BIOS.obj (.text:ti_sysbios_family_arm_m3_TaskSupport_start__E)
                  00015218    00000030     project_13_pem4f.oem4f (.text:ti_sysbios_gates_GateHwi_Object__create__S)
                  00015248    00000030     project_13_pem4f.oem4f (.text:ti_sysbios_gates_GateMutex_Object__create__S)
                  00015278    00000030     sysbios.aem4f : BIOS.obj (.text:ti_sysbios_gates_GateMutex_enter__E)
                  000152a8    00000030     project_13_pem4f.oem4f (.text:ti_sysbios_heaps_HeapMem_Object__create__S)
                  000152d8    00000030     project_13_pem4f.oem4f (.text:ti_sysbios_knl_Semaphore_construct)
                  00015308    00000030     ti.targets.arm.rtsarm.aem4f : SysMin.oem4f (.text:xdc_runtime_SysMin_abort__E)
                  00015338    00000030                                 : System.oem4f (.text:xdc_runtime_System_processAtExit__E)
                  00015368    0000002e     stk.aem4f : sb.oem4f (.text:SBFree)
                  00015396    0000002e     project_13_pem4f.oem4f (.text:malloc)
                  000153c4    0000002e     rtsv7M4_T_le_v4SPD16_eabi.lib : i_tofd_t2.asm.obj (.text)
                  000153f2    0000002e                                   : strcasecmp.c.obj (.text:strcasecmp)
                  00015420    0000002c     driverlib.lib : emac.obj (.text:EMACIntStatus)
                  0001544c    0000002c     stk.aem4f : file.oem4f (.text:FdSignalEvent)
                  00015478    0000002c               : igmp.oem4f (.text:IGMPTestGroup)
                  000154a4    0000002c     os.aem4f : task.oem4f (.text:NDK_hookCreate)
                  000154d0    0000002c     stk.aem4f : nimu.oem4f (.text:NIMUAllocateIndex)
                  000154fc    0000002c               : nimu.oem4f (.text:NIMUPacketServiceCheck)
                  00015528    0000002c               : pipe.oem4f (.text:PipeClose)
                  00015554    0000002c               : sockpcb.oem4f (.text:SockPcbAttach)
                  00015580    0000002c               : lli.oem4f (.text:_LLIExpListRemove)
                  000155ac    0000002c               : lli.oem4f (.text:_LLITimeoutFlush)
                  000155d8    0000002c               : rtable.oem4f (.text:_RtExpListRemove)
                  00015604    0000002c     http_ndk.aem4f : httpcli.oem4f (.text:lookUpResponseFields)
                  00015630    0000002c     rtsv7M4_T_le_v4SPD16_eabi.lib : strncmp.c.obj (.text:strncmp)
                  0001565c    0000002c     project_13_pem4f.oem4f (.text:ti_sysbios_knl_Clock_doTick__I)
                  00015688    0000002c     project_13_pem4f.oem4f (.text:ti_sysbios_knl_Queue_construct)
                  000156b4    00000004     ti.targets.arm.rtsarm.aem4f : Error.oem4f (.text:xdc_runtime_Error_getMsg__E)
                  000156b8    0000002c     sysbios.aem4f : BIOS.obj (.text:ti_sysbios_knl_Task_restore__E)
                  000156e4    0000002c     ti.targets.arm.rtsarm.aem4f : Text.oem4f (.text:xdc_runtime_Text_cordText__E)
                  00015710    0000002a     driverlib.lib : gpio.obj (.text:GPIODirModeSet)
                  0001573a    0000002a     stk.aem4f : pbm.oem4f (.text:PBMQ_deq)
                  00015764    0000002a     netctrl_min_ipv4.aem4f : netsrv.oem4f (.text:ServiceCallback)
                  0001578e    0000002a     nettool_ipv4.aem4f : config.oem4f (.text:_CfgRelease)
                  000157b8    0000002a                        : inetaddr.oem4f (.text:mergeLists)
                  000157e2    0000002a     ti.targets.arm.rtsarm.aem4f : System.oem4f (.text:xdc_runtime_System_putchar__I)
                  0001580c    00000028     stk.aem4f : bind.oem4f (.text:BindFindByNet)
                  00015834    00000028               : lli.oem4f (.text:LLIFree)
                  0001585c    00000028     netctrl_min_ipv4.aem4f : netctrl.oem4f (.text:NC_SystemClose)
                  00015884    00000028     stk.aem4f : nimu.oem4f (.text:NIMUCreatePacket)
                  000158ac    00000028               : nimu.oem4f (.text:NIMUPacketService)
                  000158d4    00000028               : tcpin.oem4f (.text:TcpEnterTimeWait)
                  000158fc    00000028               : timer.oem4f (.text:TimerListRemove)
                  00015924    00000028               : vlan.oem4f (.text:VLANFindSourceInterface)
                  0001594c    00000028               : vlan.oem4f (.text:VLANInit)
                  00015974    00000028     nettool_ipv4.aem4f : dhcpsock.oem4f (.text:dhcpPacketReceive)
                  0001599c    00000028     drivers_tivaware.aem4f : EMACSnow.oem4f (.text:signalLinkChange)
                  000159c4    00000028     rtsv7M4_T_le_v4SPD16_eabi.lib : e_sqrtf.c.obj (.text:sqrtf)
                  000159ec    00000004     ti.targets.arm.rtsarm.aem4f : Error.oem4f (.text:xdc_runtime_Error_getSite__E)
                  000159f0    00000028     sysbios.aem4f : BIOS.obj (.text:ti_sysbios_knl_Clock_addI__E)
                  00015a18    00000028                   : BIOS.obj (.text:ti_sysbios_knl_Swi_Module_startup__E)
                  00015a40    00000026     nettool_ipv4.aem4f : config.oem4f (.text:CfgEntryInfo)
                  00015a66    00000026     driverlib.lib : emac.obj (.text:EMACPHYRead)
                  00015a8c    00000026                   : emac.obj (.text:EMACPHYWrite)
                  00015ab2    00000026     stk.aem4f : rawethsock.oem4f (.text:RawEthSockClose)
                  00015ad8    00000026     sysbios.aem4f : m3_Hwi_asm.obj (.text:ti_sysbios_family_arm_m3_Hwi_pendSV__I)
                  00015afe    00000026     ti.targets.arm.rtsarm.aem4f : System.oem4f (.text:xdc_runtime_System_avprintf__E)
                  00015b24    00000024     stk.aem4f : bind.oem4f (.text:BindFindByHost)
                  00015b48    00000024               : bind.oem4f (.text:BindGetIFByDBCast)
                  00015b6c    00000024     drivers_tivaware.aem4f : EMACSnow.oem4f (.text:EMACSnow_pkt_service)
                  00015b90    00000024                            : EMACSnow.oem4f (.text:EMACSnow_primeRx)
                  00015bb4    00000024     stk.aem4f : exec.oem4f (.text:ExecTimer)
                  00015bd8    00000024     http_ndk.aem4f : httpcli.oem4f (.text:HTTPCli_disconnect)
                  00015bfc    00000024     stk.aem4f : nimu.oem4f (.text:NIMUFindByIndex)
                  00015c20    00000024               : rtc.oem4f (.text:RTCAddHook)
                  00015c44    00000024               : rawethsock_pcb.oem4f (.text:RawEthSockPcbFind)
                  00015c68    00000024               : route.oem4f (.text:RtFree)
                  00015c8c    00000024               : route.oem4f (.text:RtSetTimeout)
                  00015cb0    00000024               : sockpcb.oem4f (.text:SockPcbCleanup)
                  00015cd4    00000024               : tcptime.oem4f (.text:TcpTimeoutWait2)
                  00015cf8    00000024     nettool_ipv4.aem4f : config.oem4f (.text:_CfgEntryProcess)
                  00015d1c    00000024     http_ndk.aem4f : httpcli.oem4f (.text:getRequestFieldValue)
                  00015d40    00000024     project_13_pem4f.oem4f (.text:ti_sysbios_BIOS_errorRaiseHook__I)
                  00015d64    00000024     project_13_pem4f.oem4f (.text:ti_sysbios_BIOS_registerRTSLock__I)
                  00015d88    00000024     project_13_pem4f.oem4f (.text:ti_sysbios_BIOS_removeRTSLock__I)
                  00015dac    00000024     project_13_pem4f.oem4f (.text:ti_sysbios_BIOS_startFunc__I)
                  00015dd0    00000024     project_13_pem4f.oem4f (.text:ti_sysbios_gates_GateMutex_Object__delete__S)
                  00015df4    00000004     project_13_pem4f.oem4f (.text:xdc_runtime_System_Module_GateProxy_enter__E)
                  00015df8    00000024     sysbios.aem4f : BIOS.obj (.text:ti_sysbios_knl_Clock_Module_startup__E)
                  00015e1c    00000004     project_13_pem4f.oem4f (.text:xdc_runtime_System_Module_GateProxy_leave__E)
                  00015e20    00000024     sysbios.aem4f : BIOS.obj (.text:ti_sysbios_knl_Semaphore_Instance_init__E)
                  00015e44    00000024     project_13_pem4f.oem4f (.text:ti_sysbios_knl_Semaphore_Object__delete__S)
                  00015e68    00000024     sysbios.aem4f : BIOS.obj (.text:ti_sysbios_knl_Task_restoreHwi__E)
                  00015e8c    00000024     ti.targets.arm.rtsarm.aem4f : System.oem4f (.text:xdc_runtime_System_vprintf__E)
                  00015eb0    00000022     nettool_ipv4.aem4f : config.oem4f (.text:CfgEntryRef)
                  00015ed2    00000022     stk.aem4f : vlan.oem4f (.text:VLANFindNode)
                  00015ef4    00000004     ti.targets.arm.rtsarm.aem4f : System.oem4f (.text:xdc_runtime_System_aprintf_va__F)
                  00015ef8    00000022     sysbios.aem4f : BIOS.obj (.text:ti_sysbios_family_arm_lm4_Timer_write__I)
                  00015f1a    00000022     project_13_pem4f.oem4f (.text:xdc_runtime_SysMin_output__I)
                  00015f3c    00000020     netctrl_min_ipv4.aem4f : netctrl.oem4f (.text:NC_BootComplete)
                  00015f5c    00000020     stk.aem4f : nimu.oem4f (.text:NIMUGetNumOfObject)
                  00015f7c    00000020               : rtc.oem4f (.text:RTCRemoveHook)
                  00015f9c    00000020               : tcp.oem4f (.text:TcpTimeoutRemove)
                  00015fbc    00000020     Boot.aem4f : Boot_sysctl.oem4f (.text:_SysCtlMemTimingGet)
                  00015fdc    00000020     project_13_pem4f.oem4f (.text:ti_sysbios_BIOS_rtsLock__I)
                  00015ffc    00000020     project_13_pem4f.oem4f (.text:ti_sysbios_family_arm_m3_Hwi_Object__delete__S)
                  0001601c    00000020     sysbios.aem4f : m3_Hwi_asm.obj (.text:ti_sysbios_family_arm_m3_Hwi_excHandlerAsm__I)
                  0001603c    00000004     ti.targets.arm.rtsarm.aem4f : System.oem4f (.text:xdc_runtime_System_printf_va__F)
                  00016040    00000020     sysbios.aem4f : BIOS.obj (.text:ti_sysbios_family_arm_m3_Hwi_excHandler__I)
                  00016060    00000020     project_13_pem4f.oem4f (.text:ti_sysbios_gates_GateHwi_Object__delete__S)
                  00016080    00000020     project_13_pem4f.oem4f (.text:ti_sysbios_heaps_HeapMem_Object__delete__S)
                  000160a0    00000020     sysbios.aem4f : BIOS.obj (.text:ti_sysbios_knl_Idle_run__E)
                  000160c0    00000020     project_13_pem4f.oem4f (.text:ti_sysbios_knl_Semaphore_Object__destruct__S)
                  000160e0    00000020     project_13_pem4f.oem4f (.text:ti_sysbios_knl_Swi_Object__delete__S)
                  00016100    00000020     project_13_pem4f.oem4f (.text:ti_sysbios_knl_Task_Object__delete__S)
                  00016120    00000020     ti.targets.arm.rtsarm.aem4f : Registry.oem4f (.text:xdc_runtime_Registry_findById__E)
                  00016140    00000020                                 : SysMin.oem4f (.text:xdc_runtime_SysMin_Module_startup__E)
                  00016160    0000001e     stk.aem4f : fileuser.oem4f (.text:fdError)
                  0001617e    0000001e               : listlib.oem4f (.text:list_remove)
                  0001619c    0000001e     projct_13.obj (.text:send)
                  000161ba    0000001e     rtsv7M4_T_le_v4SPD16_eabi.lib : strcat.c.obj (.text:strcat)
                  000161d8    0000001e     sysbios.aem4f : m3_Hwi_asm_switch.obj (.text:ti_sysbios_family_xxx_Hwi_switchAndRunFunc)
                  000161f6    00000002     --HOLE-- [fill = 0]
                  000161f8    0000001c     stk.aem4f : bind.oem4f (.text:BindFindByIF)
                  00016214    0000001c               : exec.oem4f (.text:ExecBroadcast)
                  00016230    0000001c     os.aem4f : ossys.oem4f (.text:NDK_sprintf)
                  0001624c    0000001c     stk.aem4f : nimu.oem4f (.text:NIMUAddHeader)
                  00016268    0000001c               : sockprot.oem4f (.text:SockPrDetach)
                  00016284    0000001c     network_ndk.aem4f : ssock.oem4f (.text:Ssock_destruct)
                  000162a0    0000001c     os.aem4f : task.oem4f (.text:TaskDestroy)
                  000162bc    0000001c     drivers_tivaware.aem4f : GPIOTiva.oem4f (.text:getGpioIntIndex)
                  000162d8    0000001c     rtsv7M4_T_le_v4SPD16_eabi.lib : memccpy.c.obj (.text:memccpy)
                  000162f4    0000001c     project_13_pem4f.oem4f (.text:ti_ndk_config_global_taskCreateHook)
                  00016310    0000001c     project_13_pem4f.oem4f (.text:ti_sysbios_family_arm_m3_Hwi_Object__destruct__S)
                  0001632c    00000004     --HOLE-- [fill = 0]
                  00016330    0000001c     sysbios.aem4f : BIOS.obj (.text:ti_sysbios_gates_GateMutex_Instance_init__E)
                  0001634c    0000001c     project_13_pem4f.oem4f (.text:ti_sysbios_knl_Queue_Object__destruct__S)
                  00016368    0000001c     sysbios.aem4f : BIOS.obj (.text:ti_sysbios_knl_Queue_put__E)
                  00016384    00000004     --HOLE-- [fill = 0]
                  00016388    0000001c                   : BIOS.obj (.text:ti_sysbios_knl_Task_enter__I)
                  000163a4    0000001c     ti.targets.arm.rtsarm.aem4f : Error.oem4f (.text:xdc_runtime_Error_raiseX__E)
                  000163c0    0000001c                                 : Memory.oem4f (.text:xdc_runtime_Memory_valloc__E)
                  000163dc    0000001c                                 : SysMin.oem4f (.text:xdc_runtime_SysMin_exit__E)
                  000163f8    0000001c                                 : System.oem4f (.text:xdc_runtime_System_abort__E)
                  00016414    0000001a     stk.aem4f : bind.oem4f (.text:BindGetIP)
                  0001642e    0000001a               : sockint.oem4f (.text:SockSetOOBMark)
                  00016448    0000001a     rtsv7M4_T_le_v4SPD16_eabi.lib : s_copysign.c.obj (.text:copysign)
                  00016462    0000001a     stk.aem4f : file.oem4f (.text:fdint_getfdt)
                  0001647c    0000001a     project_13_pem4f.oem4f (.text:free)
                  00016496    0000001a     project_13_pem4f.oem4f (.text:ti_sysbios_family_arm_m3_Hwi_Handle__label__S)
                  000164b0    0000001a     project_13_pem4f.oem4f (.text:ti_sysbios_gates_GateHwi_Handle__label__S)
                  000164ca    0000001a     project_13_pem4f.oem4f (.text:ti_sysbios_gates_GateMutex_Handle__label__S)
                  000164e4    0000001a     project_13_pem4f.oem4f (.text:ti_sysbios_heaps_HeapMem_Handle__label__S)
                  000164fe    0000001a     project_13_pem4f.oem4f (.text:ti_sysbios_knl_Swi_Handle__label__S)
                  00016518    0000001a     project_13_pem4f.oem4f (.text:ti_sysbios_knl_Task_Handle__label__S)
                  00016532    00000006     driverlib.lib : gpio.obj (.text:GPIOIntClear)
                  00016538    0000001a     sysbios.aem4f : BIOS.obj (.text:ti_sysbios_knl_Task_sleepTimeout__I)
                  00016552    0000001a     project_13_pem4f.oem4f (.text:xdc_runtime_System_aprintf__E)
                  0001656c    0000001a     project_13_pem4f.oem4f (.text:xdc_runtime_System_printf__E)
                  00016586    00000002     --HOLE-- [fill = 0]
                  00016588    00000018     drivers_tivaware.aem4f : EMACSnow.oem4f (.text:EMACSnow_emacSend)
                  000165a0    00000018     stk.aem4f : ip.oem4f (.text:IPRtChange)
                  000165b8    00000018               : rawethsock_pcb.oem4f (.text:RawEthSockPcbCleanup)
                  000165d0    00000018     nettool_ipv4.aem4f : ipaddr.oem4f (.text:RouteHook)
                  000165e8    00000018     stk.aem4f : tcpin.oem4f (.text:SEQ_GEQ)
                  00016600    00000018               : tcpout.oem4f (.text:SEQ_GEQ)
                  00016618    00000018               : tcpin.oem4f (.text:SEQ_GT)
                  00016630    00000018               : tcpout.oem4f (.text:SEQ_GT)
                  00016648    00000018               : tcpin.oem4f (.text:SEQ_LEQ)
                  00016660    00000018               : tcpout.oem4f (.text:SEQ_LEQ)
                  00016678    00000018               : tcpin.oem4f (.text:SEQ_LT)
                  00016690    00000018               : tcpout.oem4f (.text:SEQ_LT)
                  000166a8    00000018               : tcp.oem4f (.text:TcpTimeoutAdd)
                  000166c0    00000018     rtsv7M4_T_le_v4SPD16_eabi.lib : args_main.c.obj (.text:_args_main)
                  000166d8    00000018                                   : sprintf.c.obj (.text:_outs)
                  000166f0    00000018     projct_13.obj (.text:clockFunc)
                  00016708    00000018     rtsv7M4_T_le_v4SPD16_eabi.lib : s_copysignf.c.obj (.text:copysignf)
                  00016720    00000018     nettool_ipv4.aem4f : dhcpsock.oem4f (.text:dhcpSocketClose)
                  00016738    00000018                        : inetaddr.oem4f (.text:freeaddrinfo)
                  00016750    00000018     stk.aem4f : listlib.oem4f (.text:list_add)
                  00016768    00000018     rtsv7M4_T_le_v4SPD16_eabi.lib : strcmp.c.obj (.text:strcmp)
                  00016780    00000018     project_13_pem4f.oem4f (.text:ti_sysbios_BIOS_rtsUnlock__I)
                  00016798    00000018     project_13_pem4f.oem4f (.text:ti_sysbios_family_arm_lm4_Timer_Module__startupDone__F)
                  000167b0    00000018     project_13_pem4f.oem4f (.text:ti_sysbios_family_arm_m3_Hwi_Module__startupDone__F)
                  000167c8    00000018     sysbios.aem4f : m3_TaskSupport_asm.obj (.text:ti_sysbios_family_arm_m3_TaskSupport_swap__E)
                  000167e0    00000018                   : BIOS.obj (.text:ti_sysbios_gates_GateMutex_leave__E)
                  000167f8    00000018     ti.targets.arm.rtsarm.aem4f : Error.oem4f (.text:xdc_runtime_Error_check__E)
                  00016810    00000018                                 : System.oem4f (.text:xdc_runtime_System_exit__E)
                  00016828    00000018                                 : Text.oem4f (.text:xdc_runtime_Text_ropeText__E)
                  00016840    00000016     driverlib.lib : emac.obj (.text:EMACReset)
                  00016856    00000016                   : emac.obj (.text:EMACRxEnable)
                  0001686c    00000016                   : emac.obj (.text:EMACTxEnable)
                  00016882    00000016     http_ndk.aem4f : httpcli.oem4f (.text:HTTPCli_destruct)
                  00016898    00000016                    : httpcli.oem4f (.text:HTTPCli_readRawResponseBody)
                  000168ae    00000016     driverlib.lib : i2c.obj (.text:I2CMasterErr)
                  000168c4    00000016     stk.aem4f : file.oem4f (.text:fdint_freefdt)
                  000168da    00000016     rtsv7M4_T_le_v4SPD16_eabi.lib : strchr.c.obj (.text:strchr)
                  000168f0    00000016     project_13_pem4f.oem4f (.text:ti_sysbios_BIOS_exitFunc__I)
                  00016906    00000016     projct_13.obj (.text:ti_sysbios_knl_Task_Params_init)
                  0001691c    00000016     ti.targets.arm.rtsarm.aem4f : System.oem4f (.text:xdc_runtime_System_vsprintf__E)
                  00016932    00000014     stk.aem4f : bind.oem4f (.text:BindIPHost2IF)
                  00016946    00000002     --HOLE-- [fill = 0]
                  00016948    00000014     driverlib.lib : flash.obj (.text:FlashUserGet)
                  0001695c    00000014     http_ndk.aem4f : httpcli.oem4f (.text:HTTPCli_getResponseStatus)
                  00016970    00000014     netctrl_min_ipv4.aem4f : netctrl.oem4f (.text:NC_NetStop)
                  00016984    00000014     os.aem4f : task.oem4f (.text:NDK_hookExit)
                  00016998    00000014     stk.aem4f : nimu.oem4f (.text:NIMUSendPacket)
                  000169ac    00000014     nettool_ipv4.aem4f : ipaddr.oem4f (.text:NtRemoveNetwork)
                  000169c0    00000014     stk.aem4f : rawethsock_pcb.oem4f (.text:RawEthSockPcbInit)
                  000169d4    00000014     network_ndk.aem4f : ssock.oem4f (.text:Ssock_construct)
                  000169e8    00000014     stk.aem4f : timer.oem4f (.text:TimerFree)
                  000169fc    00000014     projct_13.obj (.text:connect)
                  00016a10    00000014     projct_13.obj (.text:socket)
                  00016a24    00000014     rtsv7M4_T_le_v4SPD16_eabi.lib : strcpy.c.obj (.text:strcpy)
                  00016a38    00000014                                   : strlen.c.obj (.text:strlen)
                  00016a4c    00000014     project_13_pem4f.oem4f (.text:ti_ndk_config_global_taskExitHook)
                  00016a60    00000014     project_13_pem4f.oem4f (.text:ti_sysbios_family_arm_m3_Hwi_Object__get__S)
                  00016a74    00000004     --HOLE-- [fill = 0]
                  00016a78    00000014     sysbios.aem4f : BIOS.obj (.text:ti_sysbios_family_arm_m3_Hwi_switchFromBootStack__E)
                  00016a8c    00000014     project_13_pem4f.oem4f (.text:ti_sysbios_heaps_HeapMem_Object__get__S)
                  00016aa0    00000014     project_13_pem4f.oem4f (.text:ti_sysbios_knl_Swi_Object__get__S)
                  00016ab4    00000014     project_13_pem4f.oem4f (.text:ti_sysbios_knl_Task_Object__first__S)
                  00016ac8    00000014     project_13_pem4f.oem4f (.text:ti_sysbios_knl_Task_Object__next__S)
                  00016adc    00000012     driverlib.lib : gpio.obj (.text:GPIOPinTypeEthernetLED)
                  00016aee    00000012                   : gpio.obj (.text:GPIOPinTypeI2C)
                  00016b00    00000012                   : gpio.obj (.text:GPIOPinTypeI2CSCL)
                  00016b12    00000012     stk.aem4f : sockprot.oem4f (.text:SockPrAttach)
                  00016b24    00000012               : sockint.oem4f (.text:SockSetOOBData)
                  00016b36    00000012     nettool_ipv4.aem4f : inetaddr.oem4f (.text:inet_addr)
                  00016b48    00000012     sysbios.aem4f : BIOS.obj (.text:ti_sysbios_hal_Hwi_Module_startup__E)
                  00016b5a    00000006     driverlib.lib : gpio.obj (.text:GPIOPinWrite)
                  00016b60    00000012     sysbios.aem4f : BIOS.obj (.text:ti_sysbios_knl_Semaphore_reset__E)
                  00016b72    00000012     rtsv7M4_T_le_v4SPD16_eabi.lib : wcslen.c.obj (.text:wcslen)
                  00016b84    00000012     project_13_pem4f.oem4f (.text:xdc_runtime_Startup_exec__I)
                  00016b96    00000002     --HOLE-- [fill = 0]
[...]
00019978  xdc_runtime_Text_nameEmpty__C                                        
0001997c  xdc_runtime_Text_nameStatic__C                                       
00019980  xdc_runtime_Text_nameUnknown__C                                      
00019984  xdc_runtime_Text_nodeTab__C                                          
00019988  xdc_runtime_Text_visitRopeFxn__C                                     
0001998c  ti_sysbios_heaps_HeapMem_Module__id__C                               
0001998e  ti_sysbios_knl_Task_Module__id__C                                    
00019990  xdc_runtime_Core_Module__id__C                                       
00019992  xdc_runtime_Error_Module__loggerDefined__C                           
00019994  xdc_runtime_Error_maxDepth__C                                        
00019996  xdc_runtime_Memory_Module__id__C                                     
00019998  xdc_runtime_SysMin_flushAtExit__C                                    
0001999a  xdc_runtime_Text_charCnt__C                                          
0001999c  xdc_runtime_Text_isLoaded__C                                         
0001999e  xdc_runtime_Text_registryModsLastId__C                               
000199a0  xdc_runtime_Text_unnamedModsLastId__C                                
000199a2  xdc_runtime_Error_policy__C                                          
000199a8  __TI_static_base__                                                   
00019e9c  __TI_Handler_Table_Base                                              
00019ea8  __TI_Handler_Table_Limit                                             
00019eb8  __TI_CINIT_Base                                                      
00019ed0  __TI_CINIT_Limit                                                     
20000000  ti_sysbios_family_arm_m3_Hwi_ramVectors                              
20000380  ti_sysbios_heaps_HeapMem_Instance_State_0_buf__A                     
20005380  ti_ndk_config_Global_pit                                             
20005428  ti_ndk_config_Global_pitBuffer                                       
20009c28  _ICMPIn                                                              
20009c74  PBMQ_free                                                            
20009c80  ti_ndk_config_Global_pBufMem                                         
2000d880  ti_ndk_config_Global_pHdrMem                                         
2000db78  ti_sysbios_knl_Task_Instance_State_0_stack__A                        
2000e378  ti_sysbios_knl_Task_Instance_State_1_stack__A                        
2000e5f8  ti_sysbios_knl_Task_Instance_State_2_stack__A                        
2000ebf8  ti_sysbios_knl_Task_Instance_State_3_stack__A                        
2000edf8  printString                                                          
2000f1f8  ti_sysbios_family_arm_m3_Hwi_dispatchTable                           
2000f558  __CIOBUF_                                                            
2000f778  i2cTivaObjects                                                       
2000f878  tcps                                                                 
2000fb94  xdc_runtime_SysMin_Module_State_0_outbuf__A                          
2000fc14  ips                                                                  
2000fc7c  nimu_mcb                                                             
2000fce0  _ICMPOut                                                             
2000fd6c  vlan_mcb                                                             
2000fdb8  udps                                                                 
2000fddc  rxBuffer                                                             
2000fdfc  BlockCount                                                           
2000fe18  BlockMax                                                             
2000fe34  PageCount                                                            
2000fe50  PageMax                                                              
2000fe6c  i2cTransaction                                                       
2000fe88  stkEvent                                                             
2000feb4  tempstr                                                              
2000fec8  tempstr2                                                             
2000fedc  tempstr3                                                             
2000fef0  tempstr_http                                                         
2000ff04  i2cParams                                                            
2000ff24  raweths                                                              
2000ff34  raws                                                                 
2000ff44  tpseudo                                                              
2000ff50  upseudo                                                              
2000ff64  emacObjects                                                          
2000ff6c  parmbuf                                                              
2000ff74  B3                                                                   
2000ff78  B4                                                                   
2000ff7c  B5t                                                                  
2000ff80  B6                                                                   
2000ff84  B7                                                                   
2000ffac  UP                                                                   
2000ffb0  UT                                                                   
2000ffb4  X1p                                                                  
2000ffb8  X1t                                                                  
2000ffbc  X2p                                                                  
2000ffc0  X2t                                                                  
2000ffc4  X3p                                                                  
2000ffc8  _IGMPInDiscard                                                       
2000ffcc  _IGMPInQuery                                                         
2000ffd0  _IGMPInQueryGroup                                                    
2000ffd4  _IGMPInResponse                                                      
2000ffd8  _IGMPOutResponse                                                     
2000ffdc  g_ulStatus                                                           
2000fff0  i2c                                                                  
2000fff4  raweth_pcb                                                           
2000fff8  ti_sysbios_knl_Task_Instance_State_0_hookEnv__A                      
2000fffc  ti_sysbios_knl_Task_Instance_State_1_hookEnv__A                      
20010000  ti_sysbios_knl_Task_Instance_State_2_hookEnv__A                      
20010004  ti_sysbios_knl_Task_Instance_State_3_hookEnv__A                      
20010008  txBuffer                                                             
2001000c  AC1                                                                  
2001000e  AC2                                                                  
20010010  AC3                                                                  
20010012  AC4                                                                  
20010014  AC5                                                                  
20010016  AC6                                                                  
20010018  B1                                                                   
2001001a  B2                                                                   
2001001c  MB                                                                   
2001001e  MC                                                                   
20010020  MD                                                                   
20010024  ti_sysbios_knl_Task_Object__table__V                                 
20010154  HTTPStd_VER                                                          
20010158  HTTPStd_GET                                                          
2001015c  HTTPStd_POST                                                         
20010160  HTTPStd_HEAD                                                         
20010164  HTTPStd_OPTIONS                                                      
20010168  HTTPStd_PUT                                                          
2001016c  HTTPStd_DELETE                                                       
20010170  HTTPStd_CONNECT                                                      
20010174  HTTPStd_PATCH                                                        
20010178  HTTPStd_CONTENT_TYPE_APPLET                                          
2001017c  HTTPStd_CONTENT_TYPE_AU                                              
20010180  HTTPStd_CONTENT_TYPE_CSS                                             
20010184  HTTPStd_CONTENT_TYPE_DOC                                             
20010188  HTTPStd_CONTENT_TYPE_GIF                                             
2001018c  HTTPStd_CONTENT_TYPE_HTML                                            
20010190  HTTPStd_CONTENT_TYPE_JPG                                             
20010194  HTTPStd_CONTENT_TYPE_MPEG                                            
20010198  HTTPStd_CONTENT_TYPE_PDF                                             
2001019c  HTTPStd_CONTENT_TYPE_WAV                                             
200101a0  HTTPStd_CONTENT_TYPE_ZIP                                             
200101a4  HTTPStd_CONTENT_TYPE_PLAIN                                           
200101a8  HTTPStd_FIELD_NAME_ACCEPT                                            
200101ac  HTTPStd_FIELD_NAME_ACCEPT_CHARSET                                    
200101b0  HTTPStd_FIELD_NAME_ACCEPT_ENCODING                                   
200101b4  HTTPStd_FIELD_NAME_ACCEPT_LANGUAGE                                   
200101b8  HTTPStd_FIELD_NAME_ACCEPT_RANGES                                     
200101bc  HTTPStd_FIELD_NAME_AGE                                               
200101c0  HTTPStd_FIELD_NAME_ALLOW                                             
200101c4  HTTPStd_FIELD_NAME_AUTHORIZATION                                     
200101c8  HTTPStd_FIELD_NAME_CACHE_CONTROL                                     
200101cc  HTTPStd_FIELD_NAME_CONNECTION                                        
200101d0  HTTPStd_FIELD_NAME_CONTENT_ENCODING                                  
200101d4  HTTPStd_FIELD_NAME_CONTENT_LANGUAGE                                  
200101d8  HTTPStd_FIELD_NAME_CONTENT_LENGTH                                    
200101dc  HTTPStd_FIELD_NAME_CONTENT_LOCATION                                  
200101e0  HTTPStd_FIELD_NAME_CONTENT_MD5                                       
200101e4  HTTPStd_FIELD_NAME_CONTENT_RANGE                                     
200101e8  HTTPStd_FIELD_NAME_CONTENT_TYPE                                      
200101ec  HTTPStd_FIELD_NAME_COOKIE                                            
200101f0  HTTPStd_FIELD_NAME_DATE                                              
200101f4  HTTPStd_FIELD_NAME_ETAG                                              
200101f8  HTTPStd_FIELD_NAME_EXPECT                                            
200101fc  HTTPStd_FIELD_NAME_EXPIRES                                           
20010200  HTTPStd_FIELD_NAME_FROM                                              
20010204  HTTPStd_FIELD_NAME_HOST                                              
20010208  HTTPStd_FIELD_NAME_IF_MATCH                                          
2001020c  HTTPStd_FIELD_NAME_IF_MODIFIED_SINCE                                 
20010210  HTTPStd_FIELD_NAME_IF_NONE_MATCH                                     
20010214  HTTPStd_FIELD_NAME_IF_RANGE                                          
20010218  HTTPStd_FIELD_NAME_IF_UNMODIFIED_SINCE                               
2001021c  HTTPStd_FIELD_NAME_LAST_MODIFIED                                     
20010220  HTTPStd_FIELD_NAME_LOCATION                                          
20010224  HTTPStd_FIELD_NAME_MAX_FORWARDS                                      
20010228  HTTPStd_FIELD_NAME_ORIGIN                                            
2001022c  HTTPStd_FIELD_NAME_PRAGMA                                            
20010230  HTTPStd_FIELD_NAME_PROXY_AUTHENTICATE                                
20010234  HTTPStd_FIELD_NAME_PROXY_AUTHORIZATION                               
20010238  HTTPStd_FIELD_NAME_RANGE                                             
2001023c  HTTPStd_FIELD_NAME_REFERER                                           
20010240  HTTPStd_FIELD_NAME_RETRY_AFTER                                       
20010244  HTTPStd_FIELD_NAME_SERVER                                            
20010248  HTTPStd_FIELD_NAME_TE                                                
2001024c  HTTPStd_FIELD_NAME_TRAILER                                           
20010250  HTTPStd_FIELD_NAME_TRANSFER_ENCODING                                 
20010254  HTTPStd_FIELD_NAME_UPGRADE                                           
20010258  HTTPStd_FIELD_NAME_USER_AGENT                                        
2001025c  HTTPStd_FIELD_NAME_VARY                                              
20010260  HTTPStd_FIELD_NAME_VIA                                               
20010264  HTTPStd_FIELD_NAME_WWW_AUTHENTICATE                                  
20010268  HTTPStd_FIELD_NAME_WARNING                                           
2001026c  HTTPStd_FIELD_NAME_X_FORWARDED_FOR                                   
20010270  _ipcfg                                                               
20010324  ti_sysbios_knl_Swi_Module_State_0_readyQ__A                          
200103a4  ti_sysbios_knl_Task_Module_State_0_readyQ__A                         
20010424  ti_sysbios_knl_Semaphore_Object__table__V                            
200104d8  ti_sysbios_knl_Task_Module__state__V                                 
2001059c  ti_sysbios_family_arm_lm4_Timer_Module_State_0_device__A             
200105dc  ti_sysbios_family_arm_lm4_Timer_Object__table__V                     
2001061c  ti_sysbios_gates_GateMutex_Object__table__V                          
20010688  ti_sysbios_family_arm_m3_Hwi_Module__state__V                        
200106bc  enablePrefetch                                                       
200106c0  phyCounter                                                           
200106ee  ti_sysbios_family_arm_m3_Hwi_Module_State_0_excActive__A             
20010720  ti_sysbios_knl_Swi_Object__table__V                                  
20010750  ti_sysbios_knl_Clock_Module__state__V                                
2001077c  pstrMsgName                                                          
200107a4  _oscfg                                                               
200107c8  PITCount                                                             
200107cc  PITUsed                                                              
200107d0  PITHigh                                                              
200107ec  ti_sysbios_BIOS_Module__state__V                                     
20010810  ti_sysbios_family_arm_lm4_Timer_Module_State_0_handles__A            
20010830  ti_sysbios_knl_Clock_Object__table__V                                
2001086c  ti_ndk_config_Global_Id2Size                                         
20010888  ti_sysbios_knl_Swi_Module__state__V                                  
200108ec  ti_sysbios_family_arm_m3_Hwi_Object__table__V                        
20010904  ti_sysbios_heaps_HeapMem_Object__table__V                            
20010958  gpioPinConfigs                                                       
20010980  _IGMPForceVersion1                                                   
20010988  ti_sysbios_family_arm_lm4_Timer_Module__state__V                     
20010994  xdc_runtime_SysMin_Module__state__V                                  
200109ac  _lock                                                                
200109b0  _unlock                                                              
200109b4  NIMUDeviceTable                                                      
200109bc  gpioCallbackFunctions                                                
200109cc  ti_ndk_config_Global_HostName                                        
200109d0  __xdc__init__addr                                                    
200109dc  _ICMPInErrors                                                        
200109e0  _ICMPOutErrors                                                       
200109e4  _IPExecuting                                                         
200109fc  tcp_iss                                                              
20010a00  ptTimeFirst                                                          
20010a0c  ti_sysbios_family_arm_m3_Hwi_Module__root__V                         
20010a14  ti_sysbios_gates_GateHwi_Module__root__V                             
20010a1c  ti_sysbios_gates_GateMutex_Module__root__V                           
20010a24  ti_sysbios_heaps_HeapMem_Module__root__V                             
20010a2c  ti_sysbios_knl_Clock_Module__root__V                                 
20010a34  ti_sysbios_knl_Queue_Module__root__V                                 
20010a3c  ti_sysbios_knl_Semaphore_Module__root__V                             
20010a44  ti_sysbios_knl_Swi_Module__root__V                                   
20010a4c  ti_sysbios_knl_Task_Module__root__V                                  
20010a54  xdc_runtime_Registry_Module__state__V                                
20010a5c  xdc_runtime_Startup_Module__state__V                                 
20010a64  xdc_runtime_System_Module_State_0_atexitHandlers__A                  
20010a6c  xdc_runtime_System_Module__state__V                                  
20010a74  macAddress                                                           
20010a86  xdc_runtime_Error_Module__state__V                                   
20010a98  errno                                                                
20010a9c  main_func_sp                                                         
20010aa4  _IPReasmPtr                                                          
20010ab4  ti_sysbios_family_arm_m3_Hwi_Module_State_0_excContext__A            
20010ab8  ti_sysbios_family_arm_m3_Hwi_Module_State_0_excStack__A              
20010abc  ti_sysbios_gates_GateHwi_Object__table__V                            
20010ac0  ti_sysbios_knl_Task_Module_State_0_idleTask__A                       
20010ac4  xdc_runtime_Memory_Module__state__V                                  
20010ac8  __stack                                                              
200112c8  __STACK_END                                                          
e000e000  ti_sysbios_family_arm_m3_Hwi_nvic                                    
ffffffff  __TI_pprof_out_hndl                                                  
ffffffff  __TI_prof_data_size                                                  
ffffffff  __TI_prof_data_start                                                 
ffffffff  __binit__                                                            
ffffffff  __c_args__                                                           
ffffffff  binit                                                                
UNDEFED   SHT$$INIT_ARRAY$$Base                                                
UNDEFED   SHT$$INIT_ARRAY$$Limit                                               

[1207 symbols]
